Component: Arm Compiler for Embedded 6.19 Tool: armlink [5e73cb00]

==============================================================================

Section Cross References

    core_cm3.o(.ARM.exidx.text.__get_PSP) refers to core_cm3.o(.text.__get_PSP) for [Anonymous Symbol]
    core_cm3.o(.ARM.exidx.text.__set_PSP) refers to core_cm3.o(.text.__set_PSP) for [Anonymous Symbol]
    core_cm3.o(.ARM.exidx.text.__get_MSP) refers to core_cm3.o(.text.__get_MSP) for [Anonymous Symbol]
    core_cm3.o(.ARM.exidx.text.__set_MSP) refers to core_cm3.o(.text.__set_MSP) for [Anonymous Symbol]
    core_cm3.o(.ARM.exidx.text.__get_BASEPRI) refers to core_cm3.o(.text.__get_BASEPRI) for [Anonymous Symbol]
    core_cm3.o(.ARM.exidx.text.__set_BASEPRI) refers to core_cm3.o(.text.__set_BASEPRI) for [Anonymous Symbol]
    core_cm3.o(.ARM.exidx.text.__get_PRIMASK) refers to core_cm3.o(.text.__get_PRIMASK) for [Anonymous Symbol]
    core_cm3.o(.ARM.exidx.text.__set_PRIMASK) refers to core_cm3.o(.text.__set_PRIMASK) for [Anonymous Symbol]
    core_cm3.o(.ARM.exidx.text.__get_FAULTMASK) refers to core_cm3.o(.text.__get_FAULTMASK) for [Anonymous Symbol]
    core_cm3.o(.ARM.exidx.text.__set_FAULTMASK) refers to core_cm3.o(.text.__set_FAULTMASK) for [Anonymous Symbol]
    core_cm3.o(.ARM.exidx.text.__get_CONTROL) refers to core_cm3.o(.text.__get_CONTROL) for [Anonymous Symbol]
    core_cm3.o(.ARM.exidx.text.__set_CONTROL) refers to core_cm3.o(.text.__set_CONTROL) for [Anonymous Symbol]
    core_cm3.o(.ARM.exidx.text.__REV) refers to core_cm3.o(.text.__REV) for [Anonymous Symbol]
    core_cm3.o(.ARM.exidx.text.__REV16) refers to core_cm3.o(.text.__REV16) for [Anonymous Symbol]
    core_cm3.o(.ARM.exidx.text.__REVSH) refers to core_cm3.o(.text.__REVSH) for [Anonymous Symbol]
    core_cm3.o(.ARM.exidx.text.__RBIT) refers to core_cm3.o(.text.__RBIT) for [Anonymous Symbol]
    core_cm3.o(.ARM.exidx.text.__LDREXB) refers to core_cm3.o(.text.__LDREXB) for [Anonymous Symbol]
    core_cm3.o(.ARM.exidx.text.__LDREXH) refers to core_cm3.o(.text.__LDREXH) for [Anonymous Symbol]
    core_cm3.o(.ARM.exidx.text.__LDREXW) refers to core_cm3.o(.text.__LDREXW) for [Anonymous Symbol]
    core_cm3.o(.ARM.exidx.text.__STREXB) refers to core_cm3.o(.text.__STREXB) for [Anonymous Symbol]
    core_cm3.o(.ARM.exidx.text.__STREXH) refers to core_cm3.o(.text.__STREXH) for [Anonymous Symbol]
    core_cm3.o(.ARM.exidx.text.__STREXW) refers to core_cm3.o(.text.__STREXW) for [Anonymous Symbol]
    stm32f10x_it.o(.ARM.exidx.text.NMI_Handler) refers to stm32f10x_it.o(.text.NMI_Handler) for [Anonymous Symbol]
    stm32f10x_it.o(.ARM.exidx.text.HardFault_Handler) refers to stm32f10x_it.o(.text.HardFault_Handler) for [Anonymous Symbol]
    stm32f10x_it.o(.ARM.exidx.text.MemManage_Handler) refers to stm32f10x_it.o(.text.MemManage_Handler) for [Anonymous Symbol]
    stm32f10x_it.o(.ARM.exidx.text.BusFault_Handler) refers to stm32f10x_it.o(.text.BusFault_Handler) for [Anonymous Symbol]
    stm32f10x_it.o(.ARM.exidx.text.UsageFault_Handler) refers to stm32f10x_it.o(.text.UsageFault_Handler) for [Anonymous Symbol]
    stm32f10x_it.o(.ARM.exidx.text.SVC_Handler) refers to stm32f10x_it.o(.text.SVC_Handler) for [Anonymous Symbol]
    stm32f10x_it.o(.ARM.exidx.text.DebugMon_Handler) refers to stm32f10x_it.o(.text.DebugMon_Handler) for [Anonymous Symbol]
    stm32f10x_it.o(.ARM.exidx.text.PendSV_Handler) refers to stm32f10x_it.o(.text.PendSV_Handler) for [Anonymous Symbol]
    system_stm32f10x.o(.ARM.exidx.text.SystemInit) refers to system_stm32f10x.o(.text.SystemInit) for [Anonymous Symbol]
    system_stm32f10x.o(.text.SystemCoreClockUpdate) refers to system_stm32f10x.o(.data.SystemCoreClock) for SystemCoreClock
    system_stm32f10x.o(.text.SystemCoreClockUpdate) refers to system_stm32f10x.o(.rodata.AHBPrescTable) for AHBPrescTable
    system_stm32f10x.o(.ARM.exidx.text.SystemCoreClockUpdate) refers to system_stm32f10x.o(.text.SystemCoreClockUpdate) for [Anonymous Symbol]
    startup_stm32f10x_md.o(STACK) refers (Special) to heapauxi.o(.text) for __use_two_region_memory
    startup_stm32f10x_md.o(HEAP) refers (Special) to heapauxi.o(.text) for __use_two_region_memory
    startup_stm32f10x_md.o(RESET) refers (Special) to heapauxi.o(.text) for __use_two_region_memory
    startup_stm32f10x_md.o(RESET) refers to startup_stm32f10x_md.o(STACK) for __initial_sp
    startup_stm32f10x_md.o(RESET) refers to startup_stm32f10x_md.o(.text) for Reset_Handler
    startup_stm32f10x_md.o(RESET) refers to stm32f10x_it.o(.text.NMI_Handler) for NMI_Handler
    startup_stm32f10x_md.o(RESET) refers to stm32f10x_it.o(.text.HardFault_Handler) for HardFault_Handler
    startup_stm32f10x_md.o(RESET) refers to stm32f10x_it.o(.text.MemManage_Handler) for MemManage_Handler
    startup_stm32f10x_md.o(RESET) refers to stm32f10x_it.o(.text.BusFault_Handler) for BusFault_Handler
    startup_stm32f10x_md.o(RESET) refers to stm32f10x_it.o(.text.UsageFault_Handler) for UsageFault_Handler
[...]
    Removing stm32f10x_tim.o(.text.TIM_OC1FastConfig), (12 bytes).
    Removing stm32f10x_tim.o(.ARM.exidx.text.TIM_OC1FastConfig), (8 bytes).
    Removing stm32f10x_tim.o(.text.TIM_OC2FastConfig), (14 bytes).
    Removing stm32f10x_tim.o(.ARM.exidx.text.TIM_OC2FastConfig), (8 bytes).
    Removing stm32f10x_tim.o(.text.TIM_OC3FastConfig), (12 bytes).
    Removing stm32f10x_tim.o(.ARM.exidx.text.TIM_OC3FastConfig), (8 bytes).
    Removing stm32f10x_tim.o(.text.TIM_OC4FastConfig), (14 bytes).
    Removing stm32f10x_tim.o(.ARM.exidx.text.TIM_OC4FastConfig), (8 bytes).
    Removing stm32f10x_tim.o(.text.TIM_ClearOC1Ref), (12 bytes).
    Removing stm32f10x_tim.o(.ARM.exidx.text.TIM_ClearOC1Ref), (8 bytes).
    Removing stm32f10x_tim.o(.text.TIM_ClearOC2Ref), (14 bytes).
    Removing stm32f10x_tim.o(.ARM.exidx.text.TIM_ClearOC2Ref), (8 bytes).
    Removing stm32f10x_tim.o(.text.TIM_ClearOC3Ref), (12 bytes).
    Removing stm32f10x_tim.o(.ARM.exidx.text.TIM_ClearOC3Ref), (8 bytes).
    Removing stm32f10x_tim.o(.text.TIM_ClearOC4Ref), (14 bytes).
    Removing stm32f10x_tim.o(.ARM.exidx.text.TIM_ClearOC4Ref), (8 bytes).
    Removing stm32f10x_tim.o(.text.TIM_OC1PolarityConfig), (12 bytes).
    Removing stm32f10x_tim.o(.ARM.exidx.text.TIM_OC1PolarityConfig), (8 bytes).
    Removing stm32f10x_tim.o(.text.TIM_OC1NPolarityConfig), (12 bytes).
    Removing stm32f10x_tim.o(.ARM.exidx.text.TIM_OC1NPolarityConfig), (8 bytes).
    Removing stm32f10x_tim.o(.text.TIM_OC2PolarityConfig), (14 bytes).
    Removing stm32f10x_tim.o(.ARM.exidx.text.TIM_OC2PolarityConfig), (8 bytes).
    Removing stm32f10x_tim.o(.text.TIM_OC2NPolarityConfig), (14 bytes).
    Removing stm32f10x_tim.o(.ARM.exidx.text.TIM_OC2NPolarityConfig), (8 bytes).
    Removing stm32f10x_tim.o(.text.TIM_OC3PolarityConfig), (14 bytes).
    Removing stm32f10x_tim.o(.ARM.exidx.text.TIM_OC3PolarityConfig), (8 bytes).
    Removing stm32f10x_tim.o(.text.TIM_OC3NPolarityConfig), (14 bytes).
    Removing stm32f10x_tim.o(.ARM.exidx.text.TIM_OC3NPolarityConfig), (8 bytes).
    Removing stm32f10x_tim.o(.text.TIM_OC4PolarityConfig), (14 bytes).
    Removing stm32f10x_tim.o(.ARM.exidx.text.TIM_OC4PolarityConfig), (8 bytes).
    Removing stm32f10x_tim.o(.text.TIM_CCxCmd), (32 bytes).
    Removing stm32f10x_tim.o(.ARM.exidx.text.TIM_CCxCmd), (8 bytes).
    Removing stm32f10x_tim.o(.text.TIM_CCxNCmd), (32 bytes).
    Removing stm32f10x_tim.o(.ARM.exidx.text.TIM_CCxNCmd), (8 bytes).
    Removing stm32f10x_tim.o(.text.TIM_SelectOCxM), (82 bytes).
    Removing stm32f10x_tim.o(.ARM.exidx.text.TIM_SelectOCxM), (8 bytes).
    Removing stm32f10x_tim.o(.text.TIM_UpdateDisableConfig), (20 bytes).
    Removing stm32f10x_tim.o(.ARM.exidx.text.TIM_UpdateDisableConfig), (8 bytes).
    Removing stm32f10x_tim.o(.text.TIM_UpdateRequestConfig), (20 bytes).
    Removing stm32f10x_tim.o(.ARM.exidx.text.TIM_UpdateRequestConfig), (8 bytes).
    Removing stm32f10x_tim.o(.text.TIM_SelectHallSensor), (20 bytes).
    Removing stm32f10x_tim.o(.ARM.exidx.text.TIM_SelectHallSensor), (8 bytes).
    Removing stm32f10x_tim.o(.text.TIM_SelectOnePulseMode), (16 bytes).
    Removing stm32f10x_tim.o(.ARM.exidx.text.TIM_SelectOnePulseMode), (8 bytes).
    Removing stm32f10x_tim.o(.text.TIM_SelectOutputTrigger), (16 bytes).
    Removing stm32f10x_tim.o(.ARM.exidx.text.TIM_SelectOutputTrigger), (8 bytes).
    Removing stm32f10x_tim.o(.text.TIM_SelectSlaveMode), (16 bytes).
    Removing stm32f10x_tim.o(.ARM.exidx.text.TIM_SelectSlaveMode), (8 bytes).
    Removing stm32f10x_tim.o(.text.TIM_SelectMasterSlaveMode), (16 bytes).
    Removing stm32f10x_tim.o(.ARM.exidx.text.TIM_SelectMasterSlaveMode), (8 bytes).
    Removing stm32f10x_tim.o(.text.TIM_SetCounter), (4 bytes).
    Removing stm32f10x_tim.o(.ARM.exidx.text.TIM_SetCounter), (8 bytes).
    Removing stm32f10x_tim.o(.text.TIM_SetAutoreload), (4 bytes).
    Removing stm32f10x_tim.o(.ARM.exidx.text.TIM_SetAutoreload), (8 bytes).
    Removing stm32f10x_tim.o(.text.TIM_SetCompare1), (4 bytes).
    Removing stm32f10x_tim.o(.ARM.exidx.text.TIM_SetCompare1), (8 bytes).
    Removing stm32f10x_tim.o(.text.TIM_SetCompare2), (4 bytes).
    Removing stm32f10x_tim.o(.ARM.exidx.text.TIM_SetCompare2), (8 bytes).
    Removing stm32f10x_tim.o(.text.TIM_SetCompare3), (4 bytes).
    Removing stm32f10x_tim.o(.ARM.exidx.text.TIM_SetCompare3), (8 bytes).
    Removing stm32f10x_tim.o(.text.TIM_SetCompare4), (6 bytes).
    Removing stm32f10x_tim.o(.ARM.exidx.text.TIM_SetCompare4), (8 bytes).
    Removing stm32f10x_tim.o(.text.TIM_SetClockDivision), (16 bytes).
    Removing stm32f10x_tim.o(.ARM.exidx.text.TIM_SetClockDivision), (8 bytes).
    Removing stm32f10x_tim.o(.text.TIM_GetCapture1), (4 bytes).
    Removing stm32f10x_tim.o(.ARM.exidx.text.TIM_GetCapture1), (8 bytes).
    Removing stm32f10x_tim.o(.text.TIM_GetCapture2), (4 bytes).
    Removing stm32f10x_tim.o(.ARM.exidx.text.TIM_GetCapture2), (8 bytes).
    Removing stm32f10x_tim.o(.text.TIM_GetCapture3), (4 bytes).
    Removing stm32f10x_tim.o(.ARM.exidx.text.TIM_GetCapture3), (8 bytes).
    Removing stm32f10x_tim.o(.text.TIM_GetCapture4), (6 bytes).
    Removing stm32f10x_tim.o(.ARM.exidx.text.TIM_GetCapture4), (8 bytes).
    Removing stm32f10x_tim.o(.text.TIM_GetCounter), (4 bytes).
    Removing stm32f10x_tim.o(.ARM.exidx.text.TIM_GetCounter), (8 bytes).
    Removing stm32f10x_tim.o(.text.TIM_GetPrescaler), (4 bytes).
    Removing stm32f10x_tim.o(.ARM.exidx.text.TIM_GetPrescaler), (8 bytes).
    Removing stm32f10x_tim.o(.text.TIM_GetFlagStatus), (10 bytes).
    Removing stm32f10x_tim.o(.ARM.exidx.text.TIM_GetFlagStatus), (8 bytes).
    Removing stm32f10x_tim.o(.text.TIM_ClearFlag), (6 bytes).
    Removing stm32f10x_tim.o(.ARM.exidx.text.TIM_ClearFlag), (8 bytes).
    Removing stm32f10x_tim.o(.text.TIM_GetITStatus), (24 bytes).
    Removing stm32f10x_tim.o(.ARM.exidx.text.TIM_GetITStatus), (8 bytes).
    Removing stm32f10x_tim.o(.text.TIM_ClearITPendingBit), (6 bytes).
    Removing stm32f10x_tim.o(.ARM.exidx.text.TIM_ClearITPendingBit), (8 bytes).
    Removing stm32f10x_usart.o(.text), (0 bytes).
    Removing stm32f10x_usart.o(.text.USART_DeInit), (174 bytes).
    Removing stm32f10x_usart.o(.ARM.exidx.text.USART_DeInit), (8 bytes).
    Removing stm32f10x_usart.o(.text.USART_Init), (182 bytes).
    Removing stm32f10x_usart.o(.ARM.exidx.text.USART_Init), (8 bytes).
    Removing stm32f10x_usart.o(.text.USART_StructInit), (18 bytes).
    Removing stm32f10x_usart.o(.ARM.exidx.text.USART_StructInit), (8 bytes).
    Removing stm32f10x_usart.o(.text.USART_ClockInit), (34 bytes).
    Removing stm32f10x_usart.o(.ARM.exidx.text.USART_ClockInit), (8 bytes).
    Removing stm32f10x_usart.o(.text.USART_ClockStructInit), (8 bytes).
    Removing stm32f10x_usart.o(.ARM.exidx.text.USART_ClockStructInit), (8 bytes).
    Removing stm32f10x_usart.o(.text.USART_Cmd), (20 bytes).
    Removing stm32f10x_usart.o(.ARM.exidx.text.USART_Cmd), (8 bytes).
    Removing stm32f10x_usart.o(.text.USART_ITConfig), (46 bytes).
    Removing stm32f10x_usart.o(.ARM.exidx.text.USART_ITConfig), (8 bytes).
    Removing stm32f10x_usart.o(.text.USART_DMACmd), (16 bytes).
    Removing stm32f10x_usart.o(.ARM.exidx.text.USART_DMACmd), (8 bytes).
    Removing stm32f10x_usart.o(.text.USART_SetAddress), (16 bytes).
    Removing stm32f10x_usart.o(.ARM.exidx.text.USART_SetAddress), (8 bytes).
    Removing stm32f10x_usart.o(.text.USART_WakeUpConfig), (16 bytes).
    Removing stm32f10x_usart.o(.ARM.exidx.text.USART_WakeUpConfig), (8 bytes).
    Removing stm32f10x_usart.o(.text.USART_ReceiverWakeUpCmd), (20 bytes).
    Removing stm32f10x_usart.o(.ARM.exidx.text.USART_ReceiverWakeUpCmd), (8 bytes).
    Removing stm32f10x_usart.o(.text.USART_LINBreakDetectLengthConfig), (16 bytes).
    Removing stm32f10x_usart.o(.ARM.exidx.text.USART_LINBreakDetectLengthConfig), (8 bytes).
    Removing stm32f10x_usart.o(.text.USART_LINCmd), (20 bytes).
    Removing stm32f10x_usart.o(.ARM.exidx.text.USART_LINCmd), (8 bytes).
    Removing stm32f10x_usart.o(.text.USART_SendData), (8 bytes).
    Removing stm32f10x_usart.o(.ARM.exidx.text.USART_SendData), (8 bytes).
    Removing stm32f10x_usart.o(.text.USART_ReceiveData), (8 bytes).
    Removing stm32f10x_usart.o(.ARM.exidx.text.USART_ReceiveData), (8 bytes).
    Removing stm32f10x_usart.o(.text.USART_SendBreak), (10 bytes).
    Removing stm32f10x_usart.o(.ARM.exidx.text.USART_SendBreak), (8 bytes).
    Removing stm32f10x_usart.o(.text.USART_SetGuardTime), (16 bytes).
    Removing stm32f10x_usart.o(.ARM.exidx.text.USART_SetGuardTime), (8 bytes).
    Removing stm32f10x_usart.o(.text.USART_SetPrescaler), (16 bytes).
    Removing stm32f10x_usart.o(.ARM.exidx.text.USART_SetPrescaler), (8 bytes).
    Removing stm32f10x_usart.o(.text.USART_SmartCardCmd), (20 bytes).
    Removing stm32f10x_usart.o(.ARM.exidx.text.USART_SmartCardCmd), (8 bytes).
    Removing stm32f10x_usart.o(.text.USART_SmartCardNACKCmd), (20 bytes).
    Removing stm32f10x_usart.o(.ARM.exidx.text.USART_SmartCardNACKCmd), (8 bytes).
    Removing stm32f10x_usart.o(.text.USART_HalfDuplexCmd), (20 bytes).
    Removing stm32f10x_usart.o(.ARM.exidx.text.USART_HalfDuplexCmd), (8 bytes).
    Removing stm32f10x_usart.o(.text.USART_OverSampling8Cmd), (20 bytes).
    Removing stm32f10x_usart.o(.ARM.exidx.text.USART_OverSampling8Cmd), (8 bytes).
    Removing stm32f10x_usart.o(.text.USART_OneBitMethodCmd), (20 bytes).
    Removing stm32f10x_usart.o(.ARM.exidx.text.USART_OneBitMethodCmd), (8 bytes).
    Removing stm32f10x_usart.o(.text.USART_IrDAConfig), (16 bytes).
    Removing stm32f10x_usart.o(.ARM.exidx.text.USART_IrDAConfig), (8 bytes).
    Removing stm32f10x_usart.o(.text.USART_IrDACmd), (20 bytes).
    Removing stm32f10x_usart.o(.ARM.exidx.text.USART_IrDACmd), (8 bytes).
    Removing stm32f10x_usart.o(.text.USART_GetFlagStatus), (10 bytes).
    Removing stm32f10x_usart.o(.ARM.exidx.text.USART_GetFlagStatus), (8 bytes).
    Removing stm32f10x_usart.o(.text.USART_ClearFlag), (6 bytes).
    Removing stm32f10x_usart.o(.ARM.exidx.text.USART_ClearFlag), (8 bytes).
    Removing stm32f10x_usart.o(.text.USART_GetITStatus), (48 bytes).
    Removing stm32f10x_usart.o(.ARM.exidx.text.USART_GetITStatus), (8 bytes).
    Removing stm32f10x_usart.o(.text.USART_ClearITPendingBit), (14 bytes).
    Removing stm32f10x_usart.o(.ARM.exidx.text.USART_ClearITPendingBit), (8 bytes).
    Removing stm32f10x_wwdg.o(.text), (0 bytes).
    Removing stm32f10x_wwdg.o(.text.WWDG_DeInit), (26 bytes).
    Removing stm32f10x_wwdg.o(.ARM.exidx.text.WWDG_DeInit), (8 bytes).
    Removing stm32f10x_wwdg.o(.text.WWDG_SetPrescaler), (20 bytes).
    Removing stm32f10x_wwdg.o(.ARM.exidx.text.WWDG_SetPrescaler), (8 bytes).
    Removing stm32f10x_wwdg.o(.text.WWDG_SetWindowValue), (40 bytes).
    Removing stm32f10x_wwdg.o(.ARM.exidx.text.WWDG_SetWindowValue), (8 bytes).
    Removing stm32f10x_wwdg.o(.text.WWDG_EnableIT), (14 bytes).
    Removing stm32f10x_wwdg.o(.ARM.exidx.text.WWDG_EnableIT), (8 bytes).
    Removing stm32f10x_wwdg.o(.text.WWDG_SetCounter), (16 bytes).
    Removing stm32f10x_wwdg.o(.ARM.exidx.text.WWDG_SetCounter), (8 bytes).
    Removing stm32f10x_wwdg.o(.text.WWDG_Enable), (16 bytes).
    Removing stm32f10x_wwdg.o(.ARM.exidx.text.WWDG_Enable), (8 bytes).
    Removing stm32f10x_wwdg.o(.text.WWDG_GetFlagStatus), (14 bytes).
    Removing stm32f10x_wwdg.o(.ARM.exidx.text.WWDG_GetFlagStatus), (8 bytes).
    Removing stm32f10x_wwdg.o(.text.WWDG_ClearFlag), (14 bytes).
    Removing stm32f10x_wwdg.o(.ARM.exidx.text.WWDG_ClearFlag), (8 bytes).
    Removing adc_dma_config.o(.text), (0 bytes).
    Removing adc_dma_config.o(.ARM.exidx.text.ADC1_GPIO_Config), (8 bytes).
    Removing adc_dma_config.o(.ARM.exidx.text.ADC1_Mode_Config), (8 bytes).
    Removing adc_dma_config.o(.ARM.exidx.text.ADC1_DMA_Get_value), (8 bytes).
    Removing tim.o(.text), (0 bytes).
    Removing tim.o(.text.TIM3_Config), (64 bytes).
    Removing tim.o(.ARM.exidx.text.TIM3_Config), (8 bytes).
    Removing spi.o(.text), (0 bytes).
    Removing spi.o(.ARM.exidx.text.SPI_Config), (8 bytes).
    Removing spi.o(.ARM.exidx.text.SPI_RW), (8 bytes).
    Removing iic_software.o(.text), (0 bytes).
    Removing iic_software.o(.ARM.exidx.text.IIC_Init), (8 bytes).
    Removing iic_software.o(.ARM.exidx.text.IIC_Write_Bytes), (8 bytes).
    Removing iic_software.o(.ARM.exidx.text.I2c_WaitAck), (8 bytes).
    Removing iic_software.o(.ARM.exidx.text.IIC_Read_One_Byte), (8 bytes).
    Removing iic_software.o(.ARM.exidx.text.IIC_Write_One_Byte), (8 bytes).
    Removing iic_software.o(.ARM.exidx.text.IIC_read_Bytes), (8 bytes).
    Removing usart.o(.text), (0 bytes).
    Removing usart.o(.text.USART1_Config), (170 bytes).
    Removing usart.o(.ARM.exidx.text.USART1_Config), (8 bytes).
    Removing usart.o(.text.USART1_SendByte), (46 bytes).
    Removing usart.o(.ARM.exidx.text.USART1_SendByte), (8 bytes).
    Removing usart.o(.ARM.exidx.text.USART1_IRQHandler), (8 bytes).
    Removing usart.o(.data.test_usart1), (10 bytes).
    Removing nrf24l01.o(.text), (0 bytes).
    Removing nrf24l01.o(.text.NRF24L01_Configuration), (124 bytes).
    Removing nrf24l01.o(.ARM.exidx.text.NRF24L01_Configuration), (8 bytes).
    Removing nrf24l01.o(.text.NRF24L01_Check), (130 bytes).
    Removing nrf24l01.o(.ARM.exidx.text.NRF24L01_Check), (8 bytes).
    Removing nrf24l01.o(.text.NRF24L01_Write_Buf), (82 bytes).
    Removing nrf24l01.o(.ARM.exidx.text.NRF24L01_Write_Buf), (8 bytes).
    Removing nrf24l01.o(.text.NRF24L01_Read_Buf), (76 bytes).
    Removing nrf24l01.o(.ARM.exidx.text.NRF24L01_Read_Buf), (8 bytes).
    Removing nrf24l01.o(.text.NRF24L01_Write_Reg), (40 bytes).
    Removing nrf24l01.o(.ARM.exidx.text.NRF24L01_Write_Reg), (8 bytes).
    Removing nrf24l01.o(.text.NRF24L01_Read_Reg), (30 bytes).
    Removing nrf24l01.o(.ARM.exidx.text.NRF24L01_Read_Reg), (8 bytes).
    Removing nrf24l01.o(.ARM.exidx.text.NRF24L01_TxPacket), (8 bytes).
    Removing nrf24l01.o(.text.NRF24L01_RxPacket), (140 bytes).
    Removing nrf24l01.o(.ARM.exidx.text.NRF24L01_RxPacket), (8 bytes).
    Removing nrf24l01.o(.ARM.exidx.text.TX_Mode), (8 bytes).
    Removing nrf24l01.o(.ARM.exidx.text.NRF24L01_init), (8 bytes).
    Removing eeprom.o(.text), (0 bytes).
    Removing eeprom.o(.ARM.exidx.text.read_AT24C02), (8 bytes).
    Removing eeprom.o(.ARM.exidx.text.write_AT24C02), (8 bytes).
    Removing eeprom.o(.ARM.exidx.text.test_AT24C02), (8 bytes).
    Removing remote.o(.text), (0 bytes).
    Removing remote.o(.ARM.exidx.text.RC_INIT), (8 bytes).
    Removing remote.o(.ARM.exidx.text.NRF_SEND), (8 bytes).
    Removing remote.o(.ARM.exidx.text.RC_Analy), (8 bytes).
    Removing remote.o(.ARM.exidx.text.remote_key_scan), (8 bytes).
    Removing key.o(.text), (0 bytes).
    Removing key.o(.ARM.exidx.text.key_init), (8 bytes).
    Removing key.o(.ARM.exidx.text.key), (8 bytes).

1057 unused section(s) (total 23456 bytes) removed from the image.

==============================================================================

Image Symbol Table

    Local Symbols

    Symbol Name                              Value     Ov Type        Size  Object(Section)

    ../clib/angel/boardlib.s                 0x00000000   Number         0  boardinit1.o ABSOLUTE
    ../clib/angel/boardlib.s                 0x00000000   Number         0  boardinit2.o ABSOLUTE
    ../clib/angel/boardlib.s                 0x00000000   Number         0  boardinit3.o ABSOLUTE
    ../clib/angel/boardlib.s                 0x00000000   Number         0  boardshut.o ABSOLUTE
    ../clib/angel/handlers.s                 0x00000000   Number         0  __scatter_copy.o ABSOLUTE
    ../clib/angel/handlers.s                 0x00000000   Number         0  __scatter_zi.o ABSOLUTE
    ../clib/angel/kernel.s                   0x00000000   Number         0  __rtentry.o ABSOLUTE
    ../clib/angel/kernel.s                   0x00000000   Number         0  __rtentry2.o ABSOLUTE
    ../clib/angel/kernel.s                   0x00000000   Number         0  __rtentry4.o ABSOLUTE
    ../clib/angel/kernel.s                   0x00000000   Number         0  rtexit.o ABSOLUTE
    ../clib/angel/kernel.s                   0x00000000   Number         0  rtexit2.o ABSOLUTE
    ../clib/angel/rt.s                       0x00000000   Number         0  rt_raise.o ABSOLUTE
    ../clib/angel/scatter.s                  0x00000000   Number         0  __scatter.o ABSOLUTE
    ../clib/angel/startup.s                  0x00000000   Number         0  __main.o ABSOLUTE
    ../clib/angel/sys.s                      0x00000000   Number         0  sys_stackheap_outer.o ABSOLUTE
    ../clib/angel/sys.s                      0x00000000   Number         0  libspace.o ABSOLUTE
    ../clib/angel/sys.s                      0x00000000   Number         0  use_no_semi.o ABSOLUTE
    ../clib/angel/sys.s                      0x00000000   Number         0  indicate_semi.o ABSOLUTE
    ../clib/angel/sysapp.c                   0x00000000   Number         0  sys_exit.o ABSOLUTE
    ../clib/angel/sysapp.c                   0x00000000   Number         0  sys_exit_hlt.o ABSOLUTE
    ../clib/angel/sysapp.c                   0x00000000   Number         0  sys_command.o ABSOLUTE
    ../clib/angel/sysapp.c                   0x00000000   Number         0  sys_command_hlt.o ABSOLUTE
    ../clib/angel/sysapp.c                   0x00000000   Number         0  sys_wrch.o ABSOLUTE
    ../clib/angel/sysapp.c                   0x00000000   Number         0  sys_wrch_hlt.o ABSOLUTE
    ../clib/armsys.c                         0x00000000   Number         0  argv_veneer.o ABSOLUTE
    ../clib/armsys.c                         0x00000000   Number         0  argv_veneer.o ABSOLUTE
    ../clib/armsys.c                         0x00000000   Number         0  _get_argv_nomalloc.o ABSOLUTE
    ../clib/armsys.c                         0x00000000   Number         0  no_argv.o ABSOLUTE
    ../clib/heapalloc.c                      0x00000000   Number         0  hrguard.o ABSOLUTE
    ../clib/heapaux.c                        0x00000000   Number         0  heapauxi.o ABSOLUTE
    ../clib/libinit.s                        0x00000000   Number         0  libinit.o ABSOLUTE
    ../clib/libinit.s                        0x00000000   Number         0  libinit2.o ABSOLUTE
    ../clib/libinit.s                        0x00000000   Number         0  libshutdown.o ABSOLUTE
    ../clib/libinit.s                        0x00000000   Number         0  libshutdown2.o ABSOLUTE
    ../clib/memcpset.s                       0x00000000   Number         0  rt_memclr_w.o ABSOLUTE
    ../clib/signal.c                         0x00000000   Number         0  defsig_rtmem_outer.o ABSOLUTE
    ../clib/signal.c                         0x00000000   Number         0  defsig_rtmem_formal.o ABSOLUTE
    ../clib/signal.c                         0x00000000   Number         0  defsig_exit.o ABSOLUTE
    ../clib/signal.c                         0x00000000   Number         0  defsig_rtmem_inner.o ABSOLUTE
    ../clib/signal.c                         0x00000000   Number         0  __raise.o ABSOLUTE
    ../clib/signal.c                         0x00000000   Number         0  defsig_general.o ABSOLUTE
    ../clib/signal.c                         0x00000000   Number         0  defsig_abrt_inner.o ABSOLUTE
    ../clib/signal.c                         0x00000000   Number         0  defsig_fpe_inner.o ABSOLUTE
    ../clib/signal.c                         0x00000000   Number         0  defsig_rtred_inner.o ABSOLUTE
    ../clib/signal.c                         0x00000000   Number         0  defsig_stak_inner.o ABSOLUTE
    ../clib/signal.c                         0x00000000   Number         0  defsig_pvfn_inner.o ABSOLUTE
    ../clib/signal.c                         0x00000000   Number         0  defsig_cppl_inner.o ABSOLUTE
    ../clib/signal.c                         0x00000000   Number         0  defsig_segv_inner.o ABSOLUTE
    ../clib/signal.c                         0x00000000   Number         0  defsig_other.o ABSOLUTE
    ../clib/signal.s                         0x00000000   Number         0  defsig.o ABSOLUTE
    ../clib/stdlib.c                         0x00000000   Number         0  exit.o ABSOLUTE
    ../fplib/faddsub.s                       0x00000000   Number         0  faddsub_clz.o ABSOLUTE
    ../fplib/ffix.s                          0x00000000   Number         0  ffix.o ABSOLUTE
    ../fplib/fflt.s                          0x00000000   Number         0  fflt_clz.o ABSOLUTE
    ../fplib/fmul.s                          0x00000000   Number         0  fmul.o ABSOLUTE
    ../fplib/fnaninf.s                       0x00000000   Number         0  fnaninf.o ABSOLUTE
    ../fplib/fpinit.s                        0x00000000   Number         0  fpinit.o ABSOLUTE
    ../fplib/fpinit_empty.s                  0x00000000   Number         0  fpinit_empty.o ABSOLUTE
    ../fplib/fretinf.s                       0x00000000   Number         0  fretinf.o ABSOLUTE
    ../fplib/usenofp.s                       0x00000000   Number         0  usenofp.o ABSOLUTE
    ADC_DMA_Config.c                         0x00000000   Number         0  adc_dma_config.o ABSOLUTE
    EEPROM.c                                 0x00000000   Number         0  eeprom.o ABSOLUTE
    IIC_SOFTWARE.c                           0x00000000   Number         0  iic_software.o ABSOLUTE
    Spi.c                                    0x00000000   Number         0  spi.o ABSOLUTE
    StartUp/startup_stm32f10x_md.s           0x00000000   Number         0  startup_stm32f10x_md.o ABSOLUTE
    TIM.c                                    0x00000000   Number         0  tim.o ABSOLUTE
    USART.c                                  0x00000000   Number         0  usart.o ABSOLUTE
    core_cm3.c                               0x00000000   Number         0  core_cm3.o ABSOLUTE
    dc.s                                     0x00000000   Number         0  dc.o ABSOLUTE
    delay.c                                  0x00000000   Number         0  delay.o ABSOLUTE
    key.c                                    0x00000000   Number         0  key.o ABSOLUTE
    main.c                                   0x00000000   Number         0  main.o ABSOLUTE
    misc.c                                   0x00000000   Number         0  misc.o ABSOLUTE
    nrf24l01.c                               0x00000000   Number         0  nrf24l01.o ABSOLUTE
    remote.c                                 0x00000000   Number         0  remote.o ABSOLUTE
    stm32f10x_adc.c                          0x00000000   Number         0  stm32f10x_adc.o ABSOLUTE
    stm32f10x_bkp.c                          0x00000000   Number         0  stm32f10x_bkp.o ABSOLUTE
    stm32f10x_can.c                          0x00000000   Number         0  stm32f10x_can.o ABSOLUTE
    stm32f10x_cec.c                          0x00000000   Number         0  stm32f10x_cec.o ABSOLUTE
    stm32f10x_crc.c                          0x00000000   Number         0  stm32f10x_crc.o ABSOLUTE
    stm32f10x_dac.c                          0x00000000   Number         0  stm32f10x_dac.o ABSOLUTE
    stm32f10x_dbgmcu.c                       0x00000000   Number         0  stm32f10x_dbgmcu.o ABSOLUTE
    stm32f10x_dma.c                          0x00000000   Number         0  stm32f10x_dma.o ABSOLUTE
    stm32f10x_exti.c                         0x00000000   Number         0  stm32f10x_exti.o ABSOLUTE
    stm32f10x_flash.c                        0x00000000   Number         0  stm32f10x_flash.o ABSOLUTE
    stm32f10x_fsmc.c                         0x00000000   Number         0  stm32f10x_fsmc.o ABSOLUTE
    stm32f10x_gpio.c                         0x00000000   Number         0  stm32f10x_gpio.o ABSOLUTE
    stm32f10x_i2c.c                          0x00000000   Number         0  stm32f10x_i2c.o ABSOLUTE
    stm32f10x_it.c                           0x00000000   Number         0  stm32f10x_it.o ABSOLUTE
    stm32f10x_iwdg.c                         0x00000000   Number         0  stm32f10x_iwdg.o ABSOLUTE
    stm32f10x_pwr.c                          0x00000000   Number         0  stm32f10x_pwr.o ABSOLUTE
    stm32f10x_rcc.c                          0x00000000   Number         0  stm32f10x_rcc.o ABSOLUTE
    stm32f10x_rtc.c                          0x00000000   Number         0  stm32f10x_rtc.o ABSOLUTE
    stm32f10x_sdio.c                         0x00000000   Number         0  stm32f10x_sdio.o ABSOLUTE
    stm32f10x_spi.c                          0x00000000   Number         0  stm32f10x_spi.o ABSOLUTE
    stm32f10x_tim.c                          0x00000000   Number         0  stm32f10x_tim.o ABSOLUTE
    stm32f10x_usart.c                        0x00000000   Number         0  stm32f10x_usart.o ABSOLUTE
    stm32f10x_wwdg.c                         0x00000000   Number         0  stm32f10x_wwdg.o ABSOLUTE
    sys.c                                    0x00000000   Number         0  sys.o ABSOLUTE
    system_stm32f10x.c                       0x00000000   Number         0  system_stm32f10x.o ABSOLUTE
    RESET                                    0x08000000   Section      236  startup_stm32f10x_md.o(RESET)
    !!!main                                  0x080000ec   Section        8  __main.o(!!!main)
    !!!scatter                               0x080000f4   Section       52  __scatter.o(!!!scatter)
    !!handler_copy                           0x08000128   Section       26  __scatter_copy.o(!!handler_copy)
    !!handler_zi                             0x08000144   Section       28  __scatter_zi.o(!!handler_zi)
    .ARM.Collect$$libinit$$00000000          0x08000160   Section        2  libinit.o(.ARM.Collect$$libinit$$00000000)
    .ARM.Collect$$libinit$$00000002          0x08000162   Section        0  libinit2.o(.ARM.Collect$$libinit$$00000002)
    .ARM.Collect$$libinit$$00000004          0x08000162   Section        0  libinit2.o(.ARM.Collect$$libinit$$00000004)
    .ARM.Collect$$libinit$$00000006          0x08000162   Section        0  libinit2.o(.ARM.Collect$$libinit$$00000006)
    .ARM.Collect$$libinit$$0000000C          0x08000162   Section        0  libinit2.o(.ARM.Collect$$libinit$$0000000C)
    .ARM.Collect$$libinit$$0000000E          0x08000162   Section        0  libinit2.o(.ARM.Collect$$libinit$$0000000E)
    .ARM.Collect$$libinit$$00000010          0x08000162   Section        0  libinit2.o(.ARM.Collect$$libinit$$00000010)
    .ARM.Collect$$libinit$$00000013          0x08000162   Section        0  libinit2.o(.ARM.Collect$$libinit$$00000013)
    .ARM.Collect$$libinit$$00000015          0x08000162   Section        0  libinit2.o(.ARM.Collect$$libinit$$00000015)
    .ARM.Collect$$libinit$$00000017          0x08000162   Section        0  libinit2.o(.ARM.Collect$$libinit$$00000017)
    .ARM.Collect$$libinit$$00000019          0x08000162   Section        0  libinit2.o(.ARM.Collect$$libinit$$00000019)
    .ARM.Collect$$libinit$$0000001B          0x08000162   Section        0  libinit2.o(.ARM.Collect$$libinit$$0000001B)
    .ARM.Collect$$libinit$$0000001D          0x08000162   Section        0  libinit2.o(.ARM.Collect$$libinit$$0000001D)
    .ARM.Collect$$libinit$$0000001F          0x08000162   Section        0  libinit2.o(.ARM.Collect$$libinit$$0000001F)
    .ARM.Collect$$libinit$$00000021          0x08000162   Section        0  libinit2.o(.ARM.Collect$$libinit$$00000021)
    .ARM.Collect$$libinit$$00000023          0x08000162   Section        0  libinit2.o(.ARM.Collect$$libinit$$00000023)
    .ARM.Collect$$libinit$$00000025          0x08000162   Section        0  libinit2.o(.ARM.Collect$$libinit$$00000025)
    .ARM.Collect$$libinit$$00000027          0x08000162   Section        0  libinit2.o(.ARM.Collect$$libinit$$00000027)
    .ARM.Collect$$libinit$$0000002E          0x08000162   Section        0  libinit2.o(.ARM.Collect$$libinit$$0000002E)
    .ARM.Collect$$libinit$$00000030          0x08000162   Section        0  libinit2.o(.ARM.Collect$$libinit$$00000030)
    .ARM.Collect$$libinit$$00000032          0x08000162   Section        0  libinit2.o(.ARM.Collect$$libinit$$00000032)
    .ARM.Collect$$libinit$$00000034          0x08000162   Section        0  libinit2.o(.ARM.Collect$$libinit$$00000034)
    .ARM.Collect$$libinit$$00000035          0x08000162   Section        2  libinit2.o(.ARM.Collect$$libinit$$00000035)
    .ARM.Collect$$libshutdown$$00000000      0x08000164   Section        2  libshutdown.o(.ARM.Collect$$libshutdown$$00000000)
    .ARM.Collect$$libshutdown$$00000002      0x08000166   Section        0  libshutdown2.o(.ARM.Collect$$libshutdown$$00000002)
    .ARM.Collect$$libshutdown$$00000004      0x08000166   Section        0  libshutdown2.o(.ARM.Collect$$libshutdown$$00000004)
    .ARM.Collect$$libshutdown$$00000007      0x08000166   Section        0  libshutdown2.o(.ARM.Collect$$libshutdown$$00000007)
    .ARM.Collect$$libshutdown$$0000000A      0x08000166   Section        0  libshutdown2.o(.ARM.Collect$$libshutdown$$0000000A)
    .ARM.Collect$$libshutdown$$0000000C      0x08000166   Section        0  libshutdown2.o(.ARM.Collect$$libshutdown$$0000000C)
    .ARM.Collect$$libshutdown$$0000000F      0x08000166   Section        0  libshutdown2.o(.ARM.Collect$$libshutdown$$0000000F)
    .ARM.Collect$$libshutdown$$00000010      0x08000166   Section        2  libshutdown2.o(.ARM.Collect$$libshutdown$$00000010)
    .ARM.Collect$$rtentry$$00000000          0x08000168   Section        0  __rtentry.o(.ARM.Collect$$rtentry$$00000000)
    .ARM.Collect$$rtentry$$00000002          0x08000168   Section        0  __rtentry2.o(.ARM.Collect$$rtentry$$00000002)
    .ARM.Collect$$rtentry$$00000004          0x08000168   Section        6  __rtentry4.o(.ARM.Collect$$rtentry$$00000004)
    .ARM.Collect$$rtentry$$00000009          0x0800016e   Section        0  __rtentry2.o(.ARM.Collect$$rtentry$$00000009)
    .ARM.Collect$$rtentry$$0000000A          0x0800016e   Section        4  __rtentry2.o(.ARM.Collect$$rtentry$$0000000A)
    .ARM.Collect$$rtentry$$0000000C          0x08000172   Section        0  __rtentry2.o(.ARM.Collect$$rtentry$$0000000C)
    .ARM.Collect$$rtentry$$0000000D          0x08000172   Section        8  __rtentry2.o(.ARM.Collect$$rtentry$$0000000D)
    .ARM.Collect$$rtexit$$00000000           0x0800017a   Section        2  rtexit.o(.ARM.Collect$$rtexit$$00000000)
    .ARM.Collect$$rtexit$$00000002           0x0800017c   Section        0  rtexit2.o(.ARM.Collect$$rtexit$$00000002)
    .ARM.Collect$$rtexit$$00000003           0x0800017c   Section        4  rtexit2.o(.ARM.Collect$$rtexit$$00000003)
    .ARM.Collect$$rtexit$$00000004           0x08000180   Section        6  rtexit2.o(.ARM.Collect$$rtexit$$00000004)
    .text                                    0x08000188   Section       64  startup_stm32f10x_md.o(.text)
    .text                                    0x080001c8   Section        0  heapauxi.o(.text)
    .text                                    0x080001ce   Section       74  sys_stackheap_outer.o(.text)
    .text                                    0x08000218   Section        0  exit.o(.text)
    .text                                    0x0800022c   Section        8  libspace.o(.text)
    .text                                    0x08000234   Section        0  sys_exit.o(.text)
    .text                                    0x08000240   Section        2  use_no_semi.o(.text)
    .text                                    0x08000242   Section        0  indicate_semi.o(.text)
    [Anonymous Symbol]                       0x08000244   Section        0  adc_dma_config.o(.text.ADC1_DMA_Get_value)
    [Anonymous Symbol]                       0x0800026c   Section        0  adc_dma_config.o(.text.ADC1_GPIO_Config)
    [Anonymous Symbol]                       0x080002a0   Section        0  adc_dma_config.o(.text.ADC1_Mode_Config)
    [Anonymous Symbol]                       0x08000394   Section        0  stm32f10x_adc.o(.text.ADC_Cmd)
    [Anonymous Symbol]                       0x080003a4   Section        0  stm32f10x_adc.o(.text.ADC_DMACmd)
    [Anonymous Symbol]                       0x080003b8   Section        0  stm32f10x_adc.o(.text.ADC_GetCalibrationStatus)
    [Anonymous Symbol]                       0x080003c0   Section        0  stm32f10x_adc.o(.text.ADC_GetResetCalibrationStatus)
    [Anonymous Symbol]                       0x080003c8   Section        0  stm32f10x_adc.o(.text.ADC_Init)
    [Anonymous Symbol]                       0x0800041c   Section        0  stm32f10x_adc.o(.text.ADC_RegularChannelConfig)
    [Anonymous Symbol]                       0x0800047c   Section        0  stm32f10x_adc.o(.text.ADC_ResetCalibration)
    [Anonymous Symbol]                       0x08000488   Section        0  stm32f10x_adc.o(.text.ADC_SoftwareStartConvCmd)
    [Anonymous Symbol]                       0x0800049c   Section        0  stm32f10x_adc.o(.text.ADC_StartCalibration)
    [Anonymous Symbol]                       0x080004a8   Section        0  stm32f10x_it.o(.text.BusFault_Handler)
    [Anonymous Symbol]                       0x080004ac   Section        0  stm32f10x_dma.o(.text.DMA_Cmd)
    [Anonymous Symbol]                       0x080004c4   Section        0  stm32f10x_dma.o(.text.DMA_DeInit)
    [Anonymous Symbol]                       0x080005d0   Section        0  stm32f10x_dma.o(.text.DMA_Init)
    [Anonymous Symbol]                       0x08000618   Section        0  stm32f10x_it.o(.text.DebugMon_Handler)
    [Anonymous Symbol]                       0x0800061c   Section        0  stm32f10x_flash.o(.text.FLASH_PrefetchBufferCmd)
    [Anonymous Symbol]                       0x08000634   Section        0  stm32f10x_flash.o(.text.FLASH_SetLatency)
    [Anonymous Symbol]                       0x08000648   Section        0  stm32f10x_gpio.o(.text.GPIO_Init)
    [Anonymous Symbol]                       0x08000708   Section        0  stm32f10x_gpio.o(.text.GPIO_SetBits)
    [Anonymous Symbol]                       0x0800070c   Section        0  stm32f10x_it.o(.text.HardFault_Handler)
    I2c_WaitAck                              0x08000711   Thumb Code    62  iic_software.o(.text.I2c_WaitAck)
    [Anonymous Symbol]                       0x08000710   Section        0  iic_software.o(.text.I2c_WaitAck)
    [Anonymous Symbol]                       0x08000750   Section        0  iic_software.o(.text.IIC_Init)
    [Anonymous Symbol]                       0x08000778   Section        0  iic_software.o(.text.IIC_Read_One_Byte)
    [Anonymous Symbol]                       0x080009b0   Section        0  iic_software.o(.text.IIC_Write_Bytes)
    [Anonymous Symbol]                       0x08000b4c   Section        0  iic_software.o(.text.IIC_Write_One_Byte)
    [Anonymous Symbol]                       0x08000b64   Section        0  iic_software.o(.text.IIC_read_Bytes)
    [Anonymous Symbol]                       0x08000db4   Section        0  stm32f10x_it.o(.text.MemManage_Handler)
    [Anonymous Symbol]                       0x08000db8   Section        0  stm32f10x_it.o(.text.NMI_Handler)
    [Anonymous Symbol]                       0x08000dbc   Section        0  nrf24l01.o(.text.NRF24L01_TxPacket)
    [Anonymous Symbol]                       0x08000edc   Section        0  nrf24l01.o(.text.NRF24L01_init)
    [Anonymous Symbol]                       0x08001020   Section        0  remote.o(.text.NRF_SEND)
    [Anonymous Symbol]                       0x080010e4   Section        0  misc.o(.text.NVIC_Init)
    [Anonymous Symbol]                       0x08001144   Section        0  misc.o(.text.NVIC_PriorityGroupConfig)
    [Anonymous Symbol]                       0x08001158   Section        0  stm32f10x_it.o(.text.PendSV_Handler)
    [Anonymous Symbol]                       0x0800115c   Section        0  stm32f10x_rcc.o(.text.RCC_ADCCLKConfig)
    [Anonymous Symbol]                       0x08001170   Section        0  stm32f10x_rcc.o(.text.RCC_AHBPeriphClockCmd)
    [Anonymous Symbol]                       0x08001188   Section        0  stm32f10x_rcc.o(.text.RCC_APB1PeriphClockCmd)
    [Anonymous Symbol]                       0x080011a0   Section        0  stm32f10x_rcc.o(.text.RCC_APB2PeriphClockCmd)
    [Anonymous Symbol]                       0x080011b8   Section        0  main.o(.text.RCC_Configuration)
    [Anonymous Symbol]                       0x08001234   Section        0  stm32f10x_rcc.o(.text.RCC_DeInit)
    [Anonymous Symbol]                       0x08001278   Section        0  stm32f10x_rcc.o(.text.RCC_GetClocksFreq)
    [Anonymous Symbol]                       0x08001318   Section        0  stm32f10x_rcc.o(.text.RCC_GetFlagStatus)
    [Anonymous Symbol]                       0x08001340   Section        0  stm32f10x_rcc.o(.text.RCC_GetSYSCLKSource)
    [Anonymous Symbol]                       0x08001350   Section        0  stm32f10x_rcc.o(.text.RCC_HCLKConfig)
    [Anonymous Symbol]                       0x08001364   Section        0  stm32f10x_rcc.o(.text.RCC_HSICmd)
    [Anonymous Symbol]                       0x08001370   Section        0  stm32f10x_rcc.o(.text.RCC_PCLK1Config)
    [Anonymous Symbol]                       0x08001384   Section        0  stm32f10x_rcc.o(.text.RCC_PCLK2Config)
    [Anonymous Symbol]                       0x0800139c   Section        0  stm32f10x_rcc.o(.text.RCC_PLLCmd)
    [Anonymous Symbol]                       0x080013a8   Section        0  stm32f10x_rcc.o(.text.RCC_PLLConfig)
    [Anonymous Symbol]                       0x080013c0   Section        0  stm32f10x_rcc.o(.text.RCC_SYSCLKConfig)
    [Anonymous Symbol]                       0x080013d4   Section        0  remote.o(.text.RC_Analy)
    [Anonymous Symbol]                       0x080015e4   Section        0  remote.o(.text.RC_INIT)
    [Anonymous Symbol]                       0x08001608   Section        0  spi.o(.text.SPI_Config)
    [Anonymous Symbol]                       0x0800166c   Section        0  spi.o(.text.SPI_RW)
    [Anonymous Symbol]                       0x080016bc   Section        0  stm32f10x_it.o(.text.SVC_Handler)
    [Anonymous Symbol]                       0x080016c0   Section        0  sys.o(.text.SysTick_Handler)
    [Anonymous Symbol]                       0x080016ec   Section        0  system_stm32f10x.o(.text.SystemInit)
    [Anonymous Symbol]                       0x08001700   Section        0  nrf24l01.o(.text.TX_Mode)
    [Anonymous Symbol]                       0x08001800   Section        0  usart.o(.text.USART1_IRQHandler)
    [Anonymous Symbol]                       0x08001810   Section        0  stm32f10x_it.o(.text.UsageFault_Handler)
    [Anonymous Symbol]                       0x08001814   Section        0  sys.o(.text._g_Init_sys)
    [Anonymous Symbol]                       0x08001838   Section        0  delay.o(.text.cycleCounterInit)
    [Anonymous Symbol]                       0x08001860   Section        0  delay.o(.text.delay_ms)
    [Anonymous Symbol]                       0x080018dc   Section        0  delay.o(.text.delay_us)
    [Anonymous Symbol]                       0x080018e0   Section        0  sys.o(.text.get_SysTick_count)
    [Anonymous Symbol]                       0x080018ec   Section        0  key.o(.text.key)
    [Anonymous Symbol]                       0x08001984   Section        0  key.o(.text.key_init)
    [Anonymous Symbol]                       0x080019e0   Section        0  main.o(.text.main)
    [Anonymous Symbol]                       0x08001a68   Section        0  eeprom.o(.text.read_AT24C02)
    [Anonymous Symbol]                       0x08001a84   Section        0  remote.o(.text.remote_key_scan)
    [Anonymous Symbol]                       0x08001b88   Section        0  eeprom.o(.text.test_AT24C02)
    [Anonymous Symbol]                       0x08001bb0   Section        0  eeprom.o(.text.write_AT24C02)
    x$fpl$fadd                               0x08001bd4   Section      196  faddsub_clz.o(x$fpl$fadd)
    _fadd1                                   0x08001be3   Thumb Code     0  faddsub_clz.o(x$fpl$fadd)
    x$fpl$ffix                               0x08001c98   Section       54  ffix.o(x$fpl$ffix)
    x$fpl$ffltu                              0x08001cd0   Section       38  fflt_clz.o(x$fpl$ffltu)
    x$fpl$fmul                               0x08001cf8   Section      258  fmul.o(x$fpl$fmul)
    x$fpl$fnaninf                            0x08001dfa   Section      140  fnaninf.o(x$fpl$fnaninf)
    x$fpl$fretinf                            0x08001e86   Section       10  fretinf.o(x$fpl$fretinf)
    x$fpl$fsub                               0x08001e90   Section      234  faddsub_clz.o(x$fpl$fsub)
    _fsub1                                   0x08001e9f   Thumb Code     0  faddsub_clz.o(x$fpl$fsub)
    ADCPrescTable                            0x08001f7a   Data           4  stm32f10x_rcc.o(.rodata.ADCPrescTable)
    [Anonymous Symbol]                       0x08001f7a   Section        0  stm32f10x_rcc.o(.rodata.ADCPrescTable)
    x$fpl$usenofp                            0x08001f7a   Section        0  usenofp.o(x$fpl$usenofp)
    APBAHBPrescTable                         0x08001f7e   Data          16  stm32f10x_rcc.o(.rodata.APBAHBPrescTable)
    [Anonymous Symbol]                       0x08001f7e   Section        0  stm32f10x_rcc.o(.rodata.APBAHBPrescTable)
    .bss                                     0x20000030   Section       96  libspace.o(.bss)
    RC_Analy.last_pitch                      0x20000098   Data           2  remote.o(.bss.RC_Analy.last_pitch)
    [Anonymous Symbol]                       0x20000098   Section        0  remote.o(.bss.RC_Analy.last_pitch)
    RC_Analy.last_roll                       0x2000009a   Data           2  remote.o(.bss.RC_Analy.last_roll)
    [Anonymous Symbol]                       0x2000009a   Section        0  remote.o(.bss.RC_Analy.last_roll)
    RC_Analy.last_thr                        0x2000009c   Data           2  remote.o(.bss.RC_Analy.last_thr)
    [Anonymous Symbol]                       0x2000009c   Section        0  remote.o(.bss.RC_Analy.last_thr)
    RC_Analy.last_yaw                        0x2000009e   Data           2  remote.o(.bss.RC_Analy.last_yaw)
    [Anonymous Symbol]                       0x2000009e   Section        0  remote.o(.bss.RC_Analy.last_yaw)
    SysTick_Handler.Count_10ms               0x200000a0   Data           1  sys.o(.bss.SysTick_Handler.Count_10ms)
    [Anonymous Symbol]                       0x200000a0   Section        0  sys.o(.bss.SysTick_Handler.Count_10ms)
    key.status                               0x200000a8   Data           1  key.o(.bss.key.status)
    [Anonymous Symbol]                       0x200000a8   Section        0  key.o(.bss.key.status)
    key.temp                                 0x200000ac   Data           4  key.o(.bss.key.temp)
    [Anonymous Symbol]                       0x200000ac   Section        0  key.o(.bss.key.temp)
    usTicks                                  0x200000bc   Data           4  delay.o(.bss.usTicks)
    [Anonymous Symbol]                       0x200000bc   Section        0  delay.o(.bss.usTicks)
    Heap_Mem                                 0x200000c0   Data         512  startup_stm32f10x_md.o(HEAP)
    HEAP                                     0x200000c0   Section      512  startup_stm32f10x_md.o(HEAP)
    Stack_Mem                                0x200002c0   Data        1024  startup_stm32f10x_md.o(STACK)
    STACK                                    0x200002c0   Section     1024  startup_stm32f10x_md.o(STACK)
    __initial_sp                             0x200006c0   Data           0  startup_stm32f10x_md.o(STACK)

    Global Symbols

    Symbol Name                              Value     Ov Type        Size  Object(Section)

    BuildAttributes$$THM_ISAv4$P$D$K$B$S$PE$A:L22UL41UL21$X:L11$S22US41US21$IEEE1$IW$~IW$USESV6$~STKCKD$USESV7$~SHL$OTIME$ROPI$EBA8$UX$STANDARDLIB$REQ8$PRES8$EABIv2 0x00000000   Number         0  anon$$obj.o ABSOLUTE
    __fp_init_empty                          0x00000000   Number         0  fpinit_empty.o ABSOLUTE
    __ARM_exceptions_init                     - Undefined Weak Reference
    __alloca_initialize                       - Undefined Weak Reference
    __arm_preinit_                            - Undefined Weak Reference
    __arm_relocate_pie_                       - Undefined Weak Reference
    __cpp_initialize__aeabi_                  - Undefined Weak Reference
    __cxa_finalize                            - Undefined Weak Reference
    __rt_locale                               - Undefined Weak Reference
    __sigvec_lookup                           - Undefined Weak Reference
    _atexit_init                              - Undefined Weak Reference
    _call_atexit_fns                          - Undefined Weak Reference
    _clock_init                               - Undefined Weak Reference
    _fp_trap_init                             - Undefined Weak Reference
    _fp_trap_shutdown                         - Undefined Weak Reference
    _get_lc_collate                           - Undefined Weak Reference
    _get_lc_ctype                             - Undefined Weak Reference
    _get_lc_monetary                          - Undefined Weak Reference
    _get_lc_numeric                           - Undefined Weak Reference
    _get_lc_time                              - Undefined Weak Reference
    _getenv_init                              - Undefined Weak Reference
    _handle_redirection                       - Undefined Weak Reference
    _init_alloc                               - Undefined Weak Reference
    _init_user_alloc                          - Undefined Weak Reference
    _initio                                   - Undefined Weak Reference
    _rand_init                                - Undefined Weak Reference
    _signal_finish                            - Undefined Weak Reference
    _signal_init                              - Undefined Weak Reference
    _terminate_alloc                          - Undefined Weak Reference
    _terminate_user_alloc                     - Undefined Weak Reference
    _terminateio                              - Undefined Weak Reference
    __Vectors_Size                           0x000000ec   Number         0  startup_stm32f10x_md.o ABSOLUTE
    __Vectors                                0x08000000   Data           4  startup_stm32f10x_md.o(RESET)
    __Vectors_End                            0x080000ec   Data           0  startup_stm32f10x_md.o(RESET)
    __main                                   0x080000ed   Thumb Code     8  __main.o(!!!main)
    __scatterload                            0x080000f5   Thumb Code     0  __scatter.o(!!!scatter)
    __scatterload_rt2                        0x080000f5   Thumb Code    44  __scatter.o(!!!scatter)
    __scatterload_rt2_thumb_only             0x080000f5   Thumb Code     0  __scatter.o(!!!scatter)
    __scatterload_null                       0x08000103   Thumb Code     0  __scatter.o(!!!scatter)
    __scatterload_copy                       0x08000129   Thumb Code    26  __scatter_copy.o(!!handler_copy)
    __scatterload_zeroinit                   0x08000145   Thumb Code    28  __scatter_zi.o(!!handler_zi)
    __rt_lib_init                            0x08000161   Thumb Code     0  libinit.o(.ARM.Collect$$libinit$$00000000)
    __rt_lib_init_alloca_1                   0x08000163   Thumb Code     0  libinit2.o(.ARM.Collect$$libinit$$00000030)
    __rt_lib_init_argv_1                     0x08000163   Thumb Code     0  libinit2.o(.ARM.Collect$$libinit$$0000002E)
    __rt_lib_init_atexit_1                   0x08000163   Thumb Code     0  libinit2.o(.ARM.Collect$$libinit$$0000001D)
    __rt_lib_init_clock_1                    0x08000163   Thumb Code     0  libinit2.o(.ARM.Collect$$libinit$$00000023)
    __rt_lib_init_cpp_1                      0x08000163   Thumb Code     0  libinit2.o(.ARM.Collect$$libinit$$00000034)
    __rt_lib_init_exceptions_1               0x08000163   Thumb Code     0  libinit2.o(.ARM.Collect$$libinit$$00000032)
    __rt_lib_init_fp_1                       0x08000163   Thumb Code     0  libinit2.o(.ARM.Collect$$libinit$$00000002)
    __rt_lib_init_fp_trap_1                  0x08000163   Thumb Code     0  libinit2.o(.ARM.Collect$$libinit$$00000021)
    __rt_lib_init_getenv_1                   0x08000163   Thumb Code     0  libinit2.o(.ARM.Collect$$libinit$$00000025)
    __rt_lib_init_heap_1                     0x08000163   Thumb Code     0  libinit2.o(.ARM.Collect$$libinit$$0000000C)
    __rt_lib_init_lc_collate_1               0x08000163   Thumb Code     0  libinit2.o(.ARM.Collect$$libinit$$00000013)
    __rt_lib_init_lc_ctype_1                 0x08000163   Thumb Code     0  libinit2.o(.ARM.Collect$$libinit$$00000015)
    __rt_lib_init_lc_monetary_1              0x08000163   Thumb Code     0  libinit2.o(.ARM.Collect$$libinit$$00000017)
    __rt_lib_init_lc_numeric_1               0x08000163   Thumb Code     0  libinit2.o(.ARM.Collect$$libinit$$00000019)
    __rt_lib_init_lc_time_1                  0x08000163   Thumb Code     0  libinit2.o(.ARM.Collect$$libinit$$0000001B)
    __rt_lib_init_preinit_1                  0x08000163   Thumb Code     0  libinit2.o(.ARM.Collect$$libinit$$00000006)
    __rt_lib_init_rand_1                     0x08000163   Thumb Code     0  libinit2.o(.ARM.Collect$$libinit$$00000010)
    __rt_lib_init_relocate_pie_1             0x08000163   Thumb Code     0  libinit2.o(.ARM.Collect$$libinit$$00000004)
    __rt_lib_init_return                     0x08000163   Thumb Code     0  libinit2.o(.ARM.Collect$$libinit$$00000035)
    __rt_lib_init_signal_1                   0x08000163   Thumb Code     0  libinit2.o(.ARM.Collect$$libinit$$0000001F)
    __rt_lib_init_stdio_1                    0x08000163   Thumb Code     0  libinit2.o(.ARM.Collect$$libinit$$00000027)
    __rt_lib_init_user_alloc_1               0x08000163   Thumb Code     0  libinit2.o(.ARM.Collect$$libinit$$0000000E)
    __rt_lib_shutdown                        0x08000165   Thumb Code     0  libshutdown.o(.ARM.Collect$$libshutdown$$00000000)
    __rt_lib_shutdown_cpp_1                  0x08000167   Thumb Code     0  libshutdown2.o(.ARM.Collect$$libshutdown$$00000002)
    __rt_lib_shutdown_fp_trap_1              0x08000167   Thumb Code     0  libshutdown2.o(.ARM.Collect$$libshutdown$$00000007)
    __rt_lib_shutdown_heap_1                 0x08000167   Thumb Code     0  libshutdown2.o(.ARM.Collect$$libshutdown$$0000000F)
    __rt_lib_shutdown_return                 0x08000167   Thumb Code     0  libshutdown2.o(.ARM.Collect$$libshutdown$$00000010)
    __rt_lib_shutdown_signal_1               0x08000167   Thumb Code     0  libshutdown2.o(.ARM.Collect$$libshutdown$$0000000A)
    __rt_lib_shutdown_stdio_1                0x08000167   Thumb Code     0  libshutdown2.o(.ARM.Collect$$libshutdown$$00000004)
    __rt_lib_shutdown_user_alloc_1           0x08000167   Thumb Code     0  libshutdown2.o(.ARM.Collect$$libshutdown$$0000000C)
    __rt_entry                               0x08000169   Thumb Code     0  __rtentry.o(.ARM.Collect$$rtentry$$00000000)
    __rt_entry_presh_1                       0x08000169   Thumb Code     0  __rtentry2.o(.ARM.Collect$$rtentry$$00000002)
    __rt_entry_sh                            0x08000169   Thumb Code     0  __rtentry4.o(.ARM.Collect$$rtentry$$00000004)
    __rt_entry_li                            0x0800016f   Thumb Code     0  __rtentry2.o(.ARM.Collect$$rtentry$$0000000A)
    __rt_entry_postsh_1                      0x0800016f   Thumb Code     0  __rtentry2.o(.ARM.Collect$$rtentry$$00000009)
    __rt_entry_main                          0x08000173   Thumb Code     0  __rtentry2.o(.ARM.Collect$$rtentry$$0000000D)
    __rt_entry_postli_1                      0x08000173   Thumb Code     0  __rtentry2.o(.ARM.Collect$$rtentry$$0000000C)
    __rt_exit                                0x0800017b   Thumb Code     0  rtexit.o(.ARM.Collect$$rtexit$$00000000)
    __rt_exit_ls                             0x0800017d   Thumb Code     0  rtexit2.o(.ARM.Collect$$rtexit$$00000003)
    __rt_exit_prels_1                        0x0800017d   Thumb Code     0  rtexit2.o(.ARM.Collect$$rtexit$$00000002)
    __rt_exit_exit                           0x08000181   Thumb Code     0  rtexit2.o(.ARM.Collect$$rtexit$$00000004)
    Reset_Handler                            0x08000189   Thumb Code     8  startup_stm32f10x_md.o(.text)
    ADC1_2_IRQHandler                        0x080001a3   Thumb Code     0  startup_stm32f10x_md.o(.text)
    CAN1_RX1_IRQHandler                      0x080001a3   Thumb Code     0  startup_stm32f10x_md.o(.text)
    CAN1_SCE_IRQHandler                      0x080001a3   Thumb Code     0  startup_stm32f10x_md.o(.text)
    DMA1_Channel1_IRQHandler                 0x080001a3   Thumb Code     0  startup_stm32f10x_md.o(.text)
    DMA1_Channel2_IRQHandler                 0x080001a3   Thumb Code     0  startup_stm32f10x_md.o(.text)
    DMA1_Channel3_IRQHandler                 0x080001a3   Thumb Code     0  startup_stm32f10x_md.o(.text)
    DMA1_Channel4_IRQHandler                 0x080001a3   Thumb Code     0  startup_stm32f10x_md.o(.text)
    DMA1_Channel5_IRQHandler                 0x080001a3   Thumb Code     0  startup_stm32f10x_md.o(.text)
    DMA1_Channel6_IRQHandler                 0x080001a3   Thumb Code     0  startup_stm32f10x_md.o(.text)
    DMA1_Channel7_IRQHandler                 0x080001a3   Thumb Code     0  startup_stm32f10x_md.o(.text)
    EXTI0_IRQHandler                         0x080001a3   Thumb Code     0  startup_stm32f10x_md.o(.text)
    EXTI15_10_IRQHandler                     0x080001a3   Thumb Code     0  startup_stm32f10x_md.o(.text)
    EXTI1_IRQHandler                         0x080001a3   Thumb Code     0  startup_stm32f10x_md.o(.text)
    EXTI2_IRQHandler                         0x080001a3   Thumb Code     0  startup_stm32f10x_md.o(.text)
    EXTI3_IRQHandler                         0x080001a3   Thumb Code     0  startup_stm32f10x_md.o(.text)
    EXTI4_IRQHandler                         0x080001a3   Thumb Code     0  startup_stm32f10x_md.o(.text)
    EXTI9_5_IRQHandler                       0x080001a3   Thumb Code     0  startup_stm32f10x_md.o(.text)
    FLASH_IRQHandler                         0x080001a3   Thumb Code     0  startup_stm32f10x_md.o(.text)
    I2C1_ER_IRQHandler                       0x080001a3   Thumb Code     0  startup_stm32f10x_md.o(.text)
    I2C1_EV_IRQHandler                       0x080001a3   Thumb Code     0  startup_stm32f10x_md.o(.text)
    I2C2_ER_IRQHandler                       0x080001a3   Thumb Code     0  startup_stm32f10x_md.o(.text)
    I2C2_EV_IRQHandler                       0x080001a3   Thumb Code     0  startup_stm32f10x_md.o(.text)
    PVD_IRQHandler                           0x080001a3   Thumb Code     0  startup_stm32f10x_md.o(.text)
    RCC_IRQHandler                           0x080001a3   Thumb Code     0  startup_stm32f10x_md.o(.text)
    RTCAlarm_IRQHandler                      0x080001a3   Thumb Code     0  startup_stm32f10x_md.o(.text)
    RTC_IRQHandler                           0x080001a3   Thumb Code     0  startup_stm32f10x_md.o(.text)
    SPI1_IRQHandler                          0x080001a3   Thumb Code     0  startup_stm32f10x_md.o(.text)
    SPI2_IRQHandler                          0x080001a3   Thumb Code     0  startup_stm32f10x_md.o(.text)
    TAMPER_IRQHandler                        0x080001a3   Thumb Code     0  startup_stm32f10x_md.o(.text)
    TIM1_BRK_IRQHandler                      0x080001a3   Thumb Code     0  startup_stm32f10x_md.o(.text)
    TIM1_CC_IRQHandler                       0x080001a3   Thumb Code     0  startup_stm32f10x_md.o(.text)
    TIM1_TRG_COM_IRQHandler                  0x080001a3   Thumb Code     0  startup_stm32f10x_md.o(.text)
    TIM1_UP_IRQHandler                       0x080001a3   Thumb Code     0  startup_stm32f10x_md.o(.text)
    TIM2_IRQHandler                          0x080001a3   Thumb Code     0  startup_stm32f10x_md.o(.text)
    TIM3_IRQHandler                          0x080001a3   Thumb Code     0  startup_stm32f10x_md.o(.text)
    TIM4_IRQHandler                          0x080001a3   Thumb Code     0  startup_stm32f10x_md.o(.text)
    USART2_IRQHandler                        0x080001a3   Thumb Code     0  startup_stm32f10x_md.o(.text)
    USART3_IRQHandler                        0x080001a3   Thumb Code     0  startup_stm32f10x_md.o(.text)
    USBWakeUp_IRQHandler                     0x080001a3   Thumb Code     0  startup_stm32f10x_md.o(.text)
    USB_HP_CAN1_TX_IRQHandler                0x080001a3   Thumb Code     0  startup_stm32f10x_md.o(.text)
    USB_LP_CAN1_RX0_IRQHandler               0x080001a3   Thumb Code     0  startup_stm32f10x_md.o(.text)
    WWDG_IRQHandler                          0x080001a3   Thumb Code     0  startup_stm32f10x_md.o(.text)
    __user_initial_stackheap                 0x080001a5   Thumb Code     0  startup_stm32f10x_md.o(.text)
    __use_two_region_memory                  0x080001c9   Thumb Code     2  heapauxi.o(.text)
    __rt_heap_escrow$2region                 0x080001cb   Thumb Code     2  heapauxi.o(.text)
    __rt_heap_expand$2region                 0x080001cd   Thumb Code     2  heapauxi.o(.text)
    __user_setup_stackheap                   0x080001cf   Thumb Code    74  sys_stackheap_outer.o(.text)
    exit                                     0x08000219   Thumb Code    18  exit.o(.text)
    __user_libspace                          0x0800022d   Thumb Code     8  libspace.o(.text)
    __user_perproc_libspace                  0x0800022d   Thumb Code     0  libspace.o(.text)
    __user_perthread_libspace                0x0800022d   Thumb Code     0  libspace.o(.text)
    _sys_exit                                0x08000235   Thumb Code     8  sys_exit.o(.text)
    __I$use$semihosting                      0x08000241   Thumb Code     0  use_no_semi.o(.text)
    __use_no_semihosting_swi                 0x08000241   Thumb Code     2  use_no_semi.o(.text)
    __semihosting_library_function           0x08000243   Thumb Code     0  indicate_semi.o(.text)
    ADC1_DMA_Get_value                       0x08000245   Thumb Code    38  adc_dma_config.o(.text.ADC1_DMA_Get_value)
    ADC1_GPIO_Config                         0x0800026d   Thumb Code    52  adc_dma_config.o(.text.ADC1_GPIO_Config)
    ADC1_Mode_Config                         0x080002a1   Thumb Code   242  adc_dma_config.o(.text.ADC1_Mode_Config)
    ADC_Cmd                                  0x08000395   Thumb Code    16  stm32f10x_adc.o(.text.ADC_Cmd)
    ADC_DMACmd                               0x080003a5   Thumb Code    18  stm32f10x_adc.o(.text.ADC_DMACmd)
    ADC_GetCalibrationStatus                 0x080003b9   Thumb Code     8  stm32f10x_adc.o(.text.ADC_GetCalibrationStatus)
    ADC_GetResetCalibrationStatus            0x080003c1   Thumb Code     8  stm32f10x_adc.o(.text.ADC_GetResetCalibrationStatus)
    ADC_Init                                 0x080003c9   Thumb Code    84  stm32f10x_adc.o(.text.ADC_Init)
    ADC_RegularChannelConfig                 0x0800041d   Thumb Code    96  stm32f10x_adc.o(.text.ADC_RegularChannelConfig)
    ADC_ResetCalibration                     0x0800047d   Thumb Code    10  stm32f10x_adc.o(.text.ADC_ResetCalibration)
    ADC_SoftwareStartConvCmd                 0x08000489   Thumb Code    18  stm32f10x_adc.o(.text.ADC_SoftwareStartConvCmd)
    ADC_StartCalibration                     0x0800049d   Thumb Code    10  stm32f10x_adc.o(.text.ADC_StartCalibration)
    BusFault_Handler                         0x080004a9   Thumb Code     2  stm32f10x_it.o(.text.BusFault_Handler)
    DMA_Cmd                                  0x080004ad   Thumb Code    22  stm32f10x_dma.o(.text.DMA_Cmd)
    DMA_DeInit                               0x080004c5   Thumb Code   268  stm32f10x_dma.o(.text.DMA_DeInit)
    DMA_Init                                 0x080005d1   Thumb Code    72  stm32f10x_dma.o(.text.DMA_Init)
    DebugMon_Handler                         0x08000619   Thumb Code     2  stm32f10x_it.o(.text.DebugMon_Handler)
    FLASH_PrefetchBufferCmd                  0x0800061d   Thumb Code    24  stm32f10x_flash.o(.text.FLASH_PrefetchBufferCmd)
    FLASH_SetLatency                         0x08000635   Thumb Code    20  stm32f10x_flash.o(.text.FLASH_SetLatency)
    GPIO_Init                                0x08000649   Thumb Code   192  stm32f10x_gpio.o(.text.GPIO_Init)
    GPIO_SetBits                             0x08000709   Thumb Code     4  stm32f10x_gpio.o(.text.GPIO_SetBits)
    HardFault_Handler                        0x0800070d   Thumb Code     2  stm32f10x_it.o(.text.HardFault_Handler)
    IIC_Init                                 0x08000751   Thumb Code    38  iic_software.o(.text.IIC_Init)
    IIC_Read_One_Byte                        0x08000779   Thumb Code   566  iic_software.o(.text.IIC_Read_One_Byte)
    IIC_Write_Bytes                          0x080009b1   Thumb Code   410  iic_software.o(.text.IIC_Write_Bytes)
    IIC_Write_One_Byte                       0x08000b4d   Thumb Code    22  iic_software.o(.text.IIC_Write_One_Byte)
    IIC_read_Bytes                           0x08000b65   Thumb Code   590  iic_software.o(.text.IIC_read_Bytes)
    MemManage_Handler                        0x08000db5   Thumb Code     2  stm32f10x_it.o(.text.MemManage_Handler)
    NMI_Handler                              0x08000db9   Thumb Code     2  stm32f10x_it.o(.text.NMI_Handler)
    NRF24L01_TxPacket                        0x08000dbd   Thumb Code   286  nrf24l01.o(.text.NRF24L01_TxPacket)
    NRF24L01_init                            0x08000edd   Thumb Code   324  nrf24l01.o(.text.NRF24L01_init)
    NRF_SEND                                 0x08001021   Thumb Code   196  remote.o(.text.NRF_SEND)
    NVIC_Init                                0x080010e5   Thumb Code    94  misc.o(.text.NVIC_Init)
    NVIC_PriorityGroupConfig                 0x08001145   Thumb Code    20  misc.o(.text.NVIC_PriorityGroupConfig)
    PendSV_Handler                           0x08001159   Thumb Code     2  stm32f10x_it.o(.text.PendSV_Handler)
    RCC_ADCCLKConfig                         0x0800115d   Thumb Code    20  stm32f10x_rcc.o(.text.RCC_ADCCLKConfig)
    RCC_AHBPeriphClockCmd                    0x08001171   Thumb Code    24  stm32f10x_rcc.o(.text.RCC_AHBPeriphClockCmd)
    RCC_APB1PeriphClockCmd                   0x08001189   Thumb Code    24  stm32f10x_rcc.o(.text.RCC_APB1PeriphClockCmd)
    RCC_APB2PeriphClockCmd                   0x080011a1   Thumb Code    24  stm32f10x_rcc.o(.text.RCC_APB2PeriphClockCmd)
    RCC_Configuration                        0x080011b9   Thumb Code   122  main.o(.text.RCC_Configuration)
    RCC_DeInit                               0x08001235   Thumb Code    66  stm32f10x_rcc.o(.text.RCC_DeInit)
    RCC_GetClocksFreq                        0x08001279   Thumb Code   160  stm32f10x_rcc.o(.text.RCC_GetClocksFreq)
    RCC_GetFlagStatus                        0x08001319   Thumb Code    38  stm32f10x_rcc.o(.text.RCC_GetFlagStatus)
    RCC_GetSYSCLKSource                      0x08001341   Thumb Code    16  stm32f10x_rcc.o(.text.RCC_GetSYSCLKSource)
    RCC_HCLKConfig                           0x08001351   Thumb Code    20  stm32f10x_rcc.o(.text.RCC_HCLKConfig)
    RCC_HSICmd                               0x08001365   Thumb Code    10  stm32f10x_rcc.o(.text.RCC_HSICmd)
    RCC_PCLK1Config                          0x08001371   Thumb Code    20  stm32f10x_rcc.o(.text.RCC_PCLK1Config)
    RCC_PCLK2Config                          0x08001385   Thumb Code    22  stm32f10x_rcc.o(.text.RCC_PCLK2Config)
    RCC_PLLCmd                               0x0800139d   Thumb Code    10  stm32f10x_rcc.o(.text.RCC_PLLCmd)
    RCC_PLLConfig                            0x080013a9   Thumb Code    22  stm32f10x_rcc.o(.text.RCC_PLLConfig)
    RCC_SYSCLKConfig                         0x080013c1   Thumb Code    20  stm32f10x_rcc.o(.text.RCC_SYSCLKConfig)
    RC_Analy                                 0x080013d5   Thumb Code   526  remote.o(.text.RC_Analy)
    RC_INIT                                  0x080015e5   Thumb Code    34  remote.o(.text.RC_INIT)
    SPI_Config                               0x08001609   Thumb Code   100  spi.o(.text.SPI_Config)
    SPI_RW                                   0x0800166d   Thumb Code    78  spi.o(.text.SPI_RW)
    SVC_Handler                              0x080016bd   Thumb Code     2  stm32f10x_it.o(.text.SVC_Handler)
    SysTick_Handler                          0x080016c1   Thumb Code    42  sys.o(.text.SysTick_Handler)
    SystemInit                               0x080016ed   Thumb Code    18  system_stm32f10x.o(.text.SystemInit)
    TX_Mode                                  0x08001701   Thumb Code   256  nrf24l01.o(.text.TX_Mode)
    USART1_IRQHandler                        0x08001801   Thumb Code    14  usart.o(.text.USART1_IRQHandler)
    UsageFault_Handler                       0x08001811   Thumb Code     2  stm32f10x_it.o(.text.UsageFault_Handler)
    _g_Init_sys                              0x08001815   Thumb Code    36  sys.o(.text._g_Init_sys)
    cycleCounterInit                         0x08001839   Thumb Code    40  delay.o(.text.cycleCounterInit)
    delay_ms                                 0x08001861   Thumb Code   122  delay.o(.text.delay_ms)
    delay_us                                 0x080018dd   Thumb Code     2  delay.o(.text.delay_us)
    get_SysTick_count                        0x080018e1   Thumb Code    12  sys.o(.text.get_SysTick_count)
    key                                      0x080018ed   Thumb Code   152  key.o(.text.key)
    key_init                                 0x08001985   Thumb Code    92  key.o(.text.key_init)
    main                                     0x080019e1   Thumb Code   134  main.o(.text.main)
    read_AT24C02                             0x08001a69   Thumb Code    26  eeprom.o(.text.read_AT24C02)
    remote_key_scan                          0x08001a85   Thumb Code   258  remote.o(.text.remote_key_scan)
    test_AT24C02                             0x08001b89   Thumb Code    40  eeprom.o(.text.test_AT24C02)
    write_AT24C02                            0x08001bb1   Thumb Code    34  eeprom.o(.text.write_AT24C02)
    __aeabi_fadd                             0x08001bd5   Thumb Code     0  faddsub_clz.o(x$fpl$fadd)
    _fadd                                    0x08001bd5   Thumb Code   196  faddsub_clz.o(x$fpl$fadd)
    __aeabi_f2iz                             0x08001c99   Thumb Code     0  ffix.o(x$fpl$ffix)
    _ffix                                    0x08001c99   Thumb Code    54  ffix.o(x$fpl$ffix)
    __aeabi_ui2f                             0x08001cd1   Thumb Code     0  fflt_clz.o(x$fpl$ffltu)
    _ffltu                                   0x08001cd1   Thumb Code    38  fflt_clz.o(x$fpl$ffltu)
    __aeabi_fmul                             0x08001cf9   Thumb Code     0  fmul.o(x$fpl$fmul)
    _fmul                                    0x08001cf9   Thumb Code   258  fmul.o(x$fpl$fmul)
    __fpl_fnaninf                            0x08001dfb   Thumb Code   140  fnaninf.o(x$fpl$fnaninf)
    __fpl_fretinf                            0x08001e87   Thumb Code    10  fretinf.o(x$fpl$fretinf)
    __aeabi_fsub                             0x08001e91   Thumb Code     0  faddsub_clz.o(x$fpl$fsub)
    _fsub                                    0x08001e91   Thumb Code   234  faddsub_clz.o(x$fpl$fsub)
    __I$use$fp                               0x08001f7a   Number         0  usenofp.o(x$fpl$usenofp)
    RX_ADDRESS                               0x08001f8e   Data           5  nrf24l01.o(.rodata.RX_ADDRESS)
    TX_ADDRESS                               0x08001f93   Data           5  nrf24l01.o(.rodata.TX_ADDRESS)
    Region$$Table$$Base                      0x08001f98   Number         0  anon$$obj.o(Region$$Table)
    Region$$Table$$Limit                     0x08001fb8   Number         0  anon$$obj.o(Region$$Table)
    Remote                                   0x20000000   Data          16  remote.o(.data.Remote)
    tx_data                                  0x20000010   Data          32  remote.o(.data.tx_data)
    __libspace_start                         0x20000030   Data          96  libspace.o(.bss)
    ADC_ConvertedValue                       0x20000090   Data           8  adc_dma_config.o(.bss.ADC_ConvertedValue)
    __temporary_stack_top$libspace           0x20000090   Data           0  libspace.o(.bss)
    SysTick_count                            0x200000a4   Data           4  sys.o(.bss.SysTick_count)
    offset                                   0x200000b0   Data          10  remote.o(.bss.offset)



==============================================================================

Memory Map of the image

  Image Entry point : 0x080000ed

  Load Region LR_IROM1 (Base: 0x08000000, Size: 0x00001fe8, Max: 0x00010000, ABSOLUTE)

    Execution Region ER_IROM1 (Exec base: 0x08000000, Load base: 0x08000000, Size: 0x00001fb8, Max: 0x00010000, ABSOLUTE)

    Exec Addr    Load Addr    Size         Type   Attr      Idx    E Section Name        Object

    0x08000000   0x08000000   0x000000ec   Data   RO           92    RESET               startup_stm32f10x_md.o
    0x080000ec   0x080000ec   0x00000008   Code   RO         1424  * !!!main             c_w.l(__main.o)
    0x080000f4   0x080000f4   0x00000034   Code   RO         1612    !!!scatter          c_w.l(__scatter.o)
    0x08000128   0x08000128   0x0000001a   Code   RO         1614    !!handler_copy      c_w.l(__scatter_copy.o)
    0x08000142   0x08000142   0x00000002   PAD
    0x08000144   0x08000144   0x0000001c   Code   RO         1616    !!handler_zi        c_w.l(__scatter_zi.o)
    0x08000160   0x08000160   0x00000002   Code   RO         1474    .ARM.Collect$$libinit$$00000000  c_w.l(libinit.o)
    0x08000162   0x08000162   0x00000000   Code   RO         1481    .ARM.Collect$$libinit$$00000002  c_w.l(libinit2.o)
    0x08000162   0x08000162   0x00000000   Code   RO         1483    .ARM.Collect$$libinit$$00000004  c_w.l(libinit2.o)
    0x08000162   0x08000162   0x00000000   Code   RO         1485    .ARM.Collect$$libinit$$00000006  c_w.l(libinit2.o)
    0x08000162   0x08000162   0x00000000   Code   RO         1488    .ARM.Collect$$libinit$$0000000C  c_w.l(libinit2.o)
    0x08000162   0x08000162   0x00000000   Code   RO         1490    .ARM.Collect$$libinit$$0000000E  c_w.l(libinit2.o)
    0x08000162   0x08000162   0x00000000   Code   RO         1492    .ARM.Collect$$libinit$$00000010  c_w.l(libinit2.o)
    0x08000162   0x08000162   0x00000000   Code   RO         1495    .ARM.Collect$$libinit$$00000013  c_w.l(libinit2.o)
    0x08000162   0x08000162   0x00000000   Code   RO         1497    .ARM.Collect$$libinit$$00000015  c_w.l(libinit2.o)
    0x08000162   0x08000162   0x00000000   Code   RO         1499    .ARM.Collect$$libinit$$00000017  c_w.l(libinit2.o)
    0x08000162   0x08000162   0x00000000   Code   RO         1501    .ARM.Collect$$libinit$$00000019  c_w.l(libinit2.o)
    0x08000162   0x08000162   0x00000000   Code   RO         1503    .ARM.Collect$$libinit$$0000001B  c_w.l(libinit2.o)
    0x08000162   0x08000162   0x00000000   Code   RO         1505    .ARM.Collect$$libinit$$0000001D  c_w.l(libinit2.o)
    0x08000162   0x08000162   0x00000000   Code   RO         1507    .ARM.Collect$$libinit$$0000001F  c_w.l(libinit2.o)
    0x08000162   0x08000162   0x00000000   Code   RO         1509    .ARM.Collect$$libinit$$00000021  c_w.l(libinit2.o)
    0x08000162   0x08000162   0x00000000   Code   RO         1511    .ARM.Collect$$libinit$$00000023  c_w.l(libinit2.o)
    0x08000162   0x08000162   0x00000000   Code   RO         1513    .ARM.Collect$$libinit$$00000025  c_w.l(libinit2.o)
    0x08000162   0x08000162   0x00000000   Code   RO         1515    .ARM.Collect$$libinit$$00000027  c_w.l(libinit2.o)
    0x08000162   0x08000162   0x00000000   Code   RO         1519    .ARM.Collect$$libinit$$0000002E  c_w.l(libinit2.o)
    0x08000162   0x08000162   0x00000000   Code   RO         1521    .ARM.Collect$$libinit$$00000030  c_w.l(libinit2.o)
    0x08000162   0x08000162   0x00000000   Code   RO         1523    .ARM.Collect$$libinit$$00000032  c_w.l(libinit2.o)
    0x08000162   0x08000162   0x00000000   Code   RO         1525    .ARM.Collect$$libinit$$00000034  c_w.l(libinit2.o)
    0x08000162   0x08000162   0x00000002   Code   RO         1526    .ARM.Collect$$libinit$$00000035  c_w.l(libinit2.o)
    0x08000164   0x08000164   0x00000002   Code   RO         1548    .ARM.Collect$$libshutdown$$00000000  c_w.l(libshutdown.o)
    0x08000166   0x08000166   0x00000000   Code   RO         1563    .ARM.Collect$$libshutdown$$00000002  c_w.l(libshutdown2.o)
    0x08000166   0x08000166   0x00000000   Code   RO         1565    .ARM.Collect$$libshutdown$$00000004  c_w.l(libshutdown2.o)
    0x08000166   0x08000166   0x00000000   Code   RO         1568    .ARM.Collect$$libshutdown$$00000007  c_w.l(libshutdown2.o)
    0x08000166   0x08000166   0x00000000   Code   RO         1571    .ARM.Collect$$libshutdown$$0000000A  c_w.l(libshutdown2.o)
    0x08000166   0x08000166   0x00000000   Code   RO         1573    .ARM.Collect$$libshutdown$$0000000C  c_w.l(libshutdown2.o)
    0x08000166   0x08000166   0x00000000   Code   RO         1576    .ARM.Collect$$libshutdown$$0000000F  c_w.l(libshutdown2.o)
    0x08000166   0x08000166   0x00000002   Code   RO         1577    .ARM.Collect$$libshutdown$$00000010  c_w.l(libshutdown2.o)
    0x08000168   0x08000168   0x00000000   Code   RO         1444    .ARM.Collect$$rtentry$$00000000  c_w.l(__rtentry.o)
    0x08000168   0x08000168   0x00000000   Code   RO         1451    .ARM.Collect$$rtentry$$00000002  c_w.l(__rtentry2.o)
    0x08000168   0x08000168   0x00000006   Code   RO         1463    .ARM.Collect$$rtentry$$00000004  c_w.l(__rtentry4.o)
    0x0800016e   0x0800016e   0x00000000   Code   RO         1453    .ARM.Collect$$rtentry$$00000009  c_w.l(__rtentry2.o)
    0x0800016e   0x0800016e   0x00000004   Code   RO         1454    .ARM.Collect$$rtentry$$0000000A  c_w.l(__rtentry2.o)
    0x08000172   0x08000172   0x00000000   Code   RO         1456    .ARM.Collect$$rtentry$$0000000C  c_w.l(__rtentry2.o)
    0x08000172   0x08000172   0x00000008   Code   RO         1457    .ARM.Collect$$rtentry$$0000000D  c_w.l(__rtentry2.o)
    0x0800017a   0x0800017a   0x00000002   Code   RO         1478    .ARM.Collect$$rtexit$$00000000  c_w.l(rtexit.o)
    0x0800017c   0x0800017c   0x00000000   Code   RO         1528    .ARM.Collect$$rtexit$$00000002  c_w.l(rtexit2.o)
    0x0800017c   0x0800017c   0x00000004   Code   RO         1529    .ARM.Collect$$rtexit$$00000003  c_w.l(rtexit2.o)
    0x08000180   0x08000180   0x00000006   Code   RO         1530    .ARM.Collect$$rtexit$$00000004  c_w.l(rtexit2.o)
    0x08000186   0x08000186   0x00000002   PAD
    0x08000188   0x08000188   0x00000040   Code   RO           93    .text               startup_stm32f10x_md.o
    0x080001c8   0x080001c8   0x00000006   Code   RO         1422    .text               c_w.l(heapauxi.o)
    0x080001ce   0x080001ce   0x0000004a   Code   RO         1465    .text               c_w.l(sys_stackheap_outer.o)
    0x08000218   0x08000218   0x00000012   Code   RO         1467    .text               c_w.l(exit.o)
    0x0800022a   0x0800022a   0x00000002   PAD
    0x0800022c   0x0800022c   0x00000008   Code   RO         1475    .text               c_w.l(libspace.o)
    0x08000234   0x08000234   0x0000000c   Code   RO         1538    .text               c_w.l(sys_exit.o)
    0x08000240   0x08000240   0x00000002   Code   RO         1553    .text               c_w.l(use_no_semi.o)
    0x08000242   0x08000242   0x00000000   Code   RO         1555    .text               c_w.l(indicate_semi.o)
    0x08000242   0x08000242   0x00000002   PAD
    0x08000244   0x08000244   0x00000026   Code   RO         1273    .text.ADC1_DMA_Get_value  adc_dma_config.o
    0x0800026a   0x0800026a   0x00000002   PAD
    0x0800026c   0x0800026c   0x00000034   Code   RO         1269    .text.ADC1_GPIO_Config  adc_dma_config.o
    0x080002a0   0x080002a0   0x000000f2   Code   RO         1271    .text.ADC1_Mode_Config  adc_dma_config.o
    0x08000392   0x08000392   0x00000002   PAD
    0x08000394   0x08000394   0x00000010   Code   RO          172    .text.ADC_Cmd       stm32f10x_adc.o
    0x080003a4   0x080003a4   0x00000012   Code   RO          174    .text.ADC_DMACmd    stm32f10x_adc.o
    0x080003b6   0x080003b6   0x00000002   PAD
    0x080003b8   0x080003b8   0x00000008   Code   RO          184    .text.ADC_GetCalibrationStatus  stm32f10x_adc.o
    0x080003c0   0x080003c0   0x00000008   Code   RO          180    .text.ADC_GetResetCalibrationStatus  stm32f10x_adc.o
    0x080003c8   0x080003c8   0x00000054   Code   RO          168    .text.ADC_Init      stm32f10x_adc.o
    0x0800041c   0x0800041c   0x00000060   Code   RO          194    .text.ADC_RegularChannelConfig  stm32f10x_adc.o
    0x0800047c   0x0800047c   0x0000000a   Code   RO          178    .text.ADC_ResetCalibration  stm32f10x_adc.o
    0x08000486   0x08000486   0x00000002   PAD
    0x08000488   0x08000488   0x00000012   Code   RO          186    .text.ADC_SoftwareStartConvCmd  stm32f10x_adc.o
    0x0800049a   0x0800049a   0x00000002   PAD
    0x0800049c   0x0800049c   0x0000000a   Code   RO          182    .text.ADC_StartCalibration  stm32f10x_adc.o
    0x080004a6   0x080004a6   0x00000002   PAD
    0x080004a8   0x080004a8   0x00000002   Code   RO           60    .text.BusFault_Handler  stm32f10x_it.o
    0x080004aa   0x080004aa   0x00000002   PAD
    0x080004ac   0x080004ac   0x00000016   Code   RO          442    .text.DMA_Cmd       stm32f10x_dma.o
    0x080004c2   0x080004c2   0x00000002   PAD
    0x080004c4   0x080004c4   0x0000010c   Code   RO          436    .text.DMA_DeInit    stm32f10x_dma.o
    0x080005d0   0x080005d0   0x00000048   Code   RO          438    .text.DMA_Init      stm32f10x_dma.o
    0x08000618   0x08000618   0x00000002   Code   RO           66    .text.DebugMon_Handler  stm32f10x_it.o
    0x0800061a   0x0800061a   0x00000002   PAD
    0x0800061c   0x0800061c   0x00000018   Code   RO          494    .text.FLASH_PrefetchBufferCmd  stm32f10x_flash.o
    0x08000634   0x08000634   0x00000014   Code   RO          490    .text.FLASH_SetLatency  stm32f10x_flash.o
    0x08000648   0x08000648   0x000000c0   Code   RO          604    .text.GPIO_Init     stm32f10x_gpio.o
    0x08000708   0x08000708   0x00000004   Code   RO          616    .text.GPIO_SetBits  stm32f10x_gpio.o
    0x0800070c   0x0800070c   0x00000002   Code   RO           56    .text.HardFault_Handler  stm32f10x_it.o
    0x0800070e   0x0800070e   0x00000002   PAD
    0x08000710   0x08000710   0x0000003e   Code   RO         1308    .text.I2c_WaitAck   iic_software.o
    0x0800074e   0x0800074e   0x00000002   PAD
    0x08000750   0x08000750   0x00000026   Code   RO         1304    .text.IIC_Init      iic_software.o
    0x08000776   0x08000776   0x00000002   PAD
    0x08000778   0x08000778   0x00000236   Code   RO         1310    .text.IIC_Read_One_Byte  iic_software.o
    0x080009ae   0x080009ae   0x00000002   PAD
    0x080009b0   0x080009b0   0x0000019a   Code   RO         1306    .text.IIC_Write_Bytes  iic_software.o
    0x08000b4a   0x08000b4a   0x00000002   PAD
    0x08000b4c   0x08000b4c   0x00000016   Code   RO         1312    .text.IIC_Write_One_Byte  iic_software.o
    0x08000b62   0x08000b62   0x00000002   PAD
    0x08000b64   0x08000b64   0x0000024e   Code   RO         1314    .text.IIC_read_Bytes  iic_software.o
    0x08000db2   0x08000db2   0x00000002   PAD
    0x08000db4   0x08000db4   0x00000002   Code   RO           58    .text.MemManage_Handler  stm32f10x_it.o
    0x08000db6   0x08000db6   0x00000002   PAD
    0x08000db8   0x08000db8   0x00000002   Code   RO           54    .text.NMI_Handler   stm32f10x_it.o
    0x08000dba   0x08000dba   0x00000002   PAD
    0x08000dbc   0x08000dbc   0x0000011e   Code   RO         1351    .text.NRF24L01_TxPacket  nrf24l01.o
    0x08000eda   0x08000eda   0x00000002   PAD
    0x08000edc   0x08000edc   0x00000144   Code   RO         1357    .text.NRF24L01_init  nrf24l01.o
    0x08001020   0x08001020   0x000000c4   Code   RO         1385    .text.NRF_SEND      remote.o
    0x080010e4   0x080010e4   0x0000005e   Code   RO          150    .text.NVIC_Init     misc.o
    0x08001142   0x08001142   0x00000002   PAD
    0x08001144   0x08001144   0x00000014   Code   RO          148    .text.NVIC_PriorityGroupConfig  misc.o
    0x08001158   0x08001158   0x00000002   Code   RO           68    .text.PendSV_Handler  stm32f10x_it.o
    0x0800115a   0x0800115a   0x00000002   PAD
    0x0800115c   0x0800115c   0x00000014   Code   RO          795    .text.RCC_ADCCLKConfig  stm32f10x_rcc.o
    0x08001170   0x08001170   0x00000018   Code   RO          807    .text.RCC_AHBPeriphClockCmd  stm32f10x_rcc.o
    0x08001188   0x08001188   0x00000018   Code   RO          811    .text.RCC_APB1PeriphClockCmd  stm32f10x_rcc.o
    0x080011a0   0x080011a0   0x00000018   Code   RO          809    .text.RCC_APB2PeriphClockCmd  stm32f10x_rcc.o
    0x080011b8   0x080011b8   0x0000007a   Code   RO          100    .text.RCC_Configuration  main.o
    0x08001232   0x08001232   0x00000002   PAD
    0x08001234   0x08001234   0x00000042   Code   RO          765    .text.RCC_DeInit    stm32f10x_rcc.o
    0x08001276   0x08001276   0x00000002   PAD
    0x08001278   0x08001278   0x000000a0   Code   RO          805    .text.RCC_GetClocksFreq  stm32f10x_rcc.o
    0x08001318   0x08001318   0x00000026   Code   RO          771    .text.RCC_GetFlagStatus  stm32f10x_rcc.o
    0x0800133e   0x0800133e   0x00000002   PAD
    0x08001340   0x08001340   0x00000010   Code   RO          783    .text.RCC_GetSYSCLKSource  stm32f10x_rcc.o
    0x08001350   0x08001350   0x00000014   Code   RO          785    .text.RCC_HCLKConfig  stm32f10x_rcc.o
    0x08001364   0x08001364   0x0000000a   Code   RO          775    .text.RCC_HSICmd    stm32f10x_rcc.o
    0x0800136e   0x0800136e   0x00000002   PAD
    0x08001370   0x08001370   0x00000014   Code   RO          787    .text.RCC_PCLK1Config  stm32f10x_rcc.o
    0x08001384   0x08001384   0x00000016   Code   RO          789    .text.RCC_PCLK2Config  stm32f10x_rcc.o
    0x0800139a   0x0800139a   0x00000002   PAD
    0x0800139c   0x0800139c   0x0000000a   Code   RO          779    .text.RCC_PLLCmd    stm32f10x_rcc.o
    0x080013a6   0x080013a6   0x00000002   PAD
    0x080013a8   0x080013a8   0x00000016   Code   RO          777    .text.RCC_PLLConfig  stm32f10x_rcc.o
    0x080013be   0x080013be   0x00000002   PAD
    0x080013c0   0x080013c0   0x00000014   Code   RO          781    .text.RCC_SYSCLKConfig  stm32f10x_rcc.o
    0x080013d4   0x080013d4   0x0000020e   Code   RO         1387    .text.RC_Analy      remote.o
    0x080015e2   0x080015e2   0x00000002   PAD
    0x080015e4   0x080015e4   0x00000022   Code   RO         1383    .text.RC_INIT       remote.o
    0x08001606   0x08001606   0x00000002   PAD
    0x08001608   0x08001608   0x00000064   Code   RO         1292    .text.SPI_Config    spi.o
    0x0800166c   0x0800166c   0x0000004e   Code   RO         1294    .text.SPI_RW        spi.o
    0x080016ba   0x080016ba   0x00000002   PAD
    0x080016bc   0x080016bc   0x00000002   Code   RO           64    .text.SVC_Handler   stm32f10x_it.o
    0x080016be   0x080016be   0x00000002   PAD
    0x080016c0   0x080016c0   0x0000002a   Code   RO          137    .text.SysTick_Handler  sys.o
    0x080016ea   0x080016ea   0x00000002   PAD
    0x080016ec   0x080016ec   0x00000012   Code   RO           77    .text.SystemInit    system_stm32f10x.o
    0x080016fe   0x080016fe   0x00000002   PAD
    0x08001700   0x08001700   0x00000100   Code   RO         1355    .text.TX_Mode       nrf24l01.o
    0x08001800   0x08001800   0x0000000e   Code   RO         1328    .text.USART1_IRQHandler  usart.o
    0x0800180e   0x0800180e   0x00000002   PAD
    0x08001810   0x08001810   0x00000002   Code   RO           62    .text.UsageFault_Handler  stm32f10x_it.o
    0x08001812   0x08001812   0x00000002   PAD
    0x08001814   0x08001814   0x00000024   Code   RO          135    .text._g_Init_sys   sys.o
    0x08001838   0x08001838   0x00000028   Code   RO          116    .text.cycleCounterInit  delay.o
    0x08001860   0x08001860   0x0000007a   Code   RO          120    .text.delay_ms      delay.o
    0x080018da   0x080018da   0x00000002   PAD
    0x080018dc   0x080018dc   0x00000002   Code   RO          122    .text.delay_us      delay.o
    0x080018de   0x080018de   0x00000002   PAD
    0x080018e0   0x080018e0   0x0000000c   Code   RO          133    .text.get_SysTick_count  sys.o
    0x080018ec   0x080018ec   0x00000098   Code   RO         1408    .text.key           key.o
    0x08001984   0x08001984   0x0000005c   Code   RO         1406    .text.key_init      key.o
    0x080019e0   0x080019e0   0x00000086   Code   RO          106    .text.main          main.o
    0x08001a66   0x08001a66   0x00000002   PAD
    0x08001a68   0x08001a68   0x0000001a   Code   RO         1369    .text.read_AT24C02  eeprom.o
    0x08001a82   0x08001a82   0x00000002   PAD
    0x08001a84   0x08001a84   0x00000102   Code   RO         1389    .text.remote_key_scan  remote.o
    0x08001b86   0x08001b86   0x00000002   PAD
    0x08001b88   0x08001b88   0x00000028   Code   RO         1373    .text.test_AT24C02  eeprom.o
    0x08001bb0   0x08001bb0   0x00000022   Code   RO         1371    .text.write_AT24C02  eeprom.o
    0x08001bd2   0x08001bd2   0x00000002   PAD
    0x08001bd4   0x08001bd4   0x000000c4   Code   RO         1426    x$fpl$fadd          fz_ws.l(faddsub_clz.o)
    0x08001c98   0x08001c98   0x00000036   Code   RO         1432    x$fpl$ffix          fz_ws.l(ffix.o)
    0x08001cce   0x08001cce   0x00000002   PAD
    0x08001cd0   0x08001cd0   0x00000026   Code   RO         1436    x$fpl$ffltu         fz_ws.l(fflt_clz.o)
    0x08001cf6   0x08001cf6   0x00000002   PAD
    0x08001cf8   0x08001cf8   0x00000102   Code   RO         1442    x$fpl$fmul          fz_ws.l(fmul.o)
    0x08001dfa   0x08001dfa   0x0000008c   Code   RO         1445    x$fpl$fnaninf       fz_ws.l(fnaninf.o)
    0x08001e86   0x08001e86   0x0000000a   Code   RO         1447    x$fpl$fretinf       fz_ws.l(fretinf.o)
    0x08001e90   0x08001e90   0x000000ea   Code   RO         1428    x$fpl$fsub          fz_ws.l(faddsub_clz.o)
    0x08001f7a   0x08001f7a   0x00000000   Code   RO         1449    x$fpl$usenofp       fz_ws.l(usenofp.o)
    0x08001f7a   0x08001f7a   0x00000004   Data   RO          830    .rodata.ADCPrescTable  stm32f10x_rcc.o
    0x08001f7e   0x08001f7e   0x00000010   Data   RO          829    .rodata.APBAHBPrescTable  stm32f10x_rcc.o
    0x08001f8e   0x08001f8e   0x00000005   Data   RO         1360    .rodata.RX_ADDRESS  nrf24l01.o
    0x08001f93   0x08001f93   0x00000005   Data   RO         1359    .rodata.TX_ADDRESS  nrf24l01.o
    0x08001f98   0x08001f98   0x00000020   Data   RO         1611    Region$$Table       anon$$obj.o


    Execution Region RW_IRAM1 (Exec base: 0x20000000, Load base: 0x08001fb8, Size: 0x000006c0, Max: 0x00005000, ABSOLUTE)

    Exec Addr    Load Addr    Size         Type   Attr      Idx    E Section Name        Object

    0x20000000   0x08001fb8   0x00000010   Data   RW         1391    .data.Remote        remote.o
    0x20000010   0x08001fc8   0x00000020   Data   RW         1393    .data.tx_data       remote.o
    0x20000030        -       0x00000060   Zero   RW         1476    .bss                c_w.l(libspace.o)
    0x20000090        -       0x00000008   Zero   RW         1275    .bss.ADC_ConvertedValue  adc_dma_config.o
    0x20000098        -       0x00000002   Zero   RW         1396    .bss.RC_Analy.last_pitch  remote.o
    0x2000009a        -       0x00000002   Zero   RW         1395    .bss.RC_Analy.last_roll  remote.o
    0x2000009c        -       0x00000002   Zero   RW         1394    .bss.RC_Analy.last_thr  remote.o
    0x2000009e        -       0x00000002   Zero   RW         1397    .bss.RC_Analy.last_yaw  remote.o
    0x200000a0        -       0x00000001   Zero   RW          140    .bss.SysTick_Handler.Count_10ms  sys.o
    0x200000a1   0x08001fe8   0x00000003   PAD
    0x200000a4        -       0x00000004   Zero   RW          139    .bss.SysTick_count  sys.o
    0x200000a8        -       0x00000001   Zero   RW         1410    .bss.key.status     key.o
    0x200000a9   0x08001fe8   0x00000003   PAD
    0x200000ac        -       0x00000004   Zero   RW         1411    .bss.key.temp       key.o
    0x200000b0        -       0x0000000a   Zero   RW         1392    .bss.offset         remote.o
    0x200000ba   0x08001fe8   0x00000002   PAD
    0x200000bc        -       0x00000004   Zero   RW          124    .bss.usTicks        delay.o
    0x200000c0        -       0x00000200   Zero   RW           91    HEAP                startup_stm32f10x_md.o
    0x200002c0        -       0x00000400   Zero   RW           90    STACK               startup_stm32f10x_md.o


==============================================================================

Image component sizes


      Code (inc. data)   RO Data    RW Data    ZI Data      Debug   Object Name

       332          0          0          0          8       3409   adc_dma_config.o
       164          0          0          0          4       2115   delay.o
       100          0          0          0          0       1185   eeprom.o
      1688          0          0          0          0       5963   iic_software.o
       244          0          0          0          5       2023   key.o
       256          0          0          0          0       4879   main.o
       114          0          0          0          0       3218   misc.o
       866          0         10          0          0       9134   nrf24l01.o
      1014          0          0         48         18       3205   remote.o
       178          0          0          0          0       1930   spi.o
        64         26        236          0       1536        836   startup_stm32f10x_md.o
       268          0          0          0          0       9611   stm32f10x_adc.o
       362          0          0          0          0       3906   stm32f10x_dma.o
        44          0          0          0          0      18313   stm32f10x_flash.o
       196          0          0          0          0       5986   stm32f10x_gpio.o
        16          0          0          0          0        969   stm32f10x_it.o
       496          0         20          0          0       8330   stm32f10x_rcc.o
        90          0          0          0          5       1014   sys.o
        18          0          0          0          0       1604   system_stm32f10x.o
        14          0          0          0          0       4219   usart.o

    ----------------------------------------------------------------------
      6608         26        298         48       1584      91849   Object Totals
         0          0         32          0          0          0   (incl. Generated)
        84          0          0          0          8          0   (incl. Padding)

    ----------------------------------------------------------------------

      Code (inc. data)   RO Data    RW Data    ZI Data      Debug   Library Member Name

         8          0          0          0          0         68   __main.o
         0          0          0          0          0          0   __rtentry.o
        12          0          0          0          0          0   __rtentry2.o
         6          0          0          0          0          0   __rtentry4.o
        52          8          0          0          0          0   __scatter.o
        26          0          0          0          0          0   __scatter_copy.o
        28          0          0          0          0          0   __scatter_zi.o
        18          0          0          0          0         80   exit.o
         6          0          0          0          0        152   heapauxi.o
         0          0          0          0          0          0   indicate_semi.o
         2          0          0          0          0          0   libinit.o
         2          0          0          0          0          0   libinit2.o
         2          0          0          0          0          0   libshutdown.o
         2          0          0          0          0          0   libshutdown2.o
         8          4          0          0         96         68   libspace.o
         2          0          0          0          0          0   rtexit.o
        10          0          0          0          0          0   rtexit2.o
        12          4          0          0          0         68   sys_exit.o
        74          0          0          0          0         80   sys_stackheap_outer.o
         2          0          0          0          0         68   use_no_semi.o
       430          8          0          0          0        168   faddsub_clz.o
        54          4          0          0          0         84   ffix.o
        38          0          0          0          0         68   fflt_clz.o
       258          4          0          0          0         84   fmul.o
       140          4          0          0          0         84   fnaninf.o
        10          0          0          0          0         68   fretinf.o
         0          0          0          0          0          0   usenofp.o

    ----------------------------------------------------------------------
      1214         36          0          0         96       1140   Library Totals
        12          0          0          0          0          0   (incl. Padding)

    ----------------------------------------------------------------------

      Code (inc. data)   RO Data    RW Data    ZI Data      Debug   Library Name

       272         16          0          0         96        584   c_w.l
       930         20          0          0          0        556   fz_ws.l

    ----------------------------------------------------------------------
      1214         36          0          0         96       1140   Library Totals

    ----------------------------------------------------------------------

==============================================================================


      Code (inc. data)   RO Data    RW Data    ZI Data      Debug   

      7822         62        298         48       1680      92157   Grand Totals
      7822         62        298         48       1680      92157   ELF Image Totals
      7822         62        298         48          0          0   ROM Totals

==============================================================================

    Total RO  Size (Code + RO Data)                 8120 (   7.93kB)
    Total RW  Size (RW Data + ZI Data)              1728 (   1.69kB)
    Total ROM Size (Code + RO Data + RW Data)       8168 (   7.98kB)

==============================================================================

