Component: Arm Compiler for Embedded 6.19 Tool: armlink [5e73cb00]

==============================================================================

Section Cross References

    misc.o(.ARM.exidx.text.NVIC_PriorityGroupConfig) refers to misc.o(.text.NVIC_PriorityGroupConfig) for [Anonymous Symbol]
    misc.o(.ARM.exidx.text.NVIC_Init) refers to misc.o(.text.NVIC_Init) for [Anonymous Symbol]
    misc.o(.ARM.exidx.text.NVIC_SetVectorTable) refers to misc.o(.text.NVIC_SetVectorTable) for [Anonymous Symbol]
    misc.o(.ARM.exidx.text.NVIC_SystemLPConfig) refers to misc.o(.text.NVIC_SystemLPConfig) for [Anonymous Symbol]
    misc.o(.ARM.exidx.text.SysTick_CLKSourceConfig) refers to misc.o(.text.SysTick_CLKSourceConfig) for [Anonymous Symbol]
    stm32f10x_adc.o(.text.ADC_DeInit) refers to stm32f10x_rcc.o(.text.RCC_APB2PeriphResetCmd) for RCC_APB2PeriphResetCmd
    stm32f10x_adc.o(.ARM.exidx.text.ADC_DeInit) refers to stm32f10x_adc.o(.text.ADC_DeInit) for [Anonymous Symbol]
    stm32f10x_adc.o(.ARM.exidx.text.ADC_Init) refers to stm32f10x_adc.o(.text.ADC_Init) for [Anonymous Symbol]
    stm32f10x_adc.o(.ARM.exidx.text.ADC_StructInit) refers to stm32f10x_adc.o(.text.ADC_StructInit) for [Anonymous Symbol]
    stm32f10x_adc.o(.ARM.exidx.text.ADC_Cmd) refers to stm32f10x_adc.o(.text.ADC_Cmd) for [Anonymous Symbol]
    stm32f10x_adc.o(.ARM.exidx.text.ADC_DMACmd) refers to stm32f10x_adc.o(.text.ADC_DMACmd) for [Anonymous Symbol]
    stm32f10x_adc.o(.ARM.exidx.text.ADC_ITConfig) refers to stm32f10x_adc.o(.text.ADC_ITConfig) for [Anonymous Symbol]
    stm32f10x_adc.o(.ARM.exidx.text.ADC_ResetCalibration) refers to stm32f10x_adc.o(.text.ADC_ResetCalibration) for [Anonymous Symbol]
    stm32f10x_adc.o(.ARM.exidx.text.ADC_GetResetCalibrationStatus) refers to stm32f10x_adc.o(.text.ADC_GetResetCalibrationStatus) for [Anonymous Symbol]
    stm32f10x_adc.o(.ARM.exidx.text.ADC_StartCalibration) refers to stm32f10x_adc.o(.text.ADC_StartCalibration) for [Anonymous Symbol]
    stm32f10x_adc.o(.ARM.exidx.text.ADC_GetCalibrationStatus) refers to stm32f10x_adc.o(.text.ADC_GetCalibrationStatus) for [Anonymous Symbol]
    stm32f10x_adc.o(.ARM.exidx.text.ADC_SoftwareStartConvCmd) refers to stm32f10x_adc.o(.text.ADC_SoftwareStartConvCmd) for [Anonymous Symbol]
    stm32f10x_adc.o(.ARM.exidx.text.ADC_GetSoftwareStartConvStatus) refers to stm32f10x_adc.o(.text.ADC_GetSoftwareStartConvStatus) for [Anonymous Symbol]
    stm32f10x_adc.o(.ARM.exidx.text.ADC_DiscModeChannelCountConfig) refers to stm32f10x_adc.o(.text.ADC_DiscModeChannelCountConfig) for [Anonymous Symbol]
    stm32f10x_adc.o(.ARM.exidx.text.ADC_DiscModeCmd) refers to stm32f10x_adc.o(.text.ADC_DiscModeCmd) for [Anonymous Symbol]
    stm32f10x_adc.o(.ARM.exidx.text.ADC_RegularChannelConfig) refers to stm32f10x_adc.o(.text.ADC_RegularChannelConfig) for [Anonymous Symbol]
    stm32f10x_adc.o(.ARM.exidx.text.ADC_ExternalTrigConvCmd) refers to stm32f10x_adc.o(.text.ADC_ExternalTrigConvCmd) for [Anonymous Symbol]
    stm32f10x_adc.o(.ARM.exidx.text.ADC_GetConversionValue) refers to stm32f10x_adc.o(.text.ADC_GetConversionValue) for [Anonymous Symbol]
    stm32f10x_adc.o(.ARM.exidx.text.ADC_GetDualModeConversionValue) refers to stm32f10x_adc.o(.text.ADC_GetDualModeConversionValue) for [Anonymous Symbol]
    stm32f10x_adc.o(.ARM.exidx.text.ADC_AutoInjectedConvCmd) refers to stm32f10x_adc.o(.text.ADC_AutoInjectedConvCmd) for [Anonymous Symbol]
    stm32f10x_adc.o(.ARM.exidx.text.ADC_InjectedDiscModeCmd) refers to stm32f10x_adc.o(.text.ADC_InjectedDiscModeCmd) for [Anonymous Symbol]
    stm32f10x_adc.o(.ARM.exidx.text.ADC_ExternalTrigInjectedConvConfig) refers to stm32f10x_adc.o(.text.ADC_ExternalTrigInjectedConvConfig) for [Anonymous Symbol]
    stm32f10x_adc.o(.ARM.exidx.text.ADC_ExternalTrigInjectedConvCmd) refers to stm32f10x_adc.o(.text.ADC_ExternalTrigInjectedConvCmd) for [Anonymous Symbol]
    stm32f10x_adc.o(.ARM.exidx.text.ADC_SoftwareStartInjectedConvCmd) refers to stm32f10x_adc.o(.text.ADC_SoftwareStartInjectedConvCmd) for [Anonymous Symbol]
    stm32f10x_adc.o(.ARM.exidx.text.ADC_GetSoftwareStartInjectedConvCmdStatus) refers to stm32f10x_adc.o(.text.ADC_GetSoftwareStartInjectedConvCmdStatus) for [Anonymous Symbol]
    stm32f10x_adc.o(.ARM.exidx.text.ADC_InjectedChannelConfig) refers to stm32f10x_adc.o(.text.ADC_InjectedChannelConfig) for [Anonymous Symbol]
    stm32f10x_adc.o(.ARM.exidx.text.ADC_InjectedSequencerLengthConfig) refers to stm32f10x_adc.o(.text.ADC_InjectedSequencerLengthConfig) for [Anonymous Symbol]
    stm32f10x_adc.o(.ARM.exidx.text.ADC_SetInjectedOffset) refers to stm32f10x_adc.o(.text.ADC_SetInjectedOffset) for [Anonymous Symbol]
    stm32f10x_adc.o(.ARM.exidx.text.ADC_GetInjectedConversionValue) refers to stm32f10x_adc.o(.text.ADC_GetInjectedConversionValue) for [Anonymous Symbol]
    stm32f10x_adc.o(.ARM.exidx.text.ADC_AnalogWatchdogCmd) refers to stm32f10x_adc.o(.text.ADC_AnalogWatchdogCmd) for [Anonymous Symbol]
[...]
    xTaskPriorityInherit                     0x080092d5   Thumb Code   348  tasks.o(.text.xTaskPriorityInherit)
    xTaskRemoveFromEventList                 0x08009431   Thumb Code   368  tasks.o(.text.xTaskRemoveFromEventList)
    xTaskResumeAll                           0x080095a1   Thumb Code   510  tasks.o(.text.xTaskResumeAll)
    _btod_d2e                                0x0800979f   Thumb Code    62  btod.o(CL$$btod_d2e)
    _d2e_denorm_low                          0x080097dd   Thumb Code    70  btod.o(CL$$btod_d2e_denorm_low)
    _d2e_norm_op1                            0x08009823   Thumb Code    96  btod.o(CL$$btod_d2e_norm_op1)
    __btod_div_common                        0x08009885   Thumb Code   696  btod.o(CL$$btod_div_common)
    _e2e                                     0x08009bbd   Thumb Code   220  btod.o(CL$$btod_e2e)
    _btod_ediv                               0x08009c99   Thumb Code    42  btod.o(CL$$btod_ediv)
    _btod_emul                               0x08009cc3   Thumb Code    42  btod.o(CL$$btod_emul)
    __btod_mult_common                       0x08009ced   Thumb Code   580  btod.o(CL$$btod_mult_common)
    __ARM_fpclassify                         0x08009f31   Thumb Code    40  fpclassify.o(i.__ARM_fpclassify)
    __kernel_poly                            0x08009f59   Thumb Code   170  poly.o(i.__kernel_poly)
    __mathlib_dbl_infnan                     0x0800a003   Thumb Code     6  dunder.o(i.__mathlib_dbl_infnan)
    __mathlib_dbl_infnan2                    0x0800a009   Thumb Code     4  dunder.o(i.__mathlib_dbl_infnan2)
    __mathlib_dbl_invalid                    0x0800a00d   Thumb Code    12  dunder.o(i.__mathlib_dbl_invalid)
    __mathlib_dbl_underflow                  0x0800a019   Thumb Code    10  dunder.o(i.__mathlib_dbl_underflow)
    _is_digit                                0x0800a029   Thumb Code    14  __printf_wp.o(i._is_digit)
    asin                                     0x0800a039   Thumb Code   572  asin.o(i.asin)
    atan                                     0x0800a2a9   Thumb Code   474  atan.o(i.atan)
    atan2                                    0x0800a4c9   Thumb Code   374  atan2.o(i.atan2)
    sqrt                                     0x0800a665   Thumb Code    76  sqrt.o(i.sqrt)
    _get_lc_numeric                          0x0800a6b1   Thumb Code    44  lc_numeric_c.o(locale$$code)
    _get_lc_ctype                            0x0800a6dd   Thumb Code    44  lc_ctype_c.o(locale$$code)
    __aeabi_d2f                              0x0800a709   Thumb Code     0  d2f.o(x$fpl$d2f)
    _d2f                                     0x0800a709   Thumb Code    98  d2f.o(x$fpl$d2f)
    __aeabi_dadd                             0x0800a76d   Thumb Code     0  daddsub_clz.o(x$fpl$dadd)
    _dadd                                    0x0800a76d   Thumb Code   332  daddsub_clz.o(x$fpl$dadd)
    __fpl_dcheck_NaN1                        0x0800a8bd   Thumb Code    10  dcheck1.o(x$fpl$dcheck1)
    __fpl_dcmp_Inf                           0x0800a8cd   Thumb Code    24  dcmpi.o(x$fpl$dcmpinf)
    __aeabi_ddiv                             0x0800a8e5   Thumb Code     0  ddiv.o(x$fpl$ddiv)
    _ddiv                                    0x0800a8e5   Thumb Code   556  ddiv.o(x$fpl$ddiv)
    __aeabi_cdcmpeq                          0x0800ab99   Thumb Code     0  deqf.o(x$fpl$deqf)
    _dcmpeq                                  0x0800ab99   Thumb Code   120  deqf.o(x$fpl$deqf)
    __aeabi_dmul                             0x0800ac11   Thumb Code     0  dmul.o(x$fpl$dmul)
    _dmul                                    0x0800ac11   Thumb Code   332  dmul.o(x$fpl$dmul)
    __fpl_dnaninf                            0x0800ad65   Thumb Code   156  dnaninf.o(x$fpl$dnaninf)
    __fpl_dretinf                            0x0800ae01   Thumb Code    12  dretinf.o(x$fpl$dretinf)
    __aeabi_drsub                            0x0800ae0d   Thumb Code     0  daddsub_clz.o(x$fpl$drsb)
    _drsb                                    0x0800ae0d   Thumb Code    22  daddsub_clz.o(x$fpl$drsb)
    _dsqrt                                   0x0800ae25   Thumb Code   456  dsqrt_noumaal.o(x$fpl$dsqrt)
    __aeabi_dsub                             0x0800aff1   Thumb Code     0  daddsub_clz.o(x$fpl$dsub)
    _dsub                                    0x0800aff1   Thumb Code   472  daddsub_clz.o(x$fpl$dsub)
    __aeabi_f2d                              0x0800b1cd   Thumb Code     0  f2d.o(x$fpl$f2d)
    _f2d                                     0x0800b1cd   Thumb Code    86  f2d.o(x$fpl$f2d)
    __aeabi_fadd                             0x0800b225   Thumb Code     0  faddsub_clz.o(x$fpl$fadd)
    _fadd                                    0x0800b225   Thumb Code   196  faddsub_clz.o(x$fpl$fadd)
    __aeabi_fcmpeq                           0x0800b2e9   Thumb Code     0  fcmp.o(x$fpl$fcmp)
    _feq                                     0x0800b2e9   Thumb Code    14  fcmp.o(x$fpl$fcmp)
    _fneq                                    0x0800b2f7   Thumb Code    14  fcmp.o(x$fpl$fcmp)
    __aeabi_fcmpgt                           0x0800b305   Thumb Code     0  fcmp.o(x$fpl$fcmp)
    _fgr                                     0x0800b305   Thumb Code    14  fcmp.o(x$fpl$fcmp)
    __aeabi_fcmpge                           0x0800b313   Thumb Code     0  fcmp.o(x$fpl$fcmp)
    _fgeq                                    0x0800b313   Thumb Code    14  fcmp.o(x$fpl$fcmp)
    __aeabi_fcmple                           0x0800b321   Thumb Code     0  fcmp.o(x$fpl$fcmp)
    _fleq                                    0x0800b321   Thumb Code    14  fcmp.o(x$fpl$fcmp)
    __aeabi_fcmplt                           0x0800b32f   Thumb Code     0  fcmp.o(x$fpl$fcmp)
    _fls                                     0x0800b32f   Thumb Code    14  fcmp.o(x$fpl$fcmp)
    __fpl_fcmp_Inf                           0x0800b33d   Thumb Code    24  fcmpi.o(x$fpl$fcmpinf)
    __aeabi_fdiv                             0x0800b355   Thumb Code     0  fdiv.o(x$fpl$fdiv)
    _fdiv                                    0x0800b355   Thumb Code   384  fdiv.o(x$fpl$fdiv)
    __aeabi_cfcmpeq                          0x0800b4d9   Thumb Code     0  feqf.o(x$fpl$feqf)
    _fcmpeq                                  0x0800b4d9   Thumb Code   104  feqf.o(x$fpl$feqf)
    __aeabi_f2iz                             0x0800b541   Thumb Code     0  ffix.o(x$fpl$ffix)
    _ffix                                    0x0800b541   Thumb Code    54  ffix.o(x$fpl$ffix)
    __aeabi_i2f                              0x0800b579   Thumb Code     0  fflt_clz.o(x$fpl$fflt)
    _fflt                                    0x0800b579   Thumb Code    48  fflt_clz.o(x$fpl$fflt)
    __aeabi_ui2f                             0x0800b5a9   Thumb Code     0  fflt_clz.o(x$fpl$ffltu)
    _ffltu                                   0x0800b5a9   Thumb Code    38  fflt_clz.o(x$fpl$ffltu)
    _fcmpge                                  0x0800b5d1   Thumb Code   104  fgeqf.o(x$fpl$fgeqf)
    __aeabi_cfcmple                          0x0800b639   Thumb Code     0  fleqf.o(x$fpl$fleqf)
    _fcmple                                  0x0800b639   Thumb Code   104  fleqf.o(x$fpl$fleqf)
    __fpl_fcmple_InfNaN                      0x0800b68b   Thumb Code     0  fleqf.o(x$fpl$fleqf)
    __aeabi_fmul                             0x0800b6a1   Thumb Code     0  fmul.o(x$fpl$fmul)
    _fmul                                    0x0800b6a1   Thumb Code   258  fmul.o(x$fpl$fmul)
    __fpl_fnaninf                            0x0800b7a3   Thumb Code   140  fnaninf.o(x$fpl$fnaninf)
    __fpl_fretinf                            0x0800b82f   Thumb Code    10  fretinf.o(x$fpl$fretinf)
    __aeabi_fsub                             0x0800b839   Thumb Code     0  faddsub_clz.o(x$fpl$fsub)
    _fsub                                    0x0800b839   Thumb Code   234  faddsub_clz.o(x$fpl$fsub)
    _printf_fp_dec                           0x0800b923   Thumb Code     4  printf1.o(x$fpl$printf1)
    _printf_fp_hex                           0x0800b927   Thumb Code     4  printf2.o(x$fpl$printf2)
    __fpl_return_NaN                         0x0800b92b   Thumb Code   100  retnan.o(x$fpl$retnan)
    __ARM_scalbn                             0x0800b98f   Thumb Code    92  scalbn.o(x$fpl$scalbn)
    __fpl_cmpreturn                          0x0800b9eb   Thumb Code    48  trapv.o(x$fpl$trapveneer)
    __I$use$fp                               0x0800ba1a   Number         0  usenofp.o(x$fpl$usenofp)
    __mathlib_zero                           0x0800bb50   Data           8  qnan.o(.constdata)
    Gyro_G                                   0x0800bc3c   Data           4  mymath.o(.rodata.Gyro_G)
    Gyro_Gr                                  0x0800bc40   Data           4  mymath.o(.rodata.Gyro_Gr)
    RtA                                      0x0800bc4c   Data           4  mymath.o(.rodata.RtA)
    uxTopUsedPriority                        0x0800bdc4   Data           4  tasks.o(.rodata.uxTopUsedPriority)
    Region$$Table$$Base                      0x0800bdc8   Number         0  anon$$obj.o(Region$$Table)
    Region$$Table$$Limit                     0x0800bde8   Number         0  anon$$obj.o(Region$$Table)
    __ctype                                  0x0800be11   Data           0  lc_ctype_c.o(locale$$data)
    NumQ                                     0x20000008   Data          16  imu.o(.data.NumQ)
    __libspace_start                         0x20000078   Data          96  libspace.o(.bss)
    ADC_Value                                0x200000d8   Data          20  adc_dma.o(.bss.ADC_Value)
    __temporary_stack_top$libspace           0x200000d8   Data           0  libspace.o(.bss)
    BlueSerial_RxFlag                        0x200000ec   Data           1  blueserial.o(.bss.BlueSerial_RxFlag)
    BlueSerial_RxPacket                      0x200000ed   Data         100  blueserial.o(.bss.BlueSerial_RxPacket)
    GyroIntegError                           0x200001bc   Data          12  imu.o(.bss.GyroIntegError)
    MpuOffset                                0x200001c8   Data          12  mpu6050.o(.bss.MpuOffset)
    pidPitch                                 0x200001f0   Data          52  init.o(.bss.pidPitch)
    pidRateX                                 0x20000224   Data          52  init.o(.bss.pidRateX)
    pidRateY                                 0x20000258   Data          52  init.o(.bss.pidRateY)
    pidRateZ                                 0x2000028c   Data          52  init.o(.bss.pidRateZ)
    pidRoll                                  0x200002c0   Data          52  init.o(.bss.pidRoll)
    pidYaw                                   0x200002f4   Data          52  init.o(.bss.pidYaw)
    pxCurrentTCB                             0x20000328   Data           4  tasks.o(.bss.pxCurrentTCB)



==============================================================================

Memory Map of the image

  Image Entry point : 0x080000ed

  Load Region LR_IROM1 (Base: 0x08000000, Size: 0x0000bf90, Max: 0x00010000, ABSOLUTE)

    Execution Region ER_IROM1 (Exec base: 0x08000000, Load base: 0x08000000, Size: 0x0000bf14, Max: 0x00010000, ABSOLUTE)

    Exec Addr    Load Addr    Size         Type   Attr      Idx    E Section Name        Object

    0x08000000   0x08000000   0x000000ec   Data   RO         1114    RESET               startup_stm32f10x_md.o
    0x080000ec   0x080000ec   0x00000008   Code   RO         2409  * !!!main             c_w.l(__main.o)
    0x080000f4   0x080000f4   0x00000034   Code   RO         2916    !!!scatter          c_w.l(__scatter.o)
    0x08000128   0x08000128   0x0000001a   Code   RO         2918    !!handler_copy      c_w.l(__scatter_copy.o)
    0x08000142   0x08000142   0x00000002   PAD
    0x08000144   0x08000144   0x0000001c   Code   RO         2920    !!handler_zi        c_w.l(__scatter_zi.o)
    0x08000160   0x08000160   0x00000000   Code   RO         2568    .ARM.Collect$$_printf_percent$$00000000  c_w.l(_printf_percent.o)
    0x08000160   0x08000160   0x00000006   Code   RO         2557    .ARM.Collect$$_printf_percent$$00000001  c_w.l(_printf_n.o)
    0x08000166   0x08000166   0x00000006   Code   RO         2559    .ARM.Collect$$_printf_percent$$00000002  c_w.l(_printf_p.o)
    0x0800016c   0x0800016c   0x00000006   Code   RO         2564    .ARM.Collect$$_printf_percent$$00000003  c_w.l(_printf_f.o)
    0x08000172   0x08000172   0x00000006   Code   RO         2565    .ARM.Collect$$_printf_percent$$00000004  c_w.l(_printf_e.o)
    0x08000178   0x08000178   0x00000006   Code   RO         2566    .ARM.Collect$$_printf_percent$$00000005  c_w.l(_printf_g.o)
    0x0800017e   0x0800017e   0x00000006   Code   RO         2567    .ARM.Collect$$_printf_percent$$00000006  c_w.l(_printf_a.o)
    0x08000184   0x08000184   0x0000000a   Code   RO         2572    .ARM.Collect$$_printf_percent$$00000007  c_w.l(_printf_ll.o)
    0x0800018e   0x0800018e   0x00000006   Code   RO         2561    .ARM.Collect$$_printf_percent$$00000008  c_w.l(_printf_i.o)
    0x08000194   0x08000194   0x00000006   Code   RO         2562    .ARM.Collect$$_printf_percent$$00000009  c_w.l(_printf_d.o)
    0x0800019a   0x0800019a   0x00000006   Code   RO         2563    .ARM.Collect$$_printf_percent$$0000000A  c_w.l(_printf_u.o)
    0x080001a0   0x080001a0   0x00000006   Code   RO         2560    .ARM.Collect$$_printf_percent$$0000000B  c_w.l(_printf_o.o)
    0x080001a6   0x080001a6   0x00000006   Code   RO         2558    .ARM.Collect$$_printf_percent$$0000000C  c_w.l(_printf_x.o)
    0x080001ac   0x080001ac   0x00000006   Code   RO         2569    .ARM.Collect$$_printf_percent$$0000000D  c_w.l(_printf_lli.o)
    0x080001b2   0x080001b2   0x00000006   Code   RO         2570    .ARM.Collect$$_printf_percent$$0000000E  c_w.l(_printf_lld.o)
    0x080001b8   0x080001b8   0x00000006   Code   RO         2571    .ARM.Collect$$_printf_percent$$0000000F  c_w.l(_printf_llu.o)
    0x080001be   0x080001be   0x00000006   Code   RO         2576    .ARM.Collect$$_printf_percent$$00000010  c_w.l(_printf_llo.o)
    0x080001c4   0x080001c4   0x00000006   Code   RO         2577    .ARM.Collect$$_printf_percent$$00000011  c_w.l(_printf_llx.o)
    0x080001ca   0x080001ca   0x0000000a   Code   RO         2573    .ARM.Collect$$_printf_percent$$00000012  c_w.l(_printf_l.o)
    0x080001d4   0x080001d4   0x00000006   Code   RO         2555    .ARM.Collect$$_printf_percent$$00000013  c_w.l(_printf_c.o)
    0x080001da   0x080001da   0x00000006   Code   RO         2556    .ARM.Collect$$_printf_percent$$00000014  c_w.l(_printf_s.o)
    0x080001e0   0x080001e0   0x00000006   Code   RO         2574    .ARM.Collect$$_printf_percent$$00000015  c_w.l(_printf_lc.o)
    0x080001e6   0x080001e6   0x00000006   Code   RO         2575    .ARM.Collect$$_printf_percent$$00000016  c_w.l(_printf_ls.o)
    0x080001ec   0x080001ec   0x00000004   Code   RO         2702    .ARM.Collect$$_printf_percent$$00000017  c_w.l(_printf_percent_end.o)
    0x080001f0   0x080001f0   0x00000002   Code   RO         2768    .ARM.Collect$$libinit$$00000000  c_w.l(libinit.o)
    0x080001f2   0x080001f2   0x00000000   Code   RO         2781    .ARM.Collect$$libinit$$00000002  c_w.l(libinit2.o)
    0x080001f2   0x080001f2   0x00000000   Code   RO         2783    .ARM.Collect$$libinit$$00000004  c_w.l(libinit2.o)
    0x080001f2   0x080001f2   0x00000000   Code   RO         2785    .ARM.Collect$$libinit$$00000006  c_w.l(libinit2.o)
    0x080001f2   0x080001f2   0x00000000   Code   RO         2788    .ARM.Collect$$libinit$$0000000C  c_w.l(libinit2.o)
    0x080001f2   0x080001f2   0x00000000   Code   RO         2790    .ARM.Collect$$libinit$$0000000E  c_w.l(libinit2.o)
    0x080001f2   0x080001f2   0x00000000   Code   RO         2792    .ARM.Collect$$libinit$$00000010  c_w.l(libinit2.o)
    0x080001f2   0x080001f2   0x00000006   Code   RO         2793    .ARM.Collect$$libinit$$00000011  c_w.l(libinit2.o)
    0x080001f8   0x080001f8   0x00000000   Code   RO         2795    .ARM.Collect$$libinit$$00000013  c_w.l(libinit2.o)
    0x080001f8   0x080001f8   0x0000000c   Code   RO         2796    .ARM.Collect$$libinit$$00000014  c_w.l(libinit2.o)
    0x08000204   0x08000204   0x00000000   Code   RO         2797    .ARM.Collect$$libinit$$00000015  c_w.l(libinit2.o)
    0x08000204   0x08000204   0x00000000   Code   RO         2799    .ARM.Collect$$libinit$$00000017  c_w.l(libinit2.o)
    0x08000204   0x08000204   0x0000000a   Code   RO         2800    .ARM.Collect$$libinit$$00000018  c_w.l(libinit2.o)
    0x0800020e   0x0800020e   0x00000000   Code   RO         2801    .ARM.Collect$$libinit$$00000019  c_w.l(libinit2.o)
    0x0800020e   0x0800020e   0x00000000   Code   RO         2803    .ARM.Collect$$libinit$$0000001B  c_w.l(libinit2.o)
    0x0800020e   0x0800020e   0x00000000   Code   RO         2805    .ARM.Collect$$libinit$$0000001D  c_w.l(libinit2.o)
    0x0800020e   0x0800020e   0x00000000   Code   RO         2807    .ARM.Collect$$libinit$$0000001F  c_w.l(libinit2.o)
    0x0800020e   0x0800020e   0x00000000   Code   RO         2809    .ARM.Collect$$libinit$$00000021  c_w.l(libinit2.o)
    0x0800020e   0x0800020e   0x00000000   Code   RO         2811    .ARM.Collect$$libinit$$00000023  c_w.l(libinit2.o)
    0x0800020e   0x0800020e   0x00000000   Code   RO         2813    .ARM.Collect$$libinit$$00000025  c_w.l(libinit2.o)
    0x0800020e   0x0800020e   0x00000000   Code   RO         2815    .ARM.Collect$$libinit$$00000027  c_w.l(libinit2.o)
    0x0800020e   0x0800020e   0x00000000   Code   RO         2819    .ARM.Collect$$libinit$$0000002E  c_w.l(libinit2.o)
    0x0800020e   0x0800020e   0x00000000   Code   RO         2821    .ARM.Collect$$libinit$$00000030  c_w.l(libinit2.o)
    0x0800020e   0x0800020e   0x00000000   Code   RO         2823    .ARM.Collect$$libinit$$00000032  c_w.l(libinit2.o)
    0x0800020e   0x0800020e   0x00000000   Code   RO         2825    .ARM.Collect$$libinit$$00000034  c_w.l(libinit2.o)
    0x0800020e   0x0800020e   0x00000002   Code   RO         2826    .ARM.Collect$$libinit$$00000035  c_w.l(libinit2.o)
    0x08000210   0x08000210   0x00000002   Code   RO         2852    .ARM.Collect$$libshutdown$$00000000  c_w.l(libshutdown.o)
    0x08000212   0x08000212   0x00000000   Code   RO         2867    .ARM.Collect$$libshutdown$$00000002  c_w.l(libshutdown2.o)
    0x08000212   0x08000212   0x00000000   Code   RO         2869    .ARM.Collect$$libshutdown$$00000004  c_w.l(libshutdown2.o)
    0x08000212   0x08000212   0x00000000   Code   RO         2872    .ARM.Collect$$libshutdown$$00000007  c_w.l(libshutdown2.o)
    0x08000212   0x08000212   0x00000000   Code   RO         2875    .ARM.Collect$$libshutdown$$0000000A  c_w.l(libshutdown2.o)
    0x08000212   0x08000212   0x00000000   Code   RO         2877    .ARM.Collect$$libshutdown$$0000000C  c_w.l(libshutdown2.o)
    0x08000212   0x08000212   0x00000000   Code   RO         2880    .ARM.Collect$$libshutdown$$0000000F  c_w.l(libshutdown2.o)
    0x08000212   0x08000212   0x00000002   Code   RO         2881    .ARM.Collect$$libshutdown$$00000010  c_w.l(libshutdown2.o)
    0x08000214   0x08000214   0x00000000   Code   RO         2482    .ARM.Collect$$rtentry$$00000000  c_w.l(__rtentry.o)
    0x08000214   0x08000214   0x00000000   Code   RO         2666    .ARM.Collect$$rtentry$$00000002  c_w.l(__rtentry2.o)
    0x08000214   0x08000214   0x00000006   Code   RO         2678    .ARM.Collect$$rtentry$$00000004  c_w.l(__rtentry4.o)
    0x0800021a   0x0800021a   0x00000000   Code   RO         2668    .ARM.Collect$$rtentry$$00000009  c_w.l(__rtentry2.o)
    0x0800021a   0x0800021a   0x00000004   Code   RO         2669    .ARM.Collect$$rtentry$$0000000A  c_w.l(__rtentry2.o)
    0x0800021e   0x0800021e   0x00000000   Code   RO         2671    .ARM.Collect$$rtentry$$0000000C  c_w.l(__rtentry2.o)
    0x0800021e   0x0800021e   0x00000008   Code   RO         2672    .ARM.Collect$$rtentry$$0000000D  c_w.l(__rtentry2.o)
    0x08000226   0x08000226   0x00000002   Code   RO         2773    .ARM.Collect$$rtexit$$00000000  c_w.l(rtexit.o)
    0x08000228   0x08000228   0x00000000   Code   RO         2830    .ARM.Collect$$rtexit$$00000002  c_w.l(rtexit2.o)
    0x08000228   0x08000228   0x00000004   Code   RO         2831    .ARM.Collect$$rtexit$$00000003  c_w.l(rtexit2.o)
    0x0800022c   0x0800022c   0x00000006   Code   RO         2832    .ARM.Collect$$rtexit$$00000004  c_w.l(rtexit2.o)
    0x08000232   0x08000232   0x00000002   PAD
    0x08000234   0x08000234   0x00000040   Code   RO         1115    .text               startup_stm32f10x_md.o
    0x08000274   0x08000274   0x0000003c   Code   RO         2395    .text               c_w.l(vsnprintf.o)
    0x080002b0   0x080002b0   0x0000003e   Code   RO         2397    .text               c_w.l(strlen.o)
    0x080002ee   0x080002ee   0x0000008a   Code   RO         2399    .text               c_w.l(rt_memcpy_v6.o)
    0x08000378   0x08000378   0x00000044   Code   RO         2401    .text               c_w.l(rt_memclr.o)
    0x080003bc   0x080003bc   0x0000004e   Code   RO         2403    .text               c_w.l(rt_memclr_w.o)
    0x0800040a   0x0800040a   0x00000002   PAD
    0x0800040c   0x0800040c   0x00000080   Code   RO         2405    .text               c_w.l(strcmpv7m.o)
    0x0800048c   0x0800048c   0x00000006   Code   RO         2407    .text               c_w.l(heapauxi.o)
    0x08000492   0x08000492   0x00000016   Code   RO         2483    .text               c_w.l(_rserrno.o)
    0x080004a8   0x080004a8   0x0000004e   Code   RO         2487    .text               c_w.l(_printf_pad.o)
    0x080004f6   0x080004f6   0x00000024   Code   RO         2489    .text               c_w.l(_printf_truncate.o)
    0x0800051a   0x0800051a   0x00000052   Code   RO         2491    .text               c_w.l(_printf_str.o)
    0x0800056c   0x0800056c   0x00000078   Code   RO         2493    .text               c_w.l(_printf_dec.o)
    0x080005e4   0x080005e4   0x00000028   Code   RO         2495    .text               c_w.l(_printf_charcount.o)
    0x0800060c   0x0800060c   0x00000030   Code   RO         2497    .text               c_w.l(_printf_char_common.o)
    0x0800063c   0x0800063c   0x00000010   Code   RO         2501    .text               c_w.l(_snputc.o)
    0x0800064c   0x0800064c   0x000000bc   Code   RO         2503    .text               c_w.l(_printf_wctomb.o)
    0x08000708   0x08000708   0x0000007c   Code   RO         2506    .text               c_w.l(_printf_longlong_dec.o)
    0x08000784   0x08000784   0x00000070   Code   RO         2512    .text               c_w.l(_printf_oct_int_ll.o)
    0x080007f4   0x080007f4   0x00000094   Code   RO         2532    .text               c_w.l(_printf_hex_int_ll_ptr.o)
    0x08000888   0x08000888   0x00000188   Code   RO         2552    .text               c_w.l(__printf_flags_ss_wp.o)
    0x08000a10   0x08000a10   0x00000064   Code   RO         2578    .text               c_w.l(rt_memcpy_w.o)
    0x08000a74   0x08000a74   0x00000008   Code   RO         2683    .text               c_w.l(rt_errno_addr_intlibspace.o)
    0x08000a7c   0x08000a7c   0x0000008a   Code   RO         2685    .text               c_w.l(lludiv10.o)
    0x08000b06   0x08000b06   0x000000b2   Code   RO         2687    .text               c_w.l(_printf_intcommon.o)
    0x08000bb8   0x08000bb8   0x0000041c   Code   RO         2689    .text               c_w.l(_printf_fp_dec.o)
    0x08000fd4   0x08000fd4   0x000002fc   Code   RO         2693    .text               c_w.l(_printf_fp_hex.o)
    0x080012d0   0x080012d0   0x0000002c   Code   RO         2698    .text               c_w.l(_printf_char.o)
    0x080012fc   0x080012fc   0x0000002c   Code   RO         2700    .text               c_w.l(_printf_wchar.o)
    0x08001328   0x08001328   0x00000048   Code   RO         2703    .text               c_w.l(_c16rtomb.o)
    0x08001370   0x08001370   0x00000008   Code   RO         2717    .text               c_w.l(libspace.o)
    0x08001378   0x08001378   0x0000004a   Code   RO         2720    .text               c_w.l(sys_stackheap_outer.o)
    0x080013c2   0x080013c2   0x00000002   PAD
    0x080013c4   0x080013c4   0x00000010   Code   RO         2722    .text               c_w.l(rt_ctype_table.o)
    0x080013d4   0x080013d4   0x00000008   Code   RO         2727    .text               c_w.l(rt_locale_intlibspace.o)
    0x080013dc   0x080013dc   0x00000080   Code   RO         2729    .text               c_w.l(_printf_fp_infnan.o)
    0x0800145c   0x0800145c   0x000000e4   Code   RO         2731    .text               c_w.l(bigflt0.o)
    0x08001540   0x08001540   0x00000012   Code   RO         2761    .text               c_w.l(exit.o)
    0x08001552   0x08001552   0x00000002   PAD
    0x08001554   0x08001554   0x0000000c   Code   RO         2842    .text               c_w.l(sys_exit.o)
    0x08001560   0x08001560   0x00000002   Code   RO         2857    .text               c_w.l(use_no_semi.o)
    0x08001562   0x08001562   0x00000000   Code   RO         2859    .text               c_w.l(indicate_semi.o)
    0x08001562   0x08001562   0x00000002   PAD
    0x08001564   0x08001564   0x00000046   Code   RO         1604    .text.ADC_DMA_CopyFrame  adc_dma.o
    0x080015aa   0x080015aa   0x00000002   PAD
    0x080015ac   0x080015ac   0x0000002e   Code   RO         1200    .text.ALL_Init      init.o
    0x080015da   0x080015da   0x00000002   PAD
    0x080015dc   0x080015dc   0x00000014   Code   RO         2055    .text.ArmDetector_ClearState  arm_detector.o
    0x080015f0   0x080015f0   0x00000022   Code   RO         2063    .text.ArmDetector_GetArmRequest  arm_detector.o
    0x08001612   0x08001612   0x00000002   PAD
    0x08001614   0x08001614   0x00000022   Code   RO         2065    .text.ArmDetector_GetDisarmRequest  arm_detector.o
    0x08001636   0x08001636   0x00000002   PAD
    0x08001638   0x08001638   0x00000014   Code   RO         2061    .text.ArmDetector_HandleRemoteInvalid  arm_detector.o
    0x0800164c   0x0800164c   0x0000002c   Code   RO         2053    .text.ArmDetector_Init  arm_detector.o
    0x08001678   0x08001678   0x000001aa   Code   RO         2059    .text.ArmDetector_Update  arm_detector.o
    0x08001822   0x08001822   0x00000002   PAD
    0x08001824   0x08001824   0x00000004   Code   RO         1145    .text.BusFault_Handler  stm32f10x_it.o
    0x08001828   0x08001828   0x00000026   Code   RO         2309    .text.CascadePID    pid_1.o
    0x0800184e   0x0800184e   0x00000002   PAD
    0x08001850   0x08001850   0x000000e2   Code   RO         1602    .text.DMA1_Channel1_IRQHandler  adc_dma.o
    0x08001932   0x08001932   0x00000002   PAD
    0x08001934   0x08001934   0x0000007e   Code   RO         1354    .text.DMA1_Channel4_IRQHandler  usart.o
    0x080019b2   0x080019b2   0x00000002   PAD
    0x080019b4   0x080019b4   0x0000002e   Code   RO          304    .text.DMA_ClearITPendingBit  stm32f10x_dma.o
    0x080019e2   0x080019e2   0x00000002   PAD
    0x080019e4   0x080019e4   0x0000002e   Code   RO          290    .text.DMA_Cmd       stm32f10x_dma.o
    0x08001a12   0x08001a12   0x00000002   PAD
    0x08001a14   0x08001a14   0x000001b8   Code   RO          284    .text.DMA_DeInit    stm32f10x_dma.o
    0x08001bcc   0x08001bcc   0x00000054   Code   RO          302    .text.DMA_GetITStatus  stm32f10x_dma.o
    0x08001c20   0x08001c20   0x0000002e   Code   RO          292    .text.DMA_ITConfig  stm32f10x_dma.o
    0x08001c4e   0x08001c4e   0x00000002   PAD
    0x08001c50   0x08001c50   0x0000006c   Code   RO          286    .text.DMA_Init      stm32f10x_dma.o
    0x08001cbc   0x08001cbc   0x00000002   Code   RO         1149    .text.DebugMon_Handler  stm32f10x_it.o
    0x08001cbe   0x08001cbe   0x00000002   PAD
    0x08001cc0   0x08001cc0   0x00000016   Code   RO         1229    .text.Debug_IsInIsr  debug.o
    0x08001cd6   0x08001cd6   0x00000002   PAD
    0x08001cd8   0x08001cd8   0x00000010   Code   RO         1231    .text.Debug_IsSchedulerRunning  debug.o
    0x08001ce8   0x08001ce8   0x0000002e   Code   RO         1227    .text.Debug_Printf  debug.o
    0x08001d16   0x08001d16   0x00000002   PAD
    0x08001d18   0x08001d18   0x00000054   Code   RO         1221    .text.Debug_SendBufferSafe  debug.o
    0x08001d6c   0x08001d6c   0x00000082   Code   RO         1217    .text.Debug_SendRawBuffer  debug.o
    0x08001dee   0x08001dee   0x00000002   PAD
    0x08001df0   0x08001df0   0x00000032   Code   RO         1223    .text.Debug_SendString  debug.o
    0x08001e22   0x08001e22   0x00000002   PAD
    0x08001e24   0x08001e24   0x00000046   Code   RO         1225    .text.Debug_VPrintf  debug.o
    0x08001e6a   0x08001e6a   0x00000002   PAD
    0x08001e6c   0x08001e6c   0x00000088   Code   RO         1240    .text.Delay_Init    delay.o
    0x08001ef4   0x08001ef4   0x0000003e   Code   RO         1244    .text.Delay_ms      delay.o
    0x08001f32   0x08001f32   0x00000002   PAD
    0x08001f34   0x08001f34   0x00000076   Code   RO         1242    .text.Delay_us      delay.o
    0x08001faa   0x08001faa   0x00000002   PAD
    0x08001fac   0x08001fac   0x00000046   Code   RO         2133    .text.EXTI9_5_IRQHandler  bsp_irq.o
    0x08001ff2   0x08001ff2   0x00000002   PAD
    0x08001ff4   0x08001ff4   0x00000014   Code   RO          327    .text.EXTI_ClearITPendingBit  stm32f10x_exti.o
    0x08002008   0x08002008   0x0000004c   Code   RO          325    .text.EXTI_GetITStatus  stm32f10x_exti.o
    0x08002054   0x08002054   0x000000ea   Code   RO          315    .text.EXTI_Init     stm32f10x_exti.o
    0x0800213e   0x0800213e   0x00000002   PAD
    0x08002140   0x08002140   0x0000004a   Code   RO         1623    .text.FLASH_CheckParam  flash.o
    0x0800218a   0x0800218a   0x00000002   PAD
    0x0800218c   0x0800218c   0x0000004a   Code   RO         1625    .text.FLASH_LockAccess  flash.o
    0x080021d6   0x080021d6   0x00000002   PAD
    0x080021d8   0x080021d8   0x00000028   Code   RO         1627    .text.FLASH_UnlockAccess  flash.o
    0x08002200   0x08002200   0x0000009e   Code   RO         1629    .text.FLASH_read    flash.o
    0x0800229e   0x0800229e   0x00000002   PAD
    0x080022a0   0x080022a0   0x00000020   Code   RO         2038    .text.FlightControl_ClearOutput  flight_control.o
    0x080022c0   0x080022c0   0x0000008a   Code   RO         2032    .text.FlightControl_Init  flight_control.o
    0x0800234a   0x0800234a   0x00000002   PAD
    0x0800234c   0x0800234c   0x00000040   Code   RO         2040    .text.FlightControl_OnEnterFlying  flight_control.o
    0x0800238c   0x0800238c   0x0000005a   Code   RO         2034    .text.FlightControl_Reset  flight_control.o
    0x080023e6   0x080023e6   0x00000002   PAD
    0x080023e8   0x080023e8   0x000001d6   Code   RO         2036    .text.FlightControl_Update  flight_control.o
    0x080025be   0x080025be   0x00000002   PAD
    0x080025c0   0x080025c0   0x00000130   Code   RO         2318    .text.FlightInput_Update  modules_flight_input.o
    0x080026f0   0x080026f0   0x00000022   Code   RO         2332    .text.FlightState_Get  modules_flight_status.o
    0x08002712   0x08002712   0x00000002   PAD
    0x08002714   0x08002714   0x00000018   Code   RO         2326    .text.FlightState_Init  modules_flight_status.o
    0x0800272c   0x0800272c   0x00000022   Code   RO         2330    .text.FlightState_Set  modules_flight_status.o
    0x0800274e   0x0800274e   0x00000002   PAD
    0x08002750   0x08002750   0x000000fc   Code   RO         2328    .text.FlightState_Update  modules_flight_status.o
    0x0800284c   0x0800284c   0x00000242   Code   RO         1174    .text.FlightTask    freertos_demo.o
    0x08002a8e   0x08002a8e   0x00000002   PAD
    0x08002a90   0x08002a90   0x00000054   Code   RO          476    .text.GPIO_EXTILineConfig  stm32f10x_gpio.o
    0x08002ae4   0x08002ae4   0x00000186   Code   RO          448    .text.GPIO_Init     stm32f10x_gpio.o
    0x08002c6a   0x08002c6a   0x00000002   PAD
    0x08002c6c   0x08002c6c   0x000000fa   Code   RO          474    .text.GPIO_PinRemapConfig  stm32f10x_gpio.o
    0x08002d66   0x08002d66   0x00000002   PAD
    0x08002d68   0x08002d68   0x00000014   Code   RO          462    .text.GPIO_ResetBits  stm32f10x_gpio.o
    0x08002d7c   0x08002d7c   0x00000014   Code   RO          460    .text.GPIO_SetBits  stm32f10x_gpio.o
    0x08002d90   0x08002d90   0x00000616   Code   RO         2235    .text.GetAngle      imu.o
    0x080033a6   0x080033a6   0x00000002   PAD
    0x080033a8   0x080033a8   0x00000004   Code   RO         1141    .text.HardFault_Handler  stm32f10x_it.o
    0x080033ac   0x080033ac   0x00000070   Code   RO         1667    .text.IIC_Ack       iic.o
    0x0800341c   0x0800341c   0x00000088   Code   RO         1641    .text.IIC_BusRecovery  iic.o
    0x080034a4   0x080034a4   0x0000000a   Code   RO         1671    .text.IIC_DelayHigh  iic.o
    0x080034ae   0x080034ae   0x00000002   PAD
    0x080034b0   0x080034b0   0x0000000a   Code   RO         1673    .text.IIC_DelayLow  iic.o
    0x080034ba   0x080034ba   0x00000002   PAD
    0x080034bc   0x080034bc   0x00000072   Code   RO         1639    .text.IIC_Init      iic.o
    0x0800352e   0x0800352e   0x00000002   PAD
    0x08003530   0x08003530   0x00000058   Code   RO         1651    .text.IIC_Lock      iic.o
    0x08003588   0x08003588   0x00000070   Code   RO         1665    .text.IIC_NoAck     iic.o
    0x080035f8   0x080035f8   0x000000ca   Code   RO         1663    .text.IIC_ReadByte  iic.o
    0x080036c2   0x080036c2   0x00000002   PAD
    0x080036c4   0x080036c4   0x00000158   Code   RO         1649    .text.IIC_Read_Bytes  iic.o
    0x0800381c   0x0800381c   0x00000022   Code   RO         1647    .text.IIC_Read_One_Byte  iic.o
    0x0800383e   0x0800383e   0x00000002   PAD
    0x08003840   0x08003840   0x000000bc   Code   RO         1655    .text.IIC_SendByte  iic.o
    0x080038fc   0x080038fc   0x0000008e   Code   RO         1653    .text.IIC_Start     iic.o
    0x0800398a   0x0800398a   0x00000002   PAD
    0x0800398c   0x0800398c   0x00000064   Code   RO         1659    .text.IIC_Stop      iic.o
    0x080039f0   0x080039f0   0x0000005a   Code   RO         1661    .text.IIC_Unlock    iic.o
    0x08003a4a   0x08003a4a   0x00000002   PAD
    0x08003a4c   0x08003a4c   0x000000a6   Code   RO         1657    .text.IIC_WaitAck   iic.o
    0x08003af2   0x08003af2   0x00000002   PAD
    0x08003af4   0x08003af4   0x00000046   Code   RO         1669    .text.IIC_WaitSCLHigh  iic.o
    0x08003b3a   0x08003b3a   0x00000002   PAD
    0x08003b3c   0x08003b3c   0x00000106   Code   RO         1645    .text.IIC_Write_Bytes  iic.o
    0x08003c42   0x08003c42   0x00000002   PAD
    0x08003c44   0x08003c44   0x00000026   Code   RO         1643    .text.IIC_Write_One_Byte  iic.o
    0x08003c6a   0x08003c6a   0x00000002   PAD
    0x08003c6c   0x08003c6c   0x00000074   Code   RO         2249    .text.Kalman1D_Init  kalman.o
    0x08003ce0   0x08003ce0   0x000000c8   Code   RO         2253    .text.Kalman1D_Update  kalman.o
    0x08003da8   0x08003da8   0x00000082   Code   RO         1266    .text.LED_Init      led.o
    0x08003e2a   0x08003e2a   0x00000002   PAD
    0x08003e2c   0x08003e2c   0x00000038   Code   RO         1268    .text.LED_Write     led.o
    0x08003e64   0x08003e64   0x00000024   Code   RO         2100    .text.MPU6050_DelayMs  mpu6050.o
    0x08003e88   0x08003e88   0x00000058   Code   RO         2096    .text.MPU6050_Lock  mpu6050.o
    0x08003ee0   0x08003ee0   0x000000b6   Code   RO         2108    .text.MPU6050_ReadRawBlock  mpu6050.o
    0x08003f96   0x08003f96   0x00000002   PAD
    0x08003f98   0x08003f98   0x00000048   Code   RO         2102    .text.MPU6050_ReadReg  mpu6050.o
    0x08003fe0   0x08003fe0   0x0000005a   Code   RO         2104    .text.MPU6050_Unlock  mpu6050.o
    0x0800403a   0x0800403a   0x00000002   PAD
    0x0800403c   0x0800403c   0x00000036   Code   RO         2098    .text.MPU6050_WriteReg  mpu6050.o
    0x08004072   0x08004072   0x00000002   PAD
    0x08004074   0x08004074   0x00000004   Code   RO         1143    .text.MemManage_Handler  stm32f10x_it.o
    0x08004078   0x08004078   0x00000024   Code   RO         2081    .text.Mixer_ClearMotor  mixer.o
    0x0800409c   0x0800409c   0x00000272   Code   RO         2079    .text.Mixer_QuadX   mixer.o
    0x0800430e   0x0800430e   0x00000002   PAD
    0x08004310   0x08004310   0x000001ae   Code   RO         2106    .text.MpuGetData    mpu6050.o
    0x080044be   0x080044be   0x00000002   PAD
    0x080044c0   0x080044c0   0x00000184   Code   RO         2094    .text.Mpu_Init      mpu6050.o
    0x08004644   0x08004644   0x00000002   Code   RO         1139    .text.NMI_Handler   stm32f10x_it.o
    0x08004646   0x08004646   0x00000002   PAD
    0x08004648   0x08004648   0x0000008c   Code   RO         2145    .text.NRF24L01_Check  nrf24l01.o
    0x080046d4   0x080046d4   0x0000008e   Code   RO         2141    .text.NRF24L01_Configuration  nrf24l01.o
    0x08004762   0x08004762   0x00000002   PAD
    0x08004764   0x08004764   0x0000005e   Code   RO         2143    .text.NRF24L01_EXTI_Init  nrf24l01.o
    0x080047c2   0x080047c2   0x00000002   PAD
    0x080047c4   0x080047c4   0x00000028   Code   RO         2189    .text.NRF24L01_IRQHandlerFromISR  nrf24l01.o
    0x080047ec   0x080047ec   0x00000108   Code   RO         2175    .text.NRF24L01_Init  nrf24l01.o
    0x080048f4   0x080048f4   0x0000001c   Code   RO         2167    .text.NRF24L01_RX_Mode  nrf24l01.o
    0x08004910   0x08004910   0x000000ca   Code   RO         2183    .text.NRF24L01_RxPacket  nrf24l01.o
    0x080049da   0x080049da   0x00000002   PAD
    0x080049dc   0x080049dc   0x000000aa   Code   RO            4    .text.NVIC_Init     misc.o
    0x08004a86   0x08004a86   0x00000002   PAD
    0x08004a88   0x08004a88   0x0000001c   Code   RO            2    .text.NVIC_PriorityGroupConfig  misc.o
    0x08004aa4   0x08004aa4   0x000000ca   Code   RO         1520    .text.PWM_Init      pwm.o
    0x08004b6e   0x08004b6e   0x00000002   PAD
    0x08004b70   0x08004b70   0x00000020   Code   RO         1522    .text.PWM_SetCompare1  pwm.o
    0x08004b90   0x08004b90   0x00000020   Code   RO         1524    .text.PWM_SetCompare2  pwm.o
    0x08004bb0   0x08004bb0   0x00000020   Code   RO         1526    .text.PWM_SetCompare3  pwm.o
    0x08004bd0   0x08004bd0   0x00000020   Code   RO         1528    .text.PWM_SetCompare4  pwm.o
    0x08004bf0   0x08004bf0   0x00000044   Code   RO         2020    .text.PendSV_Handler  port.o
    0x08004c34   0x08004c34   0x0000005e   Code   RO         2278    .text.Q_rsqrt       mymath.o
    0x08004c92   0x08004c92   0x00000002   PAD
    0x08004c94   0x08004c94   0x00000038   Code   RO          650    .text.RCC_AHBPeriphClockCmd  stm32f10x_rcc.o
    0x08004ccc   0x08004ccc   0x00000038   Code   RO          654    .text.RCC_APB1PeriphClockCmd  stm32f10x_rcc.o
    0x08004d04   0x08004d04   0x00000038   Code   RO          652    .text.RCC_APB2PeriphClockCmd  stm32f10x_rcc.o
    0x08004d3c   0x08004d3c   0x00000172   Code   RO          648    .text.RCC_GetClocksFreq  stm32f10x_rcc.o
    0x08004eae   0x08004eae   0x00000002   PAD
    0x08004eb0   0x08004eb0   0x0000001c   Code   RO         1172    .text.RemoteTask    freertos_demo.o
    0x08004ecc   0x08004ecc   0x0000003e   Code   RO         2354    .text.Remote_GetLatest  modules_remote.o
    0x08004f0a   0x08004f0a   0x00000002   PAD
    0x08004f0c   0x08004f0c   0x000000b4   Code   RO         2344    .text.Remote_Init   modules_remote.o
    0x08004fc0   0x08004fc0   0x0000010e   Code   RO         2350    .text.Remote_ParseFrame  modules_remote.o
    0x080050ce   0x080050ce   0x00000002   PAD
    0x080050d0   0x080050d0   0x00000046   Code   RO         2346    .text.Remote_SetSafeState  modules_remote.o
    0x08005116   0x08005116   0x00000002   PAD
    0x08005118   0x08005118   0x0000003a   Code   RO         2352    .text.Remote_Task   modules_remote.o
    0x08005152   0x08005152   0x00000002   PAD
    0x08005154   0x08005154   0x000000e4   Code   RO         2348    .text.Remote_Update  modules_remote.o
    0x08005238   0x08005238   0x0000000a   Code   RO         1695    .text.SPI_BitDelay  spi.o
    0x08005242   0x08005242   0x00000002   PAD
    0x08005244   0x08005244   0x00000016   Code   RO         1687    .text.SPI_CS_Deselect  spi.o
    0x0800525a   0x0800525a   0x00000002   PAD
    0x0800525c   0x0800525c   0x000000ce   Code   RO         1685    .text.SPI_Config    spi.o
    0x0800532a   0x0800532a   0x00000002   PAD
    0x0800532c   0x0800532c   0x0000006c   Code   RO         1689    .text.SPI_Lock      spi.o
    0x08005398   0x08005398   0x000000de   Code   RO         1697    .text.SPI_RW_Byte   spi.o
    0x08005476   0x08005476   0x00000002   PAD
    0x08005478   0x08005478   0x0000005a   Code   RO         1691    .text.SPI_Unlock    spi.o
    0x080054d2   0x080054d2   0x0000000e   PAD
    0x080054e0   0x080054e0   0x00000024   Code   RO         2006    .text.SVC_Handler   port.o
    0x08005504   0x08005504   0x00000024   Code   RO         2379    .text.Safety_SetDefault  modules_safety.o
    0x08005528   0x08005528   0x00000116   Code   RO         2381    .text.Safety_Update  modules_safety.o
    0x0800563e   0x0800563e   0x00000002   PAD
    0x08005640   0x08005640   0x00000008   Code   RO         1124    .text.SetSysClock   system_stm32f10x.o
    0x08005648   0x08005648   0x00000122   Code   RO         1128    .text.SetSysClockTo72  system_stm32f10x.o
    0x0800576a   0x0800576a   0x00000002   PAD
    0x0800576c   0x0800576c   0x000000d0   Code   RO         1170    .text.StartTaskCreate  freertos_demo.o
    0x0800583c   0x0800583c   0x0000003c   Code   RO         2022    .text.SysTick_Handler  port.o
    0x08005878   0x08005878   0x00000066   Code   RO         1122    .text.SystemInit    system_stm32f10x.o
    0x080058de   0x080058de   0x00000002   PAD
    0x080058e0   0x080058e0   0x0000006e   Code   RO         1255    .text.TIM3_Config   timer.o
    0x0800594e   0x0800594e   0x00000002   PAD
    0x08005950   0x08005950   0x00000026   Code   RO         1257    .text.TIM3_IRQHandler  timer.o
    0x08005976   0x08005976   0x00000002   PAD
    0x08005978   0x08005978   0x0000002c   Code   RO          918    .text.TIM_ARRPreloadConfig  stm32f10x_tim.o
    0x080059a4   0x080059a4   0x00000016   Code   RO         1016    .text.TIM_ClearITPendingBit  stm32f10x_tim.o
    0x080059ba   0x080059ba   0x00000002   PAD
    0x080059bc   0x080059bc   0x0000002c   Code   RO          878    .text.TIM_Cmd       stm32f10x_tim.o
    0x080059e8   0x080059e8   0x0000000c   Code   RO         1006    .text.TIM_GetCounter  stm32f10x_tim.o
    0x080059f4   0x080059f4   0x0000005a   Code   RO         1014    .text.TIM_GetITStatus  stm32f10x_tim.o
    0x08005a4e   0x08005a4e   0x00000002   PAD
    0x08005a50   0x08005a50   0x00000034   Code   RO          882    .text.TIM_ITConfig  stm32f10x_tim.o
    0x08005a84   0x08005a84   0x00000162   Code   RO          840    .text.TIM_OC1Init   stm32f10x_tim.o
    0x08005be6   0x08005be6   0x00000002   PAD
    0x08005be8   0x08005be8   0x0000003c   Code   RO          926    .text.TIM_OC1PreloadConfig  stm32f10x_tim.o
    0x08005c24   0x08005c24   0x00000140   Code   RO          842    .text.TIM_OC2Init   stm32f10x_tim.o
    0x08005d64   0x08005d64   0x0000003e   Code   RO          928    .text.TIM_OC2PreloadConfig  stm32f10x_tim.o
    0x08005da2   0x08005da2   0x00000002   PAD
    0x08005da4   0x08005da4   0x0000013e   Code   RO          844    .text.TIM_OC3Init   stm32f10x_tim.o
    0x08005ee2   0x08005ee2   0x00000002   PAD
    0x08005ee4   0x08005ee4   0x0000003c   Code   RO          930    .text.TIM_OC3PreloadConfig  stm32f10x_tim.o
    0x08005f20   0x08005f20   0x000000ee   Code   RO          846    .text.TIM_OC4Init   stm32f10x_tim.o
    0x0800600e   0x0800600e   0x00000002   PAD
    0x08006010   0x08006010   0x0000003e   Code   RO          932    .text.TIM_OC4PreloadConfig  stm32f10x_tim.o
    0x0800604e   0x0800604e   0x00000002   PAD
    0x08006050   0x08006050   0x00000014   Code   RO          988    .text.TIM_SetCompare1  stm32f10x_tim.o
    0x08006064   0x08006064   0x00000014   Code   RO          990    .text.TIM_SetCompare2  stm32f10x_tim.o
    0x08006078   0x08006078   0x00000014   Code   RO          992    .text.TIM_SetCompare3  stm32f10x_tim.o
    0x0800608c   0x0800608c   0x00000016   Code   RO          994    .text.TIM_SetCompare4  stm32f10x_tim.o
    0x080060a2   0x080060a2   0x00000002   PAD
    0x080060a4   0x080060a4   0x00000014   Code   RO          984    .text.TIM_SetCounter  stm32f10x_tim.o
    0x080060b8   0x080060b8   0x00000142   Code   RO          838    .text.TIM_TimeBaseInit  stm32f10x_tim.o
    0x080061fa   0x080061fa   0x00000002   PAD
    0x080061fc   0x080061fc   0x000001ec   Code   RO         1320    .text.USART1_Config  usart.o
    0x080063e8   0x080063e8   0x000000b2   Code   RO         1352    .text.USART1_IRQHandler  usart.o
    0x0800649a   0x0800649a   0x00000002   PAD
    0x0800649c   0x0800649c   0x000000d8   Code   RO         1332    .text.USART1_SendBuffer  usart.o
    0x08006574   0x08006574   0x000000e2   Code   RO         1336    .text.USART1_TxDmaKick  usart.o
    0x08006656   0x08006656   0x00000002   PAD
    0x08006658   0x08006658   0x00000014   Code   RO         1334    .text.USART1_TxNext  usart.o
    0x0800666c   0x0800666c   0x0000015c   Code   RO         1492    .text.USART2_IRQHandler  blueserial.o
    0x080067c8   0x080067c8   0x0000002c   Code   RO         1035    .text.USART_Cmd     stm32f10x_usart.o
    0x080067f4   0x080067f4   0x00000034   Code   RO         1039    .text.USART_DMACmd  stm32f10x_usart.o
    0x08006828   0x08006828   0x00000044   Code   RO         1075    .text.USART_GetFlagStatus  stm32f10x_usart.o
    0x0800686c   0x0800686c   0x000000b0   Code   RO         1079    .text.USART_GetITStatus  stm32f10x_usart.o
    0x0800691c   0x0800691c   0x00000092   Code   RO         1037    .text.USART_ITConfig  stm32f10x_usart.o
    0x080069ae   0x080069ae   0x00000002   PAD
    0x080069b0   0x080069b0   0x0000015c   Code   RO         1027    .text.USART_Init    stm32f10x_usart.o
    0x08006b0c   0x08006b0c   0x00000010   Code   RO         1053    .text.USART_ReceiveData  stm32f10x_usart.o
    0x08006b1c   0x08006b1c   0x00000018   Code   RO         1051    .text.USART_SendData  stm32f10x_usart.o
    0x08006b34   0x08006b34   0x00000028   Code   RO         1029    .text.USART_StructInit  stm32f10x_usart.o
    0x08006b5c   0x08006b5c   0x00000004   Code   RO         1147    .text.UsageFault_Handler  stm32f10x_it.o
    0x08006b60   0x08006b60   0x00000004   Code   RO         2191    .text.__NOP         nrf24l01.o
    0x08006b64   0x08006b64   0x00000044   Code   RO         1168    .text.freeRTOS_demo  freertos_demo.o
    0x08006ba8   0x08006ba8   0x0000005a   Code   RO         2114    .text.get_MPU6050_Angle  mpu6050.o
    0x08006c02   0x08006c02   0x00000002   PAD
    0x08006c04   0x08006c04   0x0000005a   Code   RO         2112    .text.get_MPU6050_datas  mpu6050.o
    0x08006c5e   0x08006c5e   0x00000002   PAD
    0x08006c60   0x08006c60   0x00000028   Code   RO         2358    .text.get_is_init   modules_remote.o
    0x08006c88   0x08006c88   0x00000038   Code   RO         2233    .text.imu_rest      imu.o
    0x08006cc0   0x08006cc0   0x00000024   Code   RO         2251    .text.kalman_clamp_nonnegative  kalman.o
    0x08006ce4   0x08006ce4   0x0000003a   Code   RO         1158    .text.main          main.o
    0x08006d1e   0x08006d1e   0x00000002   PAD
    0x08006d20   0x08006d20   0x00000008   Code   RO         1575    .text.motor_init    motor.o
    0x08006d28   0x08006d28   0x00000014   Code   RO         1577    .text.motor_set_pwm1  motor.o
    0x08006d3c   0x08006d3c   0x00000014   Code   RO         1579    .text.motor_set_pwm2  motor.o
    0x08006d50   0x08006d50   0x00000014   Code   RO         1581    .text.motor_set_pwm3  motor.o
    0x08006d64   0x08006d64   0x00000014   Code   RO         1583    .text.motor_set_pwm4  motor.o
    0x08006d78   0x08006d78   0x00000022   Code   RO         2085    .text.motor_stop_all  mixer.o
    0x08006d9a   0x08006d9a   0x00000002   PAD
    0x08006d9c   0x08006d9c   0x00000062   Code   RO         2305    .text.pidRest       pid_1.o
    0x08006dfe   0x08006dfe   0x00000002   PAD
    0x08006e00   0x08006e00   0x00000092   Code   RO         2307    .text.pidUpdate     pid_1.o
    0x08006e92   0x08006e92   0x00000002   PAD
    0x08006e94   0x08006e94   0x0000007a   Code   RO         1202    .text.pid_param_Init  init.o
    0x08006f0e   0x08006f0e   0x00000002   PAD
    0x08006f10   0x08006f10   0x0000011a   Code   RO         1851    .text.prvAddCurrentTaskToDelayedList  tasks.o
    0x0800702a   0x0800702a   0x00000002   PAD
    0x0800702c   0x0800702c   0x0000014e   Code   RO         1837    .text.prvAddNewTaskToReadyList  tasks.o
    0x0800717a   0x0800717a   0x00000002   PAD
    0x0800717c   0x0800717c   0x0000005a   Code   RO         1937    .text.prvCheckTasksWaitingTermination  tasks.o
    0x080071d6   0x080071d6   0x00000002   PAD
    0x080071d8   0x080071d8   0x00000042   Code   RO         1802    .text.prvCopyDataFromQueue  queue.o
    0x0800721a   0x0800721a   0x00000002   PAD
    0x0800721c   0x0800721c   0x000000cc   Code   RO         1790    .text.prvCopyDataToQueue  queue.o
    0x080072e8   0x080072e8   0x0000003c   Code   RO         1845    .text.prvDeleteTCB  tasks.o
    0x08007324   0x08007324   0x00000026   Code   RO         1806    .text.prvGetDisinheritPriorityAfterTimeout  queue.o
    0x0800734a   0x0800734a   0x00000002   PAD
    0x0800734c   0x0800734c   0x000000ae   Code   RO         1972    .text.prvHeapInit   heap_4.o
    0x080073fa   0x080073fa   0x00000002   PAD
    0x080073fc   0x080073fc   0x00000038   Code   RO         1875    .text.prvIdleTask   tasks.o
    0x08007434   0x08007434   0x0000002c   Code   RO         1774    .text.prvInitialiseMutex  queue.o
    0x08007460   0x08007460   0x0000003e   Code   RO         1768    .text.prvInitialiseNewQueue  queue.o
    0x0800749e   0x0800749e   0x00000002   PAD
    0x080074a0   0x080074a0   0x000000d8   Code   RO         1835    .text.prvInitialiseNewTask  tasks.o
    0x08007578   0x08007578   0x0000008e   Code   RO         1935    .text.prvInitialiseTaskLists  tasks.o
    0x08007606   0x08007606   0x00000002   PAD
    0x08007608   0x08007608   0x000000c6   Code   RO         1974    .text.prvInsertBlockIntoFreeList  heap_4.o
    0x080076ce   0x080076ce   0x00000002   PAD
    0x080076d0   0x080076d0   0x00000028   Code   RO         1804    .text.prvIsQueueEmpty  queue.o
    0x080076f8   0x080076f8   0x0000002e   Code   RO         1792    .text.prvIsQueueFull  queue.o
    0x08007726   0x08007726   0x00000002   PAD
    0x08007728   0x08007728   0x00000020   Code   RO         2012    .text.prvPortStartFirstTask  port.o
    0x08007748   0x08007748   0x0000003c   Code   RO         1843    .text.prvResetNextTaskUnblockTime  tasks.o
    0x08007784   0x08007784   0x00000026   Code   RO         2004    .text.prvTaskExitError  port.o
    0x080077aa   0x080077aa   0x00000002   PAD
    0x080077ac   0x080077ac   0x000000ae   Code   RO         1794    .text.prvUnlockQueue  queue.o
    0x0800785a   0x0800785a   0x00000002   PAD
    0x0800785c   0x0800785c   0x00000016   Code   RO         2179    .text.prv_clear_irq_flags  nrf24l01.o
    0x08007872   0x08007872   0x00000002   PAD
    0x08007874   0x08007874   0x00000038   Code   RO         2193    .text.prv_cmd       nrf24l01.o
    0x080078ac   0x080078ac   0x0000000a   Code   RO         2185    .text.prv_flush_rx  nrf24l01.o
    0x080078b6   0x080078b6   0x00000002   PAD
    0x080078b8   0x080078b8   0x00000016   Code   RO         2147    .text.prv_lock      nrf24l01.o
    0x080078ce   0x080078ce   0x00000002   PAD
    0x080078d0   0x080078d0   0x00000090   Code   RO         2151    .text.prv_read_buf  nrf24l01.o
    0x08007960   0x08007960   0x00000042   Code   RO         2161    .text.prv_read_reg  nrf24l01.o
    0x080079a2   0x080079a2   0x00000002   PAD
    0x080079a4   0x080079a4   0x0000008e   Code   RO         2169    .text.prv_set_rx_mode  nrf24l01.o
    0x08007a32   0x08007a32   0x00000002   PAD
    0x08007a34   0x08007a34   0x0000000e   Code   RO         2153    .text.prv_unlock    nrf24l01.o
    0x08007a42   0x08007a42   0x00000002   PAD
    0x08007a44   0x08007a44   0x0000008e   Code   RO         2149    .text.prv_write_buf  nrf24l01.o
    0x08007ad2   0x08007ad2   0x00000002   PAD
    0x08007ad4   0x08007ad4   0x00000042   Code   RO         2157    .text.prv_write_reg  nrf24l01.o
    0x08007b16   0x08007b16   0x00000002   PAD
    0x08007b18   0x08007b18   0x00000186   Code   RO         1970    .text.pvPortMalloc  heap_4.o
    0x08007c9e   0x08007c9e   0x00000002   PAD
    0x08007ca0   0x08007ca0   0x0000002c   Code   RO         1919    .text.pvTaskIncrementMutexHeldCount  tasks.o
    0x08007ccc   0x08007ccc   0x00000050   Code   RO         2002    .text.pxPortInitialiseStack  port.o
    0x08007d1c   0x08007d1c   0x0000005a   Code   RO         2116    .text.set_MPU6050_Angle  mpu6050.o
    0x08007d76   0x08007d76   0x00000002   PAD
    0x08007d78   0x08007d78   0x00000018   Code   RO         2360    .text.set_is_init   modules_remote.o
    0x08007d90   0x08007d90   0x00000048   Code   RO         1755    .text.uxListRemove  list.o
    0x08007dd8   0x08007dd8   0x0000000c   Code   RO         1885    .text.uxTaskGetNumberOfTasks  tasks.o
    0x08007de4   0x08007de4   0x0000002a   Code   RO         1190    .text.vApplicationGetIdleTaskMemory  freertos_hooks.o
    0x08007e0e   0x08007e0e   0x00000002   PAD
    0x08007e10   0x08007e10   0x0000002e   Code   RO         1747    .text.vListInitialise  list.o
    0x08007e3e   0x08007e3e   0x00000002   PAD
    0x08007e40   0x08007e40   0x0000000e   Code   RO         1749    .text.vListInitialiseItem  list.o
    0x08007e4e   0x08007e4e   0x00000002   PAD
    0x08007e50   0x08007e50   0x0000006a   Code   RO         1753    .text.vListInsert   list.o
    0x08007eba   0x08007eba   0x00000002   PAD
    0x08007ebc   0x08007ebc   0x0000003a   Code   RO         1751    .text.vListInsertEnd  list.o
    0x08007ef6   0x08007ef6   0x00000002   PAD
    0x08007ef8   0x08007ef8   0x00000030   Code   RO         2016    .text.vPortEnterCritical  port.o
    0x08007f28   0x08007f28   0x00000026   Code   RO         2018    .text.vPortExitCritical  port.o
    0x08007f4e   0x08007f4e   0x00000002   PAD
    0x08007f50   0x08007f50   0x00000076   Code   RO         1976    .text.vPortFree     heap_4.o
    0x08007fc6   0x08007fc6   0x00000002   PAD
    0x08007fc8   0x08007fc8   0x0000002e   Code   RO         2010    .text.vPortSetupTimerInterrupt  port.o
    0x08007ff6   0x08007ff6   0x00000002   PAD
    0x08007ff8   0x08007ff8   0x0000004a   Code   RO         1855    .text.vTaskDelay    tasks.o
    0x08008042   0x08008042   0x00000002   PAD
    0x08008044   0x08008044   0x00000130   Code   RO         1841    .text.vTaskDelete   tasks.o
    0x08008174   0x08008174   0x00000196   Code   RO         1929    .text.vTaskGenericNotifyGiveFromISR  tasks.o
    0x0800830a   0x0800830a   0x00000002   PAD
    0x0800830c   0x0800830c   0x00000024   Code   RO         1901    .text.vTaskInternalSetTimeOutState  tasks.o
    0x08008330   0x08008330   0x0000000e   Code   RO         1905    .text.vTaskMissedYield  tasks.o
    0x0800833e   0x0800833e   0x00000002   PAD
    0x08008340   0x08008340   0x00000026   Code   RO         1891    .text.vTaskPlaceOnEventList  tasks.o
    0x08008366   0x08008366   0x00000002   PAD
    0x08008368   0x08008368   0x00000138   Code   RO         1915    .text.vTaskPriorityDisinheritAfterTimeout  tasks.o
    0x080084a0   0x080084a0   0x000000b2   Code   RO         1873    .text.vTaskStartScheduler  tasks.o
    0x08008552   0x08008552   0x00000002   PAD
    0x08008554   0x08008554   0x00000010   Code   RO         1849    .text.vTaskSuspendAll  tasks.o
    0x08008564   0x08008564   0x00000092   Code   RO         1865    .text.vTaskSwitchContext  tasks.o
    0x080085f6   0x080085f6   0x00000002   PAD
    0x080085f8   0x080085f8   0x00000040   Code   RO         2008    .text.xPortStartScheduler  port.o
    0x08008638   0x08008638   0x00000032   Code   RO         1776    .text.xQueueCreateMutexStatic  queue.o
    0x0800866a   0x0800866a   0x00000002   PAD
    0x0800866c   0x0800866c   0x0000006c   Code   RO         1766    .text.xQueueGenericCreateStatic  queue.o
    0x080086d8   0x080086d8   0x000000d0   Code   RO         1764    .text.xQueueGenericReset  queue.o
    0x080087a8   0x080087a8   0x0000016a   Code   RO         1780    .text.xQueueGenericSend  queue.o
    0x08008912   0x08008912   0x00000002   PAD
    0x08008914   0x08008914   0x000000d2   Code   RO         1796    .text.xQueueGenericSendFromISR  queue.o
    0x080089e6   0x080089e6   0x00000002   PAD
    0x080089e8   0x080089e8   0x00000156   Code   RO         1808    .text.xQueuePeek    queue.o
    0x08008b3e   0x08008b3e   0x00000002   PAD
    0x08008b40   0x08008b40   0x0000019e   Code   RO         1784    .text.xQueueSemaphoreTake  queue.o
    0x08008cde   0x08008cde   0x00000002   PAD
    0x08008ce0   0x08008ce0   0x0000009a   Code   RO         1903    .text.xTaskCheckForTimeOut  tasks.o
    0x08008d7a   0x08008d7a   0x00000002   PAD
    0x08008d7c   0x08008d7c   0x000000a6   Code   RO         1839    .text.xTaskCreate   tasks.o
    0x08008e22   0x08008e22   0x00000002   PAD
    0x08008e24   0x08008e24   0x0000007a   Code   RO         1833    .text.xTaskCreateStatic  tasks.o
    0x08008e9e   0x08008e9e   0x00000002   PAD
    0x08008ea0   0x08008ea0   0x000000ba   Code   RO         1847    .text.xTaskDelayUntil  tasks.o
    0x08008f5a   0x08008f5a   0x00000002   PAD
    0x08008f5c   0x08008f5c   0x00000038   Code   RO         1909    .text.xTaskGetSchedulerState  tasks.o
    0x08008f94   0x08008f94   0x00000014   Code   RO         1881    .text.xTaskGetTickCount  tasks.o
    0x08008fa8   0x08008fa8   0x0000023a   Code   RO         1879    .text.xTaskIncrementTick  tasks.o
    0x080091e2   0x080091e2   0x00000002   PAD
    0x080091e4   0x080091e4   0x000000f0   Code   RO         1913    .text.xTaskPriorityDisinherit  tasks.o
    0x080092d4   0x080092d4   0x0000015c   Code   RO         1911    .text.xTaskPriorityInherit  tasks.o
    0x08009430   0x08009430   0x00000170   Code   RO         1895    .text.xTaskRemoveFromEventList  tasks.o
    0x080095a0   0x080095a0   0x000001fe   Code   RO         1853    .text.xTaskResumeAll  tasks.o
    0x0800979e   0x0800979e   0x0000003e   Code   RO         2734    CL$$btod_d2e        c_w.l(btod.o)
    0x080097dc   0x080097dc   0x00000046   Code   RO         2736    CL$$btod_d2e_denorm_low  c_w.l(btod.o)
    0x08009822   0x08009822   0x00000060   Code   RO         2735    CL$$btod_d2e_norm_op1  c_w.l(btod.o)
    0x08009882   0x08009882   0x00000002   PAD
    0x08009884   0x08009884   0x00000338   Code   RO         2744    CL$$btod_div_common  c_w.l(btod.o)
    0x08009bbc   0x08009bbc   0x000000dc   Code   RO         2741    CL$$btod_e2e        c_w.l(btod.o)
    0x08009c98   0x08009c98   0x0000002a   Code   RO         2738    CL$$btod_ediv       c_w.l(btod.o)
    0x08009cc2   0x08009cc2   0x0000002a   Code   RO         2737    CL$$btod_emul       c_w.l(btod.o)
    0x08009cec   0x08009cec   0x00000244   Code   RO         2743    CL$$btod_mult_common  c_w.l(btod.o)
    0x08009f30   0x08009f30   0x00000028   Code   RO         2636    i.__ARM_fpclassify  m_ws.l(fpclassify.o)
    0x08009f58   0x08009f58   0x000000aa   Code   RO         2654    i.__kernel_poly     m_ws.l(poly.o)
    0x0800a002   0x0800a002   0x00000006   Code   RO         2623    i.__mathlib_dbl_infnan  m_ws.l(dunder.o)
    0x0800a008   0x0800a008   0x00000004   Code   RO         2624    i.__mathlib_dbl_infnan2  m_ws.l(dunder.o)
    0x0800a00c   0x0800a00c   0x0000000c   Code   RO         2625    i.__mathlib_dbl_invalid  m_ws.l(dunder.o)
    0x0800a018   0x0800a018   0x00000010   Code   RO         2628    i.__mathlib_dbl_underflow  m_ws.l(dunder.o)
    0x0800a028   0x0800a028   0x0000000e   Code   RO         2545    i._is_digit         c_w.l(__printf_wp.o)
    0x0800a036   0x0800a036   0x00000002   PAD
    0x0800a038   0x0800a038   0x00000270   Code   RO         2468    i.asin              m_ws.l(asin.o)
    0x0800a2a8   0x0800a2a8   0x00000220   Code   RO         2618    i.atan              m_ws.l(atan.o)
    0x0800a4c8   0x0800a4c8   0x0000019c   Code   RO         2477    i.atan2             m_ws.l(atan2.o)
    0x0800a664   0x0800a664   0x0000004c   Code   RO         2658    i.sqrt              m_ws.l(sqrt.o)
    0x0800a6b0   0x0800a6b0   0x0000002c   Code   RO         2759    locale$$code        c_w.l(lc_numeric_c.o)
    0x0800a6dc   0x0800a6dc   0x0000002c   Code   RO         2778    locale$$code        c_w.l(lc_ctype_c.o)
    0x0800a708   0x0800a708   0x00000062   Code   RO         2411    x$fpl$d2f           fz_ws.l(d2f.o)
    0x0800a76a   0x0800a76a   0x00000002   PAD
    0x0800a76c   0x0800a76c   0x00000150   Code   RO         2413    x$fpl$dadd          fz_ws.l(daddsub_clz.o)
    0x0800a8bc   0x0800a8bc   0x00000010   Code   RO         2705    x$fpl$dcheck1       fz_ws.l(dcheck1.o)
    0x0800a8cc   0x0800a8cc   0x00000018   Code   RO         2707    x$fpl$dcmpinf       fz_ws.l(dcmpi.o)
    0x0800a8e4   0x0800a8e4   0x000002b4   Code   RO         2422    x$fpl$ddiv          fz_ws.l(ddiv.o)
    0x0800ab98   0x0800ab98   0x00000078   Code   RO         2580    x$fpl$deqf          fz_ws.l(deqf.o)
    0x0800ac10   0x0800ac10   0x00000154   Code   RO         2439    x$fpl$dmul          fz_ws.l(dmul.o)
    0x0800ad64   0x0800ad64   0x0000009c   Code   RO         2586    x$fpl$dnaninf       fz_ws.l(dnaninf.o)
    0x0800ae00   0x0800ae00   0x0000000c   Code   RO         2588    x$fpl$dretinf       fz_ws.l(dretinf.o)
    0x0800ae0c   0x0800ae0c   0x00000016   Code   RO         2414    x$fpl$drsb          fz_ws.l(daddsub_clz.o)
    0x0800ae22   0x0800ae22   0x00000002   PAD
    0x0800ae24   0x0800ae24   0x000001cc   Code   RO         2709    x$fpl$dsqrt         fz_ws.l(dsqrt_noumaal.o)
    0x0800aff0   0x0800aff0   0x000001dc   Code   RO         2415    x$fpl$dsub          fz_ws.l(daddsub_clz.o)
    0x0800b1cc   0x0800b1cc   0x00000056   Code   RO         2441    x$fpl$f2d           fz_ws.l(f2d.o)
    0x0800b222   0x0800b222   0x00000002   PAD
    0x0800b224   0x0800b224   0x000000c4   Code   RO         2443    x$fpl$fadd          fz_ws.l(faddsub_clz.o)
    0x0800b2e8   0x0800b2e8   0x00000054   Code   RO         2449    x$fpl$fcmp          fz_ws.l(fcmp.o)
    0x0800b33c   0x0800b33c   0x00000018   Code   RO         2713    x$fpl$fcmpinf       fz_ws.l(fcmpi.o)
    0x0800b354   0x0800b354   0x00000184   Code   RO         2452    x$fpl$fdiv          fz_ws.l(fdiv.o)
    0x0800b4d8   0x0800b4d8   0x00000068   Code   RO         2594    x$fpl$feqf          fz_ws.l(feqf.o)
    0x0800b540   0x0800b540   0x00000036   Code   RO         2455    x$fpl$ffix          fz_ws.l(ffix.o)
    0x0800b576   0x0800b576   0x00000002   PAD
    0x0800b578   0x0800b578   0x00000030   Code   RO         2460    x$fpl$fflt          fz_ws.l(fflt_clz.o)
    0x0800b5a8   0x0800b5a8   0x00000026   Code   RO         2459    x$fpl$ffltu         fz_ws.l(fflt_clz.o)
    0x0800b5ce   0x0800b5ce   0x00000002   PAD
    0x0800b5d0   0x0800b5d0   0x00000068   Code   RO         2596    x$fpl$fgeqf         fz_ws.l(fgeqf.o)
    0x0800b638   0x0800b638   0x00000068   Code   RO         2598    x$fpl$fleqf         fz_ws.l(fleqf.o)
    0x0800b6a0   0x0800b6a0   0x00000102   Code   RO         2465    x$fpl$fmul          fz_ws.l(fmul.o)
    0x0800b7a2   0x0800b7a2   0x0000008c   Code   RO         2600    x$fpl$fnaninf       fz_ws.l(fnaninf.o)
    0x0800b82e   0x0800b82e   0x0000000a   Code   RO         2602    x$fpl$fretinf       fz_ws.l(fretinf.o)
    0x0800b838   0x0800b838   0x000000ea   Code   RO         2445    x$fpl$fsub          fz_ws.l(faddsub_clz.o)
    0x0800b922   0x0800b922   0x00000004   Code   RO         2604    x$fpl$printf1       fz_ws.l(printf1.o)
    0x0800b926   0x0800b926   0x00000004   Code   RO         2606    x$fpl$printf2       fz_ws.l(printf2.o)
    0x0800b92a   0x0800b92a   0x00000064   Code   RO         2771    x$fpl$retnan        fz_ws.l(retnan.o)
    0x0800b98e   0x0800b98e   0x0000005c   Code   RO         2612    x$fpl$scalbn        fz_ws.l(scalbn.o)
    0x0800b9ea   0x0800b9ea   0x00000030   Code   RO         2827    x$fpl$trapveneer    fz_ws.l(trapv.o)
    0x0800ba1a   0x0800ba1a   0x00000000   Code   RO         2616    x$fpl$usenofp       fz_ws.l(usenofp.o)
    0x0800ba1a   0x0800ba1a   0x00000006   PAD
    0x0800ba20   0x0800ba20   0x00000050   Data   RO         2469    .constdata          m_ws.l(asin.o)
    0x0800ba70   0x0800ba70   0x00000008   Data   RO         2504    .constdata          c_w.l(_printf_wctomb.o)
    0x0800ba78   0x0800ba78   0x00000028   Data   RO         2533    .constdata          c_w.l(_printf_hex_int_ll_ptr.o)
    0x0800baa0   0x0800baa0   0x00000011   Data   RO         2553    .constdata          c_w.l(__printf_flags_ss_wp.o)
    0x0800bab1   0x0800bab1   0x00000007   PAD
    0x0800bab8   0x0800bab8   0x00000098   Data   RO         2619    .constdata          m_ws.l(atan.o)
    0x0800bb50   0x0800bb50   0x00000008   Data   RO         2656    .constdata          m_ws.l(qnan.o)
    0x0800bb58   0x0800bb58   0x00000026   Data   RO         2694    .constdata          c_w.l(_printf_fp_hex.o)
    0x0800bb7e   0x0800bb7e   0x00000002   PAD
    0x0800bb80   0x0800bb80   0x00000094   Data   RO         2732    .constdata          c_w.l(bigflt0.o)
    0x0800bc14   0x0800bc14   0x00000012   Data   RO         1180    .rodata..L__const.FlightTask.remote  freertos_demo.o
    0x0800bc26   0x0800bc26   0x00000004   Data   RO          673    .rodata.ADCPrescTable  stm32f10x_rcc.o
    0x0800bc2a   0x0800bc2a   0x00000010   Data   RO          672    .rodata.APBAHBPrescTable  stm32f10x_rcc.o
    0x0800bc3a   0x0800bc3a   0x00000002   PAD
    0x0800bc3c   0x0800bc3c   0x00000004   Data   RO         2295    .rodata.Gyro_G      mymath.o
    0x0800bc40   0x0800bc40   0x00000004   Data   RO         2296    .rodata.Gyro_Gr     mymath.o
    0x0800bc44   0x0800bc44   0x00000005   Data   RO         2199    .rodata.RX_ADDRESS  nrf24l01.o
    0x0800bc49   0x0800bc49   0x00000003   PAD
    0x0800bc4c   0x0800bc4c   0x00000004   Data   RO         2293    .rodata.RtA         mymath.o
    0x0800bc50   0x0800bc50   0x00000027   Data   RO         1160    .rodata.str1.1      main.o
    0x0800bc77   0x0800bc77   0x00000121   Data   RO         1176    .rodata.str1.1      freertos_demo.o
    0x0800bd98   0x0800bd98   0x00000005   Data   RO         1953    .rodata.str1.1      tasks.o
    0x0800bd9d   0x0800bd9d   0x00000026   Data   RO         2368    .rodata.str1.1      modules_remote.o
    0x0800bdc3   0x0800bdc3   0x00000001   PAD
    0x0800bdc4   0x0800bdc4   0x00000004   Data   RO         1940    .rodata.uxTopUsedPriority  tasks.o
    0x0800bdc8   0x0800bdc8   0x00000020   Data   RO         2915    Region$$Table       anon$$obj.o
    0x0800bde8   0x0800bde8   0x0000001c   Data   RO         2758    locale$$data        c_w.l(lc_numeric_c.o)
    0x0800be04   0x0800be04   0x00000110   Data   RO         2777    locale$$data        c_w.l(lc_ctype_c.o)


    Execution Region RW_IRAM1 (Exec base: 0x20000000, Load base: 0x0800bf18, Size: 0x00003bb8, Max: 0x00005000, ABSOLUTE)

    Exec Addr    Load Addr    Size         Type   Attr      Idx    E Section Name        Object

    0x20000000   0x0800bf18   0x00000004   Data   RW         2240    .data.GetAngle.KiDef  imu.o
    0x20000004   0x0800bf1c   0x00000004   Data   RW         2239    .data.GetAngle.KpDef  imu.o
    0x20000008   0x0800bf20   0x00000010   Data   RW         2237    .data.NumQ          imu.o
    0x20000018   0x0800bf30   0x00000018   Data   RW         2045    .data.flight_pid_objects  flight_control.o
    0x20000030   0x0800bf48   0x00000004   Data   RW         1357    .data.s_baudrate    usart.o
    0x20000034   0x0800bf4c   0x0000003c   Data   RW         2122    .data.s_ekf         mpu6050.o
    0x20000070   0x0800bf88   0x00000001   Data   RW         1286    .data.s_led_breath_dir  led.o
    0x20000071   0x0800bf89   0x00000003   PAD
    0x20000074   0x0800bf8c   0x00000004   Data   RW         2024    .data.uxCriticalNesting  port.o
    0x20000078        -       0x00000060   Zero   RW         2718    .bss                c_w.l(libspace.o)
    0x200000d8        -       0x00000014   Zero   RW         1608    .bss.ADC_Value      adc_dma.o
    0x200000ec        -       0x00000001   Zero   RW         1495    .bss.BlueSerial_RxFlag  blueserial.o
    0x200000ed        -       0x00000064   Zero   RW         1494    .bss.BlueSerial_RxPacket  blueserial.o
    0x20000151        -       0x00000064   Zero   RW         1499    .bss.BlueSerial_RxTempPacket  blueserial.o
    0x200001b5        -       0x00000001   Zero   RW         1181    .bss.FlightTask.count  freertos_demo.o
    0x200001b6        -       0x00000001   Zero   RW         1182    .bss.FlightTask.is_first_running  freertos_demo.o
    0x200001b7   0x0800bf90   0x00000001   PAD
    0x200001b8        -       0x00000004   Zero   RW         1179    .bss.FlightTask_Handle  freertos_demo.o
    0x200001bc        -       0x0000000c   Zero   RW         2238    .bss.GyroIntegError  imu.o
    0x200001c8        -       0x0000000c   Zero   RW         2118    .bss.MpuOffset      mpu6050.o
    0x200001d4        -       0x00000004   Zero   RW         2241    .bss.NormAcc        imu.o
    0x200001d8        -       0x00000004   Zero   RW         1178    .bss.RemoteTask_Handle  freertos_demo.o
    0x200001dc        -       0x00000004   Zero   RW         1177    .bss.StartTask_Handler  freertos_demo.o
    0x200001e0        -       0x00000001   Zero   RW         1498    .bss.USART2_IRQHandler.p_rx_packet  blueserial.o
    0x200001e1        -       0x00000001   Zero   RW         1497    .bss.USART2_IRQHandler.rx_state  blueserial.o
    0x200001e2   0x0800bf90   0x00000002   PAD
    0x200001e4        -       0x0000000c   Zero   RW         2071    .bss.arm_detector   arm_detector.o
    0x200001f0        -       0x00000034   Zero   RW         1207    .bss.pidPitch       init.o
    0x20000224        -       0x00000034   Zero   RW         1204    .bss.pidRateX       init.o
    0x20000258        -       0x00000034   Zero   RW         1205    .bss.pidRateY       init.o
    0x2000028c        -       0x00000034   Zero   RW         1206    .bss.pidRateZ       init.o
    0x200002c0        -       0x00000034   Zero   RW         1208    .bss.pidRoll        init.o
    0x200002f4        -       0x00000034   Zero   RW         1209    .bss.pidYaw         init.o
    0x20000328        -       0x00000004   Zero   RW         1939    .bss.pxCurrentTCB   tasks.o
    0x2000032c        -       0x00000004   Zero   RW         1957    .bss.pxDelayedTaskList  tasks.o
    0x20000330        -       0x00000004   Zero   RW         1988    .bss.pxEnd          heap_4.o
    0x20000334        -       0x00000004   Zero   RW         1958    .bss.pxOverflowDelayedTaskList  tasks.o
    0x20000338        -       0x00000064   Zero   RW         1941    .bss.pxReadyTasksLists  tasks.o
    0x2000039c        -       0x00000020   Zero   RW         2362    .bss.rx_datas       modules_remote.o
    0x200003bc        -       0x00000028   Zero   RW         1609    .bss.s_adc_frame    adc_dma.o
    0x200003e4        -       0x00000004   Zero   RW         1607    .bss.s_adc_task_handle  adc_dma.o
    0x200003e8        -       0x0000000c   Zero   RW         2125    .bss.s_angle        mpu6050.o
    0x200003f4        -       0x00000001   Zero   RW         2336    .bss.s_current_flight_state  modules_flight_status.o
    0x200003f5        -       0x00000001   Zero   RW         2197    .bss.s_current_mode  nrf24l01.o
    0x200003f6   0x0800bf90   0x00000002   PAD
    0x200003f8        -       0x00000004   Zero   RW         1631    .bss.s_flash_mutex  flash.o
    0x200003fc        -       0x0000000c   Zero   RW         2123    .bss.s_gyro_lpf     mpu6050.o
    0x20000408        -       0x00000001   Zero   RW         1677    .bss.s_iic_inited   iic.o
    0x20000409   0x0800bf90   0x00000003   PAD
    0x2000040c        -       0x00000004   Zero   RW         1676    .bss.s_iic_mutex    iic.o
    0x20000410        -       0x00000048   Zero   RW         1675    .bss.s_iic_mutex_buf  iic.o
    0x20000458        -       0x00000001   Zero   RW         2042    .bss.s_inited       flight_control.o
    0x20000459        -       0x00000001   Zero   RW         2196    .bss.s_initialized  nrf24l01.o
    0x2000045a        -       0x00000001   Zero   RW         2369    .bss.s_initialized  modules_remote.o
    0x2000045b        -       0x00000001   Zero   RW         2043    .bss.s_last_state   flight_control.o
    0x2000045c        -       0x00000001   Zero   RW         1285    .bss.s_led_breath_enabled  led.o
    0x2000045d        -       0x00000001   Zero   RW         1287    .bss.s_led_breath_level  led.o
    0x2000045e        -       0x00000001   Zero   RW         1284    .bss.s_led_output_on  led.o
    0x2000045f   0x0800bf90   0x00000001   PAD
    0x20000460        -       0x00000002   Zero   RW         2364    .bss.s_lost_count   modules_remote.o
    0x20000462        -       0x00000001   Zero   RW         2120    .bss.s_mpu_inited   mpu6050.o
    0x20000463   0x0800bf90   0x00000001   PAD
    0x20000464        -       0x00000004   Zero   RW         2119    .bss.s_mpu_mutex    mpu6050.o
    0x20000468        -       0x00000048   Zero   RW         2121    .bss.s_mpu_mutex_buf  mpu6050.o
    0x200004b0        -       0x0000000c   Zero   RW         2124    .bss.s_mpu_raw      mpu6050.o
    0x200004bc        -       0x00000001   Zero   RW         1288    .bss.s_pwm_count    led.o
    0x200004bd        -       0x00000001   Zero   RW         1610    .bss.s_ready_frame  adc_dma.o
    0x200004be        -       0x00000012   Zero   RW         2363    .bss.s_remote_cache  modules_remote.o
    0x200004d0        -       0x00000004   Zero   RW         2365    .bss.s_remote_queue  modules_remote.o
    0x200004d4        -       0x00000048   Zero   RW         2367    .bss.s_remote_queue_buffer  modules_remote.o
    0x2000051c        -       0x00000012   Zero   RW         2366    .bss.s_remote_queue_storage  modules_remote.o
    0x2000052e   0x0800bf90   0x00000002   PAD
    0x20000530        -       0x00000004   Zero   RW         1367    .bss.s_rx_overflow_cnt  usart.o
    0x20000534        -       0x00000004   Zero   RW         1363    .bss.s_rx_queue     usart.o
    0x20000538        -       0x00000048   Zero   RW         1362    .bss.s_rx_queue_buf  usart.o
    0x20000580        -       0x00000080   Zero   RW         1361    .bss.s_rx_queue_storage  usart.o
    0x20000600        -       0x00000001   Zero   RW         1709    .bss.s_spi_inited   spi.o
    0x20000601   0x0800bf90   0x00000003   PAD
    0x20000604        -       0x00000004   Zero   RW         1707    .bss.s_spi_mutex    spi.o
    0x20000608        -       0x00000048   Zero   RW         1708    .bss.s_spi_mutex_buf  spi.o
    0x20000650        -       0x00000001   Zero   RW         1289    .bss.s_step_count   led.o
    0x20000651        -       0x00000400   Zero   RW         1358    .bss.s_tx_buf       usart.o
    0x20000a51        -       0x00000001   Zero   RW         1369    .bss.s_tx_dma_busy  usart.o
    0x20000a52        -       0x00000002   Zero   RW         1368    .bss.s_tx_dma_len   usart.o
    0x20000a54        -       0x00000004   Zero   RW         1366    .bss.s_tx_drop_cnt  usart.o
    0x20000a58        -       0x00000002   Zero   RW         1364    .bss.s_tx_head      usart.o
    0x20000a5a        -       0x00000002   Zero   RW         1365    .bss.s_tx_tail      usart.o
    0x20000a5c        -       0x00000001   Zero   RW         1356    .bss.s_usart_inited  usart.o
    0x20000a5d   0x0800bf90   0x00000003   PAD
    0x20000a60        -       0x00000004   Zero   RW         1360    .bss.s_usart_mutex  usart.o
    0x20000a64        -       0x00000048   Zero   RW         1359    .bss.s_usart_mutex_buf  usart.o
    0x20000aac        -       0x00000004   Zero   RW         2198    .bss.s_waitingTask  nrf24l01.o
    0x20000ab0        -       0x00000001   Zero   RW         1611    .bss.s_write_frame  adc_dma.o
    0x20000ab1   0x0800bf90   0x00000003   PAD
    0x20000ab4        -       0x00000004   Zero   RW         2044    .bss.s_yaw_target   flight_control.o
    0x20000ab8        -       0x00002800   Zero   RW         1994    .bss.ucHeap         heap_4.o
    0x200032b8        -       0x00000004   Zero   RW         1946    .bss.uxCurrentNumberOfTasks  tasks.o
    0x200032bc        -       0x00000004   Zero   RW         1945    .bss.uxDeletedTasksWaitingCleanUp  tasks.o
    0x200032c0        -       0x00000004   Zero   RW         1950    .bss.uxSchedulerSuspended  tasks.o
    0x200032c4        -       0x00000004   Zero   RW         1943    .bss.uxTaskNumber   tasks.o
    0x200032c8        -       0x00000004   Zero   RW         1942    .bss.uxTopReadyPriority  tasks.o
    0x200032cc        -       0x00000014   Zero   RW         1960    .bss.xDelayedTaskList1  tasks.o
    0x200032e0        -       0x00000014   Zero   RW         1961    .bss.xDelayedTaskList2  tasks.o
    0x200032f4        -       0x00000004   Zero   RW         1989    .bss.xFreeBytesRemaining  heap_4.o
    0x200032f8        -       0x00000004   Zero   RW         1954    .bss.xIdleTaskHandle  tasks.o
    0x200032fc        -       0x00000200   Zero   RW         1193    .bss.xIdleTaskStackBuffer  freertos_hooks.o
    0x200034fc        -       0x00000054   Zero   RW         1192    .bss.xIdleTaskTCBBuffer  freertos_hooks.o
    0x20003550        -       0x00000004   Zero   RW         1991    .bss.xMinimumEverFreeBytesRemaining  heap_4.o
    0x20003554        -       0x00000004   Zero   RW         1955    .bss.xNextTaskUnblockTime  tasks.o
    0x20003558        -       0x00000004   Zero   RW         1959    .bss.xNumOfOverflows  tasks.o
    0x2000355c        -       0x00000004   Zero   RW         1992    .bss.xNumberOfSuccessfulAllocations  heap_4.o
    0x20003560        -       0x00000004   Zero   RW         1993    .bss.xNumberOfSuccessfulFrees  heap_4.o
    0x20003564        -       0x00000004   Zero   RW         1956    .bss.xPendedTicks   tasks.o
    0x20003568        -       0x00000014   Zero   RW         1952    .bss.xPendingReadyList  tasks.o
    0x2000357c        -       0x00000004   Zero   RW         1947    .bss.xSchedulerRunning  tasks.o
    0x20003580        -       0x00000008   Zero   RW         1990    .bss.xStart         heap_4.o
    0x20003588        -       0x00000014   Zero   RW         1949    .bss.xSuspendedTaskList  tasks.o
    0x2000359c        -       0x00000014   Zero   RW         1944    .bss.xTasksWaitingTermination  tasks.o
    0x200035b0        -       0x00000004   Zero   RW         1948    .bss.xTickCount     tasks.o
    0x200035b4        -       0x00000004   Zero   RW         1951    .bss.xYieldPending  tasks.o
    0x200035b8        -       0x00000200   Zero   RW         1113    HEAP                startup_stm32f10x_md.o
    0x200037b8        -       0x00000400   Zero   RW         1112    STACK               startup_stm32f10x_md.o


==============================================================================

Image component sizes


      Code (inc. data)   RO Data    RW Data    ZI Data      Debug   Object Name

       296          0          0          0         66       5867   adc_dma.o
       578          4          0          0         12       2774   arm_detector.o
       348          0          0          0        203       6240   blueserial.o
        70          0          0          0          0        783   bsp_irq.o
       418          0          0          0          0       3287   debug.o
       316          0          0          0          0       2760   delay.o
       346          0          0          0          4       2489   flash.o
       794          0          0         24          6       2980   flight_control.o
       882          0        307          0         14       3731   freertos_demo.o
        42          0          0          0        596       1545   freertos_hooks.o
       880          0          0          0      10268       4112   heap_4.o
      2218          0          0          0         77       5968   iic.o
      1614          0          0         24         16       2416   imu.o
       168          0          0          0        312       1024   init.o
       352          0          0          0          0       1597   kalman.o
       186          0          0          1          5       2885   led.o
       296          0          0          0          0       2092   list.o
        58          0         39          0          0        702   main.o
       198          0          0          0          0       2832   misc.o
       696          0          0          0          0       2504   mixer.o
       304          0          0          0          0       1458   modules_flight_input.o
       344          6          0          0          1       2201   modules_flight_status.o
       932          0         38          0        147       4110   modules_remote.o
       314          0          0          0          0       2120   modules_safety.o
        88          0          0          0          0       1001   motor.o
      1610          6          0         60        125       6312   mpu6050.o
        94          0         12          0          0       3799   mymath.o
      1598          0          5          0          6       9181   nrf24l01.o
       282          0          0          0          0       1508   pid_1.o
       510         12          0          4          0       2525   port.o
       330          0          0          0          0       3361   pwm.o
      2368          0          0          0          0      12992   queue.o
       658          0          0          0         77       4643   spi.o
        64         26        236          0       1536        808   startup_stm32f10x_md.o
       770          0          0          0          0       3574   stm32f10x_dma.o
       330          0          0          0          0       2588   stm32f10x_exti.o
       764          0          0          0          0       5398   stm32f10x_gpio.o
        20          0          0          0          0        767   stm32f10x_it.o
       538          0         20          0          0       6717   stm32f10x_rcc.o
      2162          0          0          0          0      20030   stm32f10x_tim.o
       914          0          0          0          0       7190   stm32f10x_usart.o
       400          0          0          0          0       2668   system_stm32f10x.o
      5560          0          9          0        260      19831   tasks.o
       148          0          0          0          0       3404   timer.o
      1258          0          0          4       1320       9105   usart.o

    ----------------------------------------------------------------------
     33402         54        704        120      15072     195879   Object Totals
         0          0         32          0          0          0   (incl. Generated)
       286          0          6          3         21          0   (incl. Padding)

    ----------------------------------------------------------------------

      Code (inc. data)   RO Data    RW Data    ZI Data      Debug   Library Member Name

         8          0          0          0          0         68   __main.o
       392          4         17          0          0         92   __printf_flags_ss_wp.o
        14          0          0          0          0         68   __printf_wp.o
         0          0          0          0          0          0   __rtentry.o
        12          0          0          0          0          0   __rtentry2.o
         6          0          0          0          0          0   __rtentry4.o
        52          8          0          0          0          0   __scatter.o
        26          0          0          0          0          0   __scatter_copy.o
        28          0          0          0          0          0   __scatter_zi.o
        72          0          0          0          0         96   _c16rtomb.o
         6          0          0          0          0          0   _printf_a.o
         6          0          0          0          0          0   _printf_c.o
        44          0          0          0          0        108   _printf_char.o
        48          6          0          0          0         96   _printf_char_common.o
        40          0          0          0          0         68   _printf_charcount.o
         6          0          0          0          0          0   _printf_d.o
       120         16          0          0          0         92   _printf_dec.o
         6          0          0          0          0          0   _printf_e.o
         6          0          0          0          0          0   _printf_f.o
      1052          0          0          0          0        148   _printf_fp_dec.o
       764          8         38          0          0        100   _printf_fp_hex.o
       128         16          0          0          0         84   _printf_fp_infnan.o
         6          0          0          0          0          0   _printf_g.o
       148          4         40          0          0        160   _printf_hex_int_ll_ptr.o
         6          0          0          0          0          0   _printf_i.o
       178          0          0          0          0         88   _printf_intcommon.o
        10          0          0          0          0          0   _printf_l.o
         6          0          0          0          0          0   _printf_lc.o
        10          0          0          0          0          0   _printf_ll.o
         6          0          0          0          0          0   _printf_lld.o
         6          0          0          0          0          0   _printf_lli.o
         6          0          0          0          0          0   _printf_llo.o
         6          0          0          0          0          0   _printf_llu.o
         6          0          0          0          0          0   _printf_llx.o
       124         16          0          0          0         92   _printf_longlong_dec.o
         6          0          0          0          0          0   _printf_ls.o
         6          0          0          0          0          0   _printf_n.o
         6          0          0          0          0          0   _printf_o.o
       112          8          0          0          0        124   _printf_oct_int_ll.o
         6          0          0          0          0          0   _printf_p.o
        78          0          0          0          0        108   _printf_pad.o
         0          0          0          0          0          0   _printf_percent.o
         4          0          0          0          0          0   _printf_percent_end.o
         6          0          0          0          0          0   _printf_s.o
        82          0          0          0          0         80   _printf_str.o
        36          0          0          0          0         84   _printf_truncate.o
         6          0          0          0          0          0   _printf_u.o
        44          0          0          0          0        108   _printf_wchar.o
       188          6          8          0          0         92   _printf_wctomb.o
         6          0          0          0          0          0   _printf_x.o
        22          0          0          0          0        100   _rserrno.o
        16          0          0          0          0         68   _snputc.o
       228          4        148          0          0         96   bigflt0.o
      1936        128          0          0          0        668   btod.o
        18          0          0          0          0         80   exit.o
         6          0          0          0          0        152   heapauxi.o
         0          0          0          0          0          0   indicate_semi.o
        44         10        272          0          0         76   lc_ctype_c.o
        44         10         28          0          0         76   lc_numeric_c.o
         2          0          0          0          0          0   libinit.o
        30          0          0          0          0          0   libinit2.o
         2          0          0          0          0          0   libshutdown.o
         2          0          0          0          0          0   libshutdown2.o
         8          4          0          0         96         68   libspace.o
       138          0          0          0          0         80   lludiv10.o
        16          4          0          0          0         76   rt_ctype_table.o
         8          4          0          0          0         68   rt_errno_addr_intlibspace.o
         8          4          0          0          0         68   rt_locale_intlibspace.o
        68          0          0          0          0         68   rt_memclr.o
        78          0          0          0          0         80   rt_memclr_w.o
       138          0          0          0          0         68   rt_memcpy_v6.o
       100          0          0          0          0         80   rt_memcpy_w.o
         2          0          0          0          0          0   rtexit.o
        10          0          0          0          0          0   rtexit2.o
       128          0          0          0          0         68   strcmpv7m.o
        62          0          0          0          0         76   strlen.o
        12          4          0          0          0         68   sys_exit.o
        74          0          0          0          0         80   sys_stackheap_outer.o
         2          0          0          0          0         68   use_no_semi.o
        60          4          0          0          0         80   vsnprintf.o
        98          4          0          0          0         92   d2f.o
       834         16          0          0          0        372   daddsub_clz.o
        16          4          0          0          0         68   dcheck1.o
        24          0          0          0          0         68   dcmpi.o
       692        140          0          0          0        216   ddiv.o
       120          4          0          0          0         92   deqf.o
       340         12          0          0          0        104   dmul.o
       156          4          0          0          0         92   dnaninf.o
        12          0          0          0          0         68   dretinf.o
       460         56          0          0          0        120   dsqrt_noumaal.o
        86          4          0          0          0         84   f2d.o
       430          8          0          0          0        168   faddsub_clz.o
        84          0          0          0          0        196   fcmp.o
        24          0          0          0          0         68   fcmpi.o
       388         76          0          0          0         96   fdiv.o
       104          4          0          0          0         84   feqf.o
        54          4          0          0          0         84   ffix.o
        86          0          0          0          0        136   fflt_clz.o
       104          4          0          0          0         84   fgeqf.o
       104          4          0          0          0         84   fleqf.o
       258          4          0          0          0         84   fmul.o
       140          4          0          0          0         84   fnaninf.o
        10          0          0          0          0         68   fretinf.o
         4          0          0          0          0         68   printf1.o
         4          0          0          0          0         68   printf2.o
       100          0          0          0          0         68   retnan.o
        92          0          0          0          0         68   scalbn.o
        48          0          0          0          0         68   trapv.o
         0          0          0          0          0          0   usenofp.o
       624         52         80          0          0        168   asin.o
       544         70        152          0          0        124   atan.o
       412         38          0          0          0        144   atan2.o
        38          6          0          0          0        272   dunder.o
        40          0          0          0          0         68   fpclassify.o
       170          0          0          0          0         96   poly.o
         0          0          8          0          0          0   qnan.o
        76          0          0          0          0         84   sqrt.o

    ----------------------------------------------------------------------
     14010        786        800          0         96       8276   Library Totals
        32          0          9          0          0          0   (incl. Padding)

    ----------------------------------------------------------------------

      Code (inc. data)   RO Data    RW Data    ZI Data      Debug   Library Name

      7202        268        551          0         96       4368   c_w.l
      4872        352          0          0          0       2952   fz_ws.l
      1904        166        240          0          0        956   m_ws.l

    ----------------------------------------------------------------------
     14010        786        800          0         96       8276   Library Totals

    ----------------------------------------------------------------------

==============================================================================


      Code (inc. data)   RO Data    RW Data    ZI Data      Debug   

     47412        840       1504        120      15168     198767   Grand Totals
     47412        840       1504        120      15168     198767   ELF Image Totals
     47412        840       1504        120          0          0   ROM Totals

==============================================================================

    Total RO  Size (Code + RO Data)                48916 (  47.77kB)
    Total RW  Size (RW Data + ZI Data)             15288 (  14.93kB)
    Total ROM Size (Code + RO Data + RW Data)      49036 (  47.89kB)

==============================================================================

