Component: Arm Compiler for Embedded 6.19 Tool: armlink [5e73cb00]

==============================================================================

Section Cross References

    misc.o(.ARM.exidx.text.NVIC_PriorityGroupConfig) refers to misc.o(.text.NVIC_PriorityGroupConfig) for [Anonymous Symbol]
    misc.o(.ARM.exidx.text.NVIC_Init) refers to misc.o(.text.NVIC_Init) for [Anonymous Symbol]
    misc.o(.ARM.exidx.text.NVIC_SetVectorTable) refers to misc.o(.text.NVIC_SetVectorTable) for [Anonymous Symbol]
    misc.o(.ARM.exidx.text.NVIC_SystemLPConfig) refers to misc.o(.text.NVIC_SystemLPConfig) for [Anonymous Symbol]
    misc.o(.ARM.exidx.text.SysTick_CLKSourceConfig) refers to misc.o(.text.SysTick_CLKSourceConfig) for [Anonymous Symbol]
    stm32f10x_adc.o(.text.ADC_DeInit) refers to stm32f10x_rcc.o(.text.RCC_APB2PeriphResetCmd) for RCC_APB2PeriphResetCmd
    stm32f10x_adc.o(.ARM.exidx.text.ADC_DeInit) refers to stm32f10x_adc.o(.text.ADC_DeInit) for [Anonymous Symbol]
    stm32f10x_adc.o(.ARM.exidx.text.ADC_Init) refers to stm32f10x_adc.o(.text.ADC_Init) for [Anonymous Symbol]
    stm32f10x_adc.o(.ARM.exidx.text.ADC_StructInit) refers to stm32f10x_adc.o(.text.ADC_StructInit) for [Anonymous Symbol]
    stm32f10x_adc.o(.ARM.exidx.text.ADC_Cmd) refers to stm32f10x_adc.o(.text.ADC_Cmd) for [Anonymous Symbol]
    stm32f10x_adc.o(.ARM.exidx.text.ADC_DMACmd) refers to stm32f10x_adc.o(.text.ADC_DMACmd) for [Anonymous Symbol]
    stm32f10x_adc.o(.ARM.exidx.text.ADC_ITConfig) refers to stm32f10x_adc.o(.text.ADC_ITConfig) for [Anonymous Symbol]
    stm32f10x_adc.o(.ARM.exidx.text.ADC_ResetCalibration) refers to stm32f10x_adc.o(.text.ADC_ResetCalibration) for [Anonymous Symbol]
    stm32f10x_adc.o(.ARM.exidx.text.ADC_GetResetCalibrationStatus) refers to stm32f10x_adc.o(.text.ADC_GetResetCalibrationStatus) for [Anonymous Symbol]
    stm32f10x_adc.o(.ARM.exidx.text.ADC_StartCalibration) refers to stm32f10x_adc.o(.text.ADC_StartCalibration) for [Anonymous Symbol]
    stm32f10x_adc.o(.ARM.exidx.text.ADC_GetCalibrationStatus) refers to stm32f10x_adc.o(.text.ADC_GetCalibrationStatus) for [Anonymous Symbol]
    stm32f10x_adc.o(.ARM.exidx.text.ADC_SoftwareStartConvCmd) refers to stm32f10x_adc.o(.text.ADC_SoftwareStartConvCmd) for [Anonymous Symbol]
    stm32f10x_adc.o(.ARM.exidx.text.ADC_GetSoftwareStartConvStatus) refers to stm32f10x_adc.o(.text.ADC_GetSoftwareStartConvStatus) for [Anonymous Symbol]
    stm32f10x_adc.o(.ARM.exidx.text.ADC_DiscModeChannelCountConfig) refers to stm32f10x_adc.o(.text.ADC_DiscModeChannelCountConfig) for [Anonymous Symbol]
    stm32f10x_adc.o(.ARM.exidx.text.ADC_DiscModeCmd) refers to stm32f10x_adc.o(.text.ADC_DiscModeCmd) for [Anonymous Symbol]
    stm32f10x_adc.o(.ARM.exidx.text.ADC_RegularChannelConfig) refers to stm32f10x_adc.o(.text.ADC_RegularChannelConfig) for [Anonymous Symbol]
    stm32f10x_adc.o(.ARM.exidx.text.ADC_ExternalTrigConvCmd) refers to stm32f10x_adc.o(.text.ADC_ExternalTrigConvCmd) for [Anonymous Symbol]
    stm32f10x_adc.o(.ARM.exidx.text.ADC_GetConversionValue) refers to stm32f10x_adc.o(.text.ADC_GetConversionValue) for [Anonymous Symbol]
    stm32f10x_adc.o(.ARM.exidx.text.ADC_GetDualModeConversionValue) refers to stm32f10x_adc.o(.text.ADC_GetDualModeConversionValue) for [Anonymous Symbol]
    stm32f10x_adc.o(.ARM.exidx.text.ADC_AutoInjectedConvCmd) refers to stm32f10x_adc.o(.text.ADC_AutoInjectedConvCmd) for [Anonymous Symbol]
    stm32f10x_adc.o(.ARM.exidx.text.ADC_InjectedDiscModeCmd) refers to stm32f10x_adc.o(.text.ADC_InjectedDiscModeCmd) for [Anonymous Symbol]
    stm32f10x_adc.o(.ARM.exidx.text.ADC_ExternalTrigInjectedConvConfig) refers to stm32f10x_adc.o(.text.ADC_ExternalTrigInjectedConvConfig) for [Anonymous Symbol]
    stm32f10x_adc.o(.ARM.exidx.text.ADC_ExternalTrigInjectedConvCmd) refers to stm32f10x_adc.o(.text.ADC_ExternalTrigInjectedConvCmd) for [Anonymous Symbol]
    stm32f10x_adc.o(.ARM.exidx.text.ADC_SoftwareStartInjectedConvCmd) refers to stm32f10x_adc.o(.text.ADC_SoftwareStartInjectedConvCmd) for [Anonymous Symbol]
    stm32f10x_adc.o(.ARM.exidx.text.ADC_GetSoftwareStartInjectedConvCmdStatus) refers to stm32f10x_adc.o(.text.ADC_GetSoftwareStartInjectedConvCmdStatus) for [Anonymous Symbol]
    stm32f10x_adc.o(.ARM.exidx.text.ADC_InjectedChannelConfig) refers to stm32f10x_adc.o(.text.ADC_InjectedChannelConfig) for [Anonymous Symbol]
    stm32f10x_adc.o(.ARM.exidx.text.ADC_InjectedSequencerLengthConfig) refers to stm32f10x_adc.o(.text.ADC_InjectedSequencerLengthConfig) for [Anonymous Symbol]
    stm32f10x_adc.o(.ARM.exidx.text.ADC_SetInjectedOffset) refers to stm32f10x_adc.o(.text.ADC_SetInjectedOffset) for [Anonymous Symbol]
    stm32f10x_adc.o(.ARM.exidx.text.ADC_GetInjectedConversionValue) refers to stm32f10x_adc.o(.text.ADC_GetInjectedConversionValue) for [Anonymous Symbol]
    stm32f10x_adc.o(.ARM.exidx.text.ADC_AnalogWatchdogCmd) refers to stm32f10x_adc.o(.text.ADC_AnalogWatchdogCmd) for [Anonymous Symbol]
[...]
    __kernel_poly                            0x0800a369   Thumb Code   170  poly.o(i.__kernel_poly)
    __mathlib_dbl_infnan                     0x0800a413   Thumb Code     6  dunder.o(i.__mathlib_dbl_infnan)
    __mathlib_dbl_infnan2                    0x0800a419   Thumb Code     4  dunder.o(i.__mathlib_dbl_infnan2)
    __mathlib_dbl_invalid                    0x0800a41d   Thumb Code    12  dunder.o(i.__mathlib_dbl_invalid)
    __mathlib_dbl_underflow                  0x0800a429   Thumb Code    10  dunder.o(i.__mathlib_dbl_underflow)
    _is_digit                                0x0800a439   Thumb Code    14  __printf_wp.o(i._is_digit)
    asin                                     0x0800a449   Thumb Code   572  asin.o(i.asin)
    atan                                     0x0800a6b9   Thumb Code   474  atan.o(i.atan)
    atan2                                    0x0800a8d9   Thumb Code   374  atan2.o(i.atan2)
    sqrt                                     0x0800aa75   Thumb Code    76  sqrt.o(i.sqrt)
    _get_lc_numeric                          0x0800aac1   Thumb Code    44  lc_numeric_c.o(locale$$code)
    _get_lc_ctype                            0x0800aaed   Thumb Code    44  lc_ctype_c.o(locale$$code)
    __aeabi_d2f                              0x0800ab19   Thumb Code     0  d2f.o(x$fpl$d2f)
    _d2f                                     0x0800ab19   Thumb Code    98  d2f.o(x$fpl$d2f)
    __aeabi_dadd                             0x0800ab7d   Thumb Code     0  daddsub_clz.o(x$fpl$dadd)
    _dadd                                    0x0800ab7d   Thumb Code   332  daddsub_clz.o(x$fpl$dadd)
    __fpl_dcheck_NaN1                        0x0800accd   Thumb Code    10  dcheck1.o(x$fpl$dcheck1)
    __fpl_dcmp_Inf                           0x0800acdd   Thumb Code    24  dcmpi.o(x$fpl$dcmpinf)
    __aeabi_ddiv                             0x0800acf5   Thumb Code     0  ddiv.o(x$fpl$ddiv)
    _ddiv                                    0x0800acf5   Thumb Code   556  ddiv.o(x$fpl$ddiv)
    __aeabi_cdcmpeq                          0x0800afa9   Thumb Code     0  deqf.o(x$fpl$deqf)
    _dcmpeq                                  0x0800afa9   Thumb Code   120  deqf.o(x$fpl$deqf)
    __aeabi_dmul                             0x0800b021   Thumb Code     0  dmul.o(x$fpl$dmul)
    _dmul                                    0x0800b021   Thumb Code   332  dmul.o(x$fpl$dmul)
    __fpl_dnaninf                            0x0800b175   Thumb Code   156  dnaninf.o(x$fpl$dnaninf)
    __fpl_dretinf                            0x0800b211   Thumb Code    12  dretinf.o(x$fpl$dretinf)
    __aeabi_drsub                            0x0800b21d   Thumb Code     0  daddsub_clz.o(x$fpl$drsb)
    _drsb                                    0x0800b21d   Thumb Code    22  daddsub_clz.o(x$fpl$drsb)
    _dsqrt                                   0x0800b235   Thumb Code   456  dsqrt_noumaal.o(x$fpl$dsqrt)
    __aeabi_dsub                             0x0800b401   Thumb Code     0  daddsub_clz.o(x$fpl$dsub)
    _dsub                                    0x0800b401   Thumb Code   472  daddsub_clz.o(x$fpl$dsub)
    __aeabi_f2d                              0x0800b5dd   Thumb Code     0  f2d.o(x$fpl$f2d)
    _f2d                                     0x0800b5dd   Thumb Code    86  f2d.o(x$fpl$f2d)
    __aeabi_fadd                             0x0800b635   Thumb Code     0  faddsub_clz.o(x$fpl$fadd)
    _fadd                                    0x0800b635   Thumb Code   196  faddsub_clz.o(x$fpl$fadd)
    __aeabi_fcmpeq                           0x0800b6f9   Thumb Code     0  fcmp.o(x$fpl$fcmp)
    _feq                                     0x0800b6f9   Thumb Code    14  fcmp.o(x$fpl$fcmp)
    _fneq                                    0x0800b707   Thumb Code    14  fcmp.o(x$fpl$fcmp)
    __aeabi_fcmpgt                           0x0800b715   Thumb Code     0  fcmp.o(x$fpl$fcmp)
    _fgr                                     0x0800b715   Thumb Code    14  fcmp.o(x$fpl$fcmp)
    __aeabi_fcmpge                           0x0800b723   Thumb Code     0  fcmp.o(x$fpl$fcmp)
    _fgeq                                    0x0800b723   Thumb Code    14  fcmp.o(x$fpl$fcmp)
    __aeabi_fcmple                           0x0800b731   Thumb Code     0  fcmp.o(x$fpl$fcmp)
    _fleq                                    0x0800b731   Thumb Code    14  fcmp.o(x$fpl$fcmp)
    __aeabi_fcmplt                           0x0800b73f   Thumb Code     0  fcmp.o(x$fpl$fcmp)
    _fls                                     0x0800b73f   Thumb Code    14  fcmp.o(x$fpl$fcmp)
    __fpl_fcmp_Inf                           0x0800b74d   Thumb Code    24  fcmpi.o(x$fpl$fcmpinf)
    __aeabi_fdiv                             0x0800b765   Thumb Code     0  fdiv.o(x$fpl$fdiv)
    _fdiv                                    0x0800b765   Thumb Code   384  fdiv.o(x$fpl$fdiv)
    __aeabi_cfcmpeq                          0x0800b8e9   Thumb Code     0  feqf.o(x$fpl$feqf)
    _fcmpeq                                  0x0800b8e9   Thumb Code   104  feqf.o(x$fpl$feqf)
    __aeabi_f2iz                             0x0800b951   Thumb Code     0  ffix.o(x$fpl$ffix)
    _ffix                                    0x0800b951   Thumb Code    54  ffix.o(x$fpl$ffix)
    __aeabi_i2f                              0x0800b989   Thumb Code     0  fflt_clz.o(x$fpl$fflt)
    _fflt                                    0x0800b989   Thumb Code    48  fflt_clz.o(x$fpl$fflt)
    __aeabi_ui2f                             0x0800b9b9   Thumb Code     0  fflt_clz.o(x$fpl$ffltu)
    _ffltu                                   0x0800b9b9   Thumb Code    38  fflt_clz.o(x$fpl$ffltu)
    _fcmpge                                  0x0800b9e1   Thumb Code   104  fgeqf.o(x$fpl$fgeqf)
    __aeabi_cfcmple                          0x0800ba49   Thumb Code     0  fleqf.o(x$fpl$fleqf)
    _fcmple                                  0x0800ba49   Thumb Code   104  fleqf.o(x$fpl$fleqf)
    __fpl_fcmple_InfNaN                      0x0800ba9b   Thumb Code     0  fleqf.o(x$fpl$fleqf)
    __aeabi_fmul                             0x0800bab1   Thumb Code     0  fmul.o(x$fpl$fmul)
    _fmul                                    0x0800bab1   Thumb Code   258  fmul.o(x$fpl$fmul)
    __fpl_fnaninf                            0x0800bbb3   Thumb Code   140  fnaninf.o(x$fpl$fnaninf)
    __fpl_fretinf                            0x0800bc3f   Thumb Code    10  fretinf.o(x$fpl$fretinf)
    __aeabi_fsub                             0x0800bc49   Thumb Code     0  faddsub_clz.o(x$fpl$fsub)
    _fsub                                    0x0800bc49   Thumb Code   234  faddsub_clz.o(x$fpl$fsub)
    _printf_fp_dec                           0x0800bd33   Thumb Code     4  printf1.o(x$fpl$printf1)
    _printf_fp_hex                           0x0800bd37   Thumb Code     4  printf2.o(x$fpl$printf2)
    __fpl_return_NaN                         0x0800bd3b   Thumb Code   100  retnan.o(x$fpl$retnan)
    __ARM_scalbn                             0x0800bd9f   Thumb Code    92  scalbn.o(x$fpl$scalbn)
    __fpl_cmpreturn                          0x0800bdfb   Thumb Code    48  trapv.o(x$fpl$trapveneer)
    __I$use$fp                               0x0800be2a   Number         0  usenofp.o(x$fpl$usenofp)
    __mathlib_zero                           0x0800bf60   Data           8  qnan.o(.constdata)
    Gyro_G                                   0x0800c04c   Data           4  mymath.o(.rodata.Gyro_G)
    Gyro_Gr                                  0x0800c050   Data           4  mymath.o(.rodata.Gyro_Gr)
    RtA                                      0x0800c05c   Data           4  mymath.o(.rodata.RtA)
    uxTopUsedPriority                        0x0800c374   Data           4  tasks.o(.rodata.uxTopUsedPriority)
    Region$$Table$$Base                      0x0800c378   Number         0  anon$$obj.o(Region$$Table)
    Region$$Table$$Limit                     0x0800c398   Number         0  anon$$obj.o(Region$$Table)
    __ctype                                  0x0800c3c1   Data           0  lc_ctype_c.o(locale$$data)
    NumQ                                     0x20000008   Data          16  imu.o(.data.NumQ)
    s_led                                    0x20000076   Data           4  led.o(.data.s_led)
    __libspace_start                         0x20000080   Data          96  libspace.o(.bss)
    ADC_Value                                0x200000e0   Data          20  adc_dma.o(.bss.ADC_Value)
    __temporary_stack_top$libspace           0x200000e0   Data           0  libspace.o(.bss)
    BlueSerial_RxFlag                        0x200000f4   Data           1  blueserial.o(.bss.BlueSerial_RxFlag)
    BlueSerial_RxPacket                      0x200000f5   Data         100  blueserial.o(.bss.BlueSerial_RxPacket)
    GyroIntegError                           0x200001c4   Data          12  imu.o(.bss.GyroIntegError)
    MpuOffset                                0x200001d4   Data          12  mpu6050.o(.bss.MpuOffset)
    pidPitch                                 0x20000200   Data          52  init.o(.bss.pidPitch)
    pidRateX                                 0x20000234   Data          52  init.o(.bss.pidRateX)
    pidRateY                                 0x20000268   Data          52  init.o(.bss.pidRateY)
    pidRateZ                                 0x2000029c   Data          52  init.o(.bss.pidRateZ)
    pidRoll                                  0x200002d0   Data          52  init.o(.bss.pidRoll)
    pidYaw                                   0x20000304   Data          52  init.o(.bss.pidYaw)
    pxCurrentTCB                             0x20000338   Data           4  tasks.o(.bss.pxCurrentTCB)



==============================================================================

Memory Map of the image

  Image Entry point : 0x080000ed

  Load Region LR_IROM1 (Base: 0x08000000, Size: 0x0000c548, Max: 0x00010000, ABSOLUTE)

    Execution Region ER_IROM1 (Exec base: 0x08000000, Load base: 0x08000000, Size: 0x0000c4c4, Max: 0x00010000, ABSOLUTE)

    Exec Addr    Load Addr    Size         Type   Attr      Idx    E Section Name        Object

    0x08000000   0x08000000   0x000000ec   Data   RO         1114    RESET               startup_stm32f10x_md.o
    0x080000ec   0x080000ec   0x00000008   Code   RO         2451  * !!!main             c_w.l(__main.o)
    0x080000f4   0x080000f4   0x00000034   Code   RO         2958    !!!scatter          c_w.l(__scatter.o)
    0x08000128   0x08000128   0x0000001a   Code   RO         2960    !!handler_copy      c_w.l(__scatter_copy.o)
    0x08000142   0x08000142   0x00000002   PAD
    0x08000144   0x08000144   0x0000001c   Code   RO         2962    !!handler_zi        c_w.l(__scatter_zi.o)
    0x08000160   0x08000160   0x00000000   Code   RO         2610    .ARM.Collect$$_printf_percent$$00000000  c_w.l(_printf_percent.o)
    0x08000160   0x08000160   0x00000006   Code   RO         2599    .ARM.Collect$$_printf_percent$$00000001  c_w.l(_printf_n.o)
    0x08000166   0x08000166   0x00000006   Code   RO         2601    .ARM.Collect$$_printf_percent$$00000002  c_w.l(_printf_p.o)
    0x0800016c   0x0800016c   0x00000006   Code   RO         2606    .ARM.Collect$$_printf_percent$$00000003  c_w.l(_printf_f.o)
    0x08000172   0x08000172   0x00000006   Code   RO         2607    .ARM.Collect$$_printf_percent$$00000004  c_w.l(_printf_e.o)
    0x08000178   0x08000178   0x00000006   Code   RO         2608    .ARM.Collect$$_printf_percent$$00000005  c_w.l(_printf_g.o)
    0x0800017e   0x0800017e   0x00000006   Code   RO         2609    .ARM.Collect$$_printf_percent$$00000006  c_w.l(_printf_a.o)
    0x08000184   0x08000184   0x0000000a   Code   RO         2614    .ARM.Collect$$_printf_percent$$00000007  c_w.l(_printf_ll.o)
    0x0800018e   0x0800018e   0x00000006   Code   RO         2603    .ARM.Collect$$_printf_percent$$00000008  c_w.l(_printf_i.o)
    0x08000194   0x08000194   0x00000006   Code   RO         2604    .ARM.Collect$$_printf_percent$$00000009  c_w.l(_printf_d.o)
    0x0800019a   0x0800019a   0x00000006   Code   RO         2605    .ARM.Collect$$_printf_percent$$0000000A  c_w.l(_printf_u.o)
    0x080001a0   0x080001a0   0x00000006   Code   RO         2602    .ARM.Collect$$_printf_percent$$0000000B  c_w.l(_printf_o.o)
    0x080001a6   0x080001a6   0x00000006   Code   RO         2600    .ARM.Collect$$_printf_percent$$0000000C  c_w.l(_printf_x.o)
    0x080001ac   0x080001ac   0x00000006   Code   RO         2611    .ARM.Collect$$_printf_percent$$0000000D  c_w.l(_printf_lli.o)
    0x080001b2   0x080001b2   0x00000006   Code   RO         2612    .ARM.Collect$$_printf_percent$$0000000E  c_w.l(_printf_lld.o)
    0x080001b8   0x080001b8   0x00000006   Code   RO         2613    .ARM.Collect$$_printf_percent$$0000000F  c_w.l(_printf_llu.o)
    0x080001be   0x080001be   0x00000006   Code   RO         2618    .ARM.Collect$$_printf_percent$$00000010  c_w.l(_printf_llo.o)
    0x080001c4   0x080001c4   0x00000006   Code   RO         2619    .ARM.Collect$$_printf_percent$$00000011  c_w.l(_printf_llx.o)
    0x080001ca   0x080001ca   0x0000000a   Code   RO         2615    .ARM.Collect$$_printf_percent$$00000012  c_w.l(_printf_l.o)
    0x080001d4   0x080001d4   0x00000006   Code   RO         2597    .ARM.Collect$$_printf_percent$$00000013  c_w.l(_printf_c.o)
    0x080001da   0x080001da   0x00000006   Code   RO         2598    .ARM.Collect$$_printf_percent$$00000014  c_w.l(_printf_s.o)
    0x080001e0   0x080001e0   0x00000006   Code   RO         2616    .ARM.Collect$$_printf_percent$$00000015  c_w.l(_printf_lc.o)
    0x080001e6   0x080001e6   0x00000006   Code   RO         2617    .ARM.Collect$$_printf_percent$$00000016  c_w.l(_printf_ls.o)
    0x080001ec   0x080001ec   0x00000004   Code   RO         2744    .ARM.Collect$$_printf_percent$$00000017  c_w.l(_printf_percent_end.o)
    0x080001f0   0x080001f0   0x00000002   Code   RO         2810    .ARM.Collect$$libinit$$00000000  c_w.l(libinit.o)
    0x080001f2   0x080001f2   0x00000000   Code   RO         2823    .ARM.Collect$$libinit$$00000002  c_w.l(libinit2.o)
    0x080001f2   0x080001f2   0x00000000   Code   RO         2825    .ARM.Collect$$libinit$$00000004  c_w.l(libinit2.o)
    0x080001f2   0x080001f2   0x00000000   Code   RO         2827    .ARM.Collect$$libinit$$00000006  c_w.l(libinit2.o)
    0x080001f2   0x080001f2   0x00000000   Code   RO         2830    .ARM.Collect$$libinit$$0000000C  c_w.l(libinit2.o)
    0x080001f2   0x080001f2   0x00000000   Code   RO         2832    .ARM.Collect$$libinit$$0000000E  c_w.l(libinit2.o)
    0x080001f2   0x080001f2   0x00000000   Code   RO         2834    .ARM.Collect$$libinit$$00000010  c_w.l(libinit2.o)
    0x080001f2   0x080001f2   0x00000006   Code   RO         2835    .ARM.Collect$$libinit$$00000011  c_w.l(libinit2.o)
    0x080001f8   0x080001f8   0x00000000   Code   RO         2837    .ARM.Collect$$libinit$$00000013  c_w.l(libinit2.o)
    0x080001f8   0x080001f8   0x0000000c   Code   RO         2838    .ARM.Collect$$libinit$$00000014  c_w.l(libinit2.o)
    0x08000204   0x08000204   0x00000000   Code   RO         2839    .ARM.Collect$$libinit$$00000015  c_w.l(libinit2.o)
    0x08000204   0x08000204   0x00000000   Code   RO         2841    .ARM.Collect$$libinit$$00000017  c_w.l(libinit2.o)
    0x08000204   0x08000204   0x0000000a   Code   RO         2842    .ARM.Collect$$libinit$$00000018  c_w.l(libinit2.o)
    0x0800020e   0x0800020e   0x00000000   Code   RO         2843    .ARM.Collect$$libinit$$00000019  c_w.l(libinit2.o)
    0x0800020e   0x0800020e   0x00000000   Code   RO         2845    .ARM.Collect$$libinit$$0000001B  c_w.l(libinit2.o)
    0x0800020e   0x0800020e   0x00000000   Code   RO         2847    .ARM.Collect$$libinit$$0000001D  c_w.l(libinit2.o)
    0x0800020e   0x0800020e   0x00000000   Code   RO         2849    .ARM.Collect$$libinit$$0000001F  c_w.l(libinit2.o)
    0x0800020e   0x0800020e   0x00000000   Code   RO         2851    .ARM.Collect$$libinit$$00000021  c_w.l(libinit2.o)
    0x0800020e   0x0800020e   0x00000000   Code   RO         2853    .ARM.Collect$$libinit$$00000023  c_w.l(libinit2.o)
    0x0800020e   0x0800020e   0x00000000   Code   RO         2855    .ARM.Collect$$libinit$$00000025  c_w.l(libinit2.o)
    0x0800020e   0x0800020e   0x00000000   Code   RO         2857    .ARM.Collect$$libinit$$00000027  c_w.l(libinit2.o)
    0x0800020e   0x0800020e   0x00000000   Code   RO         2861    .ARM.Collect$$libinit$$0000002E  c_w.l(libinit2.o)
    0x0800020e   0x0800020e   0x00000000   Code   RO         2863    .ARM.Collect$$libinit$$00000030  c_w.l(libinit2.o)
    0x0800020e   0x0800020e   0x00000000   Code   RO         2865    .ARM.Collect$$libinit$$00000032  c_w.l(libinit2.o)
    0x0800020e   0x0800020e   0x00000000   Code   RO         2867    .ARM.Collect$$libinit$$00000034  c_w.l(libinit2.o)
    0x0800020e   0x0800020e   0x00000002   Code   RO         2868    .ARM.Collect$$libinit$$00000035  c_w.l(libinit2.o)
    0x08000210   0x08000210   0x00000002   Code   RO         2894    .ARM.Collect$$libshutdown$$00000000  c_w.l(libshutdown.o)
    0x08000212   0x08000212   0x00000000   Code   RO         2909    .ARM.Collect$$libshutdown$$00000002  c_w.l(libshutdown2.o)
    0x08000212   0x08000212   0x00000000   Code   RO         2911    .ARM.Collect$$libshutdown$$00000004  c_w.l(libshutdown2.o)
    0x08000212   0x08000212   0x00000000   Code   RO         2914    .ARM.Collect$$libshutdown$$00000007  c_w.l(libshutdown2.o)
    0x08000212   0x08000212   0x00000000   Code   RO         2917    .ARM.Collect$$libshutdown$$0000000A  c_w.l(libshutdown2.o)
    0x08000212   0x08000212   0x00000000   Code   RO         2919    .ARM.Collect$$libshutdown$$0000000C  c_w.l(libshutdown2.o)
    0x08000212   0x08000212   0x00000000   Code   RO         2922    .ARM.Collect$$libshutdown$$0000000F  c_w.l(libshutdown2.o)
    0x08000212   0x08000212   0x00000002   Code   RO         2923    .ARM.Collect$$libshutdown$$00000010  c_w.l(libshutdown2.o)
    0x08000214   0x08000214   0x00000000   Code   RO         2524    .ARM.Collect$$rtentry$$00000000  c_w.l(__rtentry.o)
    0x08000214   0x08000214   0x00000000   Code   RO         2708    .ARM.Collect$$rtentry$$00000002  c_w.l(__rtentry2.o)
    0x08000214   0x08000214   0x00000006   Code   RO         2720    .ARM.Collect$$rtentry$$00000004  c_w.l(__rtentry4.o)
    0x0800021a   0x0800021a   0x00000000   Code   RO         2710    .ARM.Collect$$rtentry$$00000009  c_w.l(__rtentry2.o)
    0x0800021a   0x0800021a   0x00000004   Code   RO         2711    .ARM.Collect$$rtentry$$0000000A  c_w.l(__rtentry2.o)
    0x0800021e   0x0800021e   0x00000000   Code   RO         2713    .ARM.Collect$$rtentry$$0000000C  c_w.l(__rtentry2.o)
    0x0800021e   0x0800021e   0x00000008   Code   RO         2714    .ARM.Collect$$rtentry$$0000000D  c_w.l(__rtentry2.o)
    0x08000226   0x08000226   0x00000002   Code   RO         2815    .ARM.Collect$$rtexit$$00000000  c_w.l(rtexit.o)
    0x08000228   0x08000228   0x00000000   Code   RO         2872    .ARM.Collect$$rtexit$$00000002  c_w.l(rtexit2.o)
    0x08000228   0x08000228   0x00000004   Code   RO         2873    .ARM.Collect$$rtexit$$00000003  c_w.l(rtexit2.o)
    0x0800022c   0x0800022c   0x00000006   Code   RO         2874    .ARM.Collect$$rtexit$$00000004  c_w.l(rtexit2.o)
    0x08000232   0x08000232   0x00000002   PAD
    0x08000234   0x08000234   0x00000040   Code   RO         1115    .text               startup_stm32f10x_md.o
    0x08000274   0x08000274   0x0000003c   Code   RO         2437    .text               c_w.l(vsnprintf.o)
    0x080002b0   0x080002b0   0x0000003e   Code   RO         2439    .text               c_w.l(strlen.o)
    0x080002ee   0x080002ee   0x0000008a   Code   RO         2441    .text               c_w.l(rt_memcpy_v6.o)
    0x08000378   0x08000378   0x00000044   Code   RO         2443    .text               c_w.l(rt_memclr.o)
    0x080003bc   0x080003bc   0x0000004e   Code   RO         2445    .text               c_w.l(rt_memclr_w.o)
    0x0800040a   0x0800040a   0x00000002   PAD
    0x0800040c   0x0800040c   0x00000080   Code   RO         2447    .text               c_w.l(strcmpv7m.o)
    0x0800048c   0x0800048c   0x00000006   Code   RO         2449    .text               c_w.l(heapauxi.o)
    0x08000492   0x08000492   0x00000016   Code   RO         2525    .text               c_w.l(_rserrno.o)
    0x080004a8   0x080004a8   0x0000004e   Code   RO         2529    .text               c_w.l(_printf_pad.o)
    0x080004f6   0x080004f6   0x00000024   Code   RO         2531    .text               c_w.l(_printf_truncate.o)
    0x0800051a   0x0800051a   0x00000052   Code   RO         2533    .text               c_w.l(_printf_str.o)
    0x0800056c   0x0800056c   0x00000078   Code   RO         2535    .text               c_w.l(_printf_dec.o)
    0x080005e4   0x080005e4   0x00000028   Code   RO         2537    .text               c_w.l(_printf_charcount.o)
    0x0800060c   0x0800060c   0x00000030   Code   RO         2539    .text               c_w.l(_printf_char_common.o)
    0x0800063c   0x0800063c   0x00000010   Code   RO         2543    .text               c_w.l(_snputc.o)
    0x0800064c   0x0800064c   0x000000bc   Code   RO         2545    .text               c_w.l(_printf_wctomb.o)
    0x08000708   0x08000708   0x0000007c   Code   RO         2548    .text               c_w.l(_printf_longlong_dec.o)
    0x08000784   0x08000784   0x00000070   Code   RO         2554    .text               c_w.l(_printf_oct_int_ll.o)
    0x080007f4   0x080007f4   0x00000094   Code   RO         2574    .text               c_w.l(_printf_hex_int_ll_ptr.o)
    0x08000888   0x08000888   0x00000188   Code   RO         2594    .text               c_w.l(__printf_flags_ss_wp.o)
    0x08000a10   0x08000a10   0x00000064   Code   RO         2620    .text               c_w.l(rt_memcpy_w.o)
    0x08000a74   0x08000a74   0x00000008   Code   RO         2725    .text               c_w.l(rt_errno_addr_intlibspace.o)
    0x08000a7c   0x08000a7c   0x0000008a   Code   RO         2727    .text               c_w.l(lludiv10.o)
    0x08000b06   0x08000b06   0x000000b2   Code   RO         2729    .text               c_w.l(_printf_intcommon.o)
    0x08000bb8   0x08000bb8   0x0000041c   Code   RO         2731    .text               c_w.l(_printf_fp_dec.o)
    0x08000fd4   0x08000fd4   0x000002fc   Code   RO         2735    .text               c_w.l(_printf_fp_hex.o)
    0x080012d0   0x080012d0   0x0000002c   Code   RO         2740    .text               c_w.l(_printf_char.o)
    0x080012fc   0x080012fc   0x0000002c   Code   RO         2742    .text               c_w.l(_printf_wchar.o)
    0x08001328   0x08001328   0x00000048   Code   RO         2745    .text               c_w.l(_c16rtomb.o)
    0x08001370   0x08001370   0x00000008   Code   RO         2759    .text               c_w.l(libspace.o)
    0x08001378   0x08001378   0x0000004a   Code   RO         2762    .text               c_w.l(sys_stackheap_outer.o)
    0x080013c2   0x080013c2   0x00000002   PAD
    0x080013c4   0x080013c4   0x00000010   Code   RO         2764    .text               c_w.l(rt_ctype_table.o)
    0x080013d4   0x080013d4   0x00000008   Code   RO         2769    .text               c_w.l(rt_locale_intlibspace.o)
    0x080013dc   0x080013dc   0x00000080   Code   RO         2771    .text               c_w.l(_printf_fp_infnan.o)
    0x0800145c   0x0800145c   0x000000e4   Code   RO         2773    .text               c_w.l(bigflt0.o)
    0x08001540   0x08001540   0x00000012   Code   RO         2803    .text               c_w.l(exit.o)
    0x08001552   0x08001552   0x00000002   PAD
    0x08001554   0x08001554   0x0000000c   Code   RO         2884    .text               c_w.l(sys_exit.o)
    0x08001560   0x08001560   0x00000002   Code   RO         2899    .text               c_w.l(use_no_semi.o)
    0x08001562   0x08001562   0x00000000   Code   RO         2901    .text               c_w.l(indicate_semi.o)
    0x08001562   0x08001562   0x00000002   PAD
    0x08001564   0x08001564   0x00000046   Code   RO         1641    .text.ADC_DMA_CopyFrame  adc_dma.o
    0x080015aa   0x080015aa   0x00000002   PAD
    0x080015ac   0x080015ac   0x0000004e   Code   RO         1202    .text.ALL_Init      init.o
    0x080015fa   0x080015fa   0x00000002   PAD
    0x080015fc   0x080015fc   0x00000014   Code   RO         2096    .text.ArmDetector_ClearState  arm_detector.o
    0x08001610   0x08001610   0x0000002c   Code   RO         2094    .text.ArmDetector_Init  arm_detector.o
    0x0800163c   0x0800163c   0x00000004   Code   RO         1145    .text.BusFault_Handler  stm32f10x_it.o
    0x08001640   0x08001640   0x00000026   Code   RO         2351    .text.CascadePID    pid_1.o
    0x08001666   0x08001666   0x00000002   PAD
    0x08001668   0x08001668   0x000000e2   Code   RO         1639    .text.DMA1_Channel1_IRQHandler  adc_dma.o
    0x0800174a   0x0800174a   0x00000002   PAD
    0x0800174c   0x0800174c   0x0000007e   Code   RO         1391    .text.DMA1_Channel4_IRQHandler  usart.o
    0x080017ca   0x080017ca   0x00000002   PAD
    0x080017cc   0x080017cc   0x0000002e   Code   RO          304    .text.DMA_ClearITPendingBit  stm32f10x_dma.o
    0x080017fa   0x080017fa   0x00000002   PAD
    0x080017fc   0x080017fc   0x0000002e   Code   RO          290    .text.DMA_Cmd       stm32f10x_dma.o
    0x0800182a   0x0800182a   0x00000002   PAD
    0x0800182c   0x0800182c   0x000001b8   Code   RO          284    .text.DMA_DeInit    stm32f10x_dma.o
    0x080019e4   0x080019e4   0x00000054   Code   RO          302    .text.DMA_GetITStatus  stm32f10x_dma.o
    0x08001a38   0x08001a38   0x0000002e   Code   RO          292    .text.DMA_ITConfig  stm32f10x_dma.o
    0x08001a66   0x08001a66   0x00000002   PAD
    0x08001a68   0x08001a68   0x0000006c   Code   RO          286    .text.DMA_Init      stm32f10x_dma.o
    0x08001ad4   0x08001ad4   0x00000002   Code   RO         1149    .text.DebugMon_Handler  stm32f10x_it.o
    0x08001ad6   0x08001ad6   0x00000002   PAD
    0x08001ad8   0x08001ad8   0x00000016   Code   RO         1232    .text.Debug_IsInIsr  debug.o
    0x08001aee   0x08001aee   0x00000002   PAD
    0x08001af0   0x08001af0   0x00000010   Code   RO         1234    .text.Debug_IsSchedulerRunning  debug.o
    0x08001b00   0x08001b00   0x0000002e   Code   RO         1230    .text.Debug_Printf  debug.o
    0x08001b2e   0x08001b2e   0x00000002   PAD
    0x08001b30   0x08001b30   0x00000054   Code   RO         1224    .text.Debug_SendBufferSafe  debug.o
    0x08001b84   0x08001b84   0x00000082   Code   RO         1220    .text.Debug_SendRawBuffer  debug.o
    0x08001c06   0x08001c06   0x00000002   PAD
    0x08001c08   0x08001c08   0x00000032   Code   RO         1226    .text.Debug_SendString  debug.o
    0x08001c3a   0x08001c3a   0x00000002   PAD
    0x08001c3c   0x08001c3c   0x00000046   Code   RO         1228    .text.Debug_VPrintf  debug.o
    0x08001c82   0x08001c82   0x00000002   PAD
    0x08001c84   0x08001c84   0x00000088   Code   RO         1243    .text.Delay_Init    delay.o
    0x08001d0c   0x08001d0c   0x0000003e   Code   RO         1247    .text.Delay_ms      delay.o
    0x08001d4a   0x08001d4a   0x00000002   PAD
    0x08001d4c   0x08001d4c   0x00000076   Code   RO         1245    .text.Delay_us      delay.o
    0x08001dc2   0x08001dc2   0x00000002   PAD
    0x08001dc4   0x08001dc4   0x00000046   Code   RO         2175    .text.EXTI9_5_IRQHandler  bsp_irq.o
    0x08001e0a   0x08001e0a   0x00000002   PAD
    0x08001e0c   0x08001e0c   0x00000014   Code   RO          327    .text.EXTI_ClearITPendingBit  stm32f10x_exti.o
    0x08001e20   0x08001e20   0x0000004c   Code   RO          325    .text.EXTI_GetITStatus  stm32f10x_exti.o
    0x08001e6c   0x08001e6c   0x000000ea   Code   RO          315    .text.EXTI_Init     stm32f10x_exti.o
    0x08001f56   0x08001f56   0x00000002   PAD
    0x08001f58   0x08001f58   0x0000004a   Code   RO         1660    .text.FLASH_CheckParam  flash.o
    0x08001fa2   0x08001fa2   0x00000002   PAD
    0x08001fa4   0x08001fa4   0x0000004a   Code   RO         1662    .text.FLASH_LockAccess  flash.o
    0x08001fee   0x08001fee   0x00000002   PAD
    0x08001ff0   0x08001ff0   0x00000028   Code   RO         1664    .text.FLASH_UnlockAccess  flash.o
    0x08002018   0x08002018   0x0000009e   Code   RO         1666    .text.FLASH_read    flash.o
    0x080020b6   0x080020b6   0x00000002   PAD
    0x080020b8   0x080020b8   0x00000020   Code   RO         2075    .text.FlightControl_ClearOutput  flight_control.o
    0x080020d8   0x080020d8   0x0000008a   Code   RO         2069    .text.FlightControl_Init  flight_control.o
    0x08002162   0x08002162   0x00000002   PAD
    0x08002164   0x08002164   0x00000040   Code   RO         2077    .text.FlightControl_OnEnterFlying  flight_control.o
    0x080021a4   0x080021a4   0x0000005a   Code   RO         2071    .text.FlightControl_Reset  flight_control.o
    0x080021fe   0x080021fe   0x00000002   PAD
    0x08002200   0x08002200   0x0000024c   Code   RO         2073    .text.FlightControl_Update  flight_control.o
    0x0800244c   0x0800244c   0x00000130   Code   RO         2360    .text.FlightInput_Update  modules_flight_input.o
    0x0800257c   0x0800257c   0x00000022   Code   RO         2374    .text.FlightState_Get  modules_flight_status.o
    0x0800259e   0x0800259e   0x00000002   PAD
    0x080025a0   0x080025a0   0x00000018   Code   RO         2368    .text.FlightState_Init  modules_flight_status.o
    0x080025b8   0x080025b8   0x00000022   Code   RO         2372    .text.FlightState_Set  modules_flight_status.o
    0x080025da   0x080025da   0x00000002   PAD
    0x080025dc   0x080025dc   0x000000fc   Code   RO         2370    .text.FlightState_Update  modules_flight_status.o
    0x080026d8   0x080026d8   0x00000226   Code   RO         1176    .text.FlightTask    freertos_demo.o
    0x080028fe   0x080028fe   0x00000002   PAD
    0x08002900   0x08002900   0x00000054   Code   RO          476    .text.GPIO_EXTILineConfig  stm32f10x_gpio.o
    0x08002954   0x08002954   0x00000186   Code   RO          448    .text.GPIO_Init     stm32f10x_gpio.o
    0x08002ada   0x08002ada   0x00000002   PAD
    0x08002adc   0x08002adc   0x000000fa   Code   RO          474    .text.GPIO_PinRemapConfig  stm32f10x_gpio.o
    0x08002bd6   0x08002bd6   0x00000002   PAD
    0x08002bd8   0x08002bd8   0x00000616   Code   RO         2277    .text.GetAngle      imu.o
    0x080031ee   0x080031ee   0x00000002   PAD
    0x080031f0   0x080031f0   0x00000004   Code   RO         1141    .text.HardFault_Handler  stm32f10x_it.o
    0x080031f4   0x080031f4   0x00000070   Code   RO         1704    .text.IIC_Ack       iic.o
    0x08003264   0x08003264   0x00000088   Code   RO         1678    .text.IIC_BusRecovery  iic.o
    0x080032ec   0x080032ec   0x0000000a   Code   RO         1708    .text.IIC_DelayHigh  iic.o
    0x080032f6   0x080032f6   0x00000002   PAD
    0x080032f8   0x080032f8   0x0000000a   Code   RO         1710    .text.IIC_DelayLow  iic.o
    0x08003302   0x08003302   0x00000002   PAD
    0x08003304   0x08003304   0x00000072   Code   RO         1676    .text.IIC_Init      iic.o
    0x08003376   0x08003376   0x00000002   PAD
    0x08003378   0x08003378   0x00000058   Code   RO         1688    .text.IIC_Lock      iic.o
    0x080033d0   0x080033d0   0x00000070   Code   RO         1702    .text.IIC_NoAck     iic.o
    0x08003440   0x08003440   0x000000ca   Code   RO         1700    .text.IIC_ReadByte  iic.o
    0x0800350a   0x0800350a   0x00000002   PAD
    0x0800350c   0x0800350c   0x00000158   Code   RO         1686    .text.IIC_Read_Bytes  iic.o
    0x08003664   0x08003664   0x00000022   Code   RO         1684    .text.IIC_Read_One_Byte  iic.o
    0x08003686   0x08003686   0x00000002   PAD
    0x08003688   0x08003688   0x000000bc   Code   RO         1692    .text.IIC_SendByte  iic.o
    0x08003744   0x08003744   0x0000008e   Code   RO         1690    .text.IIC_Start     iic.o
    0x080037d2   0x080037d2   0x00000002   PAD
    0x080037d4   0x080037d4   0x00000064   Code   RO         1696    .text.IIC_Stop      iic.o
    0x08003838   0x08003838   0x0000005a   Code   RO         1698    .text.IIC_Unlock    iic.o
    0x08003892   0x08003892   0x00000002   PAD
    0x08003894   0x08003894   0x000000a6   Code   RO         1694    .text.IIC_WaitAck   iic.o
    0x0800393a   0x0800393a   0x00000002   PAD
    0x0800393c   0x0800393c   0x00000046   Code   RO         1706    .text.IIC_WaitSCLHigh  iic.o
    0x08003982   0x08003982   0x00000002   PAD
    0x08003984   0x08003984   0x00000106   Code   RO         1682    .text.IIC_Write_Bytes  iic.o
    0x08003a8a   0x08003a8a   0x00000002   PAD
    0x08003a8c   0x08003a8c   0x00000026   Code   RO         1680    .text.IIC_Write_One_Byte  iic.o
    0x08003ab2   0x08003ab2   0x00000002   PAD
    0x08003ab4   0x08003ab4   0x00000074   Code   RO         2291    .text.Kalman1D_Init  kalman.o
    0x08003b28   0x08003b28   0x000000c8   Code   RO         2295    .text.Kalman1D_Update  kalman.o
    0x08003bf0   0x08003bf0   0x0000000c   Code   RO         1271    .text.LED_AllOff    led.o
    0x08003bfc   0x08003bfc   0x0000000c   Code   RO         1299    .text.LED_AllOn     led.o
    0x08003c08   0x08003c08   0x0000000c   Code   RO         1301    .text.LED_AllToggle  led.o
    0x08003c14   0x08003c14   0x0000001e   Code   RO         1295    .text.LED_BackOff   led.o
    0x08003c32   0x08003c32   0x00000002   PAD
    0x08003c34   0x08003c34   0x0000001e   Code   RO         1311    .text.LED_BackOn    led.o
    0x08003c52   0x08003c52   0x00000002   PAD
    0x08003c54   0x08003c54   0x00000026   Code   RO         1305    .text.LED_BackToggle  led.o
    0x08003c7a   0x08003c7a   0x00000002   PAD
    0x08003c7c   0x08003c7c   0x0000005a   Code   RO         1313    .text.LED_BreathDutyFromLevel  led.o
    0x08003cd6   0x08003cd6   0x00000002   PAD
    0x08003cd8   0x08003cd8   0x00000144   Code   RO         1309    .text.LED_Breathing  led.o
    0x08003e1c   0x08003e1c   0x0000001e   Code   RO         1293    .text.LED_FrontOff  led.o
    0x08003e3a   0x08003e3a   0x00000002   PAD
    0x08003e3c   0x08003e3c   0x0000001e   Code   RO         1303    .text.LED_FrontOn   led.o
    0x08003e5a   0x08003e5a   0x00000002   PAD
    0x08003e5c   0x08003e5c   0x00000026   Code   RO         1307    .text.LED_FrontToggle  led.o
    0x08003e82   0x08003e82   0x00000002   PAD
    0x08003e84   0x08003e84   0x0000002a   Code   RO         1275    .text.LED_GetIsInitialized  led.o
    0x08003eae   0x08003eae   0x00000002   PAD
    0x08003eb0   0x08003eb0   0x00000022   Code   RO         1289    .text.LED_GetLedStatus  led.o
    0x08003ed2   0x08003ed2   0x00000002   PAD
    0x08003ed4   0x08003ed4   0x00000022   Code   RO         1297    .text.LED_GetNowTick  led.o
    0x08003ef6   0x08003ef6   0x00000002   PAD
    0x08003ef8   0x08003ef8   0x0000005a   Code   RO         1269    .text.LED_Init      led.o
    0x08003f52   0x08003f52   0x00000002   PAD
    0x08003f54   0x08003f54   0x00000070   Code   RO         1281    .text.LED_ResetInternalState  led.o
    0x08003fc4   0x08003fc4   0x000001be   Code   RO         1277    .text.LED_Service1ms  led.o
    0x08004182   0x08004182   0x00000002   PAD
    0x08004184   0x08004184   0x00000026   Code   RO         1285    .text.LED_SetStatus  led.o
    0x080041aa   0x080041aa   0x00000002   PAD
    0x080041ac   0x080041ac   0x0000002e   Code   RO         1273    .text.LED_Task      led.o
    0x080041da   0x080041da   0x00000002   PAD
    0x080041dc   0x080041dc   0x00000010   Code   RO         2142    .text.MPU6050_DelayMs  mpu6050.o
    0x080041ec   0x080041ec   0x00000058   Code   RO         2138    .text.MPU6050_Lock  mpu6050.o
    0x08004244   0x08004244   0x000000b6   Code   RO         2150    .text.MPU6050_ReadRawBlock  mpu6050.o
    0x080042fa   0x080042fa   0x00000002   PAD
    0x080042fc   0x080042fc   0x00000048   Code   RO         2144    .text.MPU6050_ReadReg  mpu6050.o
    0x08004344   0x08004344   0x0000005a   Code   RO         2146    .text.MPU6050_Unlock  mpu6050.o
    0x0800439e   0x0800439e   0x00000002   PAD
    0x080043a0   0x080043a0   0x00000036   Code   RO         2140    .text.MPU6050_WriteReg  mpu6050.o
    0x080043d6   0x080043d6   0x00000002   PAD
    0x080043d8   0x080043d8   0x00000004   Code   RO         1143    .text.MemManage_Handler  stm32f10x_it.o
    0x080043dc   0x080043dc   0x00000024   Code   RO         2123    .text.Mixer_ClearMotor  mixer.o
    0x08004400   0x08004400   0x00000272   Code   RO         2121    .text.Mixer_QuadX   mixer.o
    0x08004672   0x08004672   0x00000002   PAD
    0x08004674   0x08004674   0x000001ae   Code   RO         2148    .text.MpuGetData    mpu6050.o
    0x08004822   0x08004822   0x00000002   PAD
    0x08004824   0x08004824   0x00000196   Code   RO         2136    .text.Mpu_Init      mpu6050.o
    0x080049ba   0x080049ba   0x00000002   PAD
    0x080049bc   0x080049bc   0x00000002   Code   RO         1139    .text.NMI_Handler   stm32f10x_it.o
    0x080049be   0x080049be   0x00000002   PAD
    0x080049c0   0x080049c0   0x0000008c   Code   RO         2187    .text.NRF24L01_Check  nrf24l01.o
    0x08004a4c   0x08004a4c   0x0000008e   Code   RO         2183    .text.NRF24L01_Configuration  nrf24l01.o
    0x08004ada   0x08004ada   0x00000002   PAD
    0x08004adc   0x08004adc   0x0000005e   Code   RO         2185    .text.NRF24L01_EXTI_Init  nrf24l01.o
    0x08004b3a   0x08004b3a   0x00000002   PAD
    0x08004b3c   0x08004b3c   0x00000028   Code   RO         2231    .text.NRF24L01_IRQHandlerFromISR  nrf24l01.o
    0x08004b64   0x08004b64   0x00000108   Code   RO         2217    .text.NRF24L01_Init  nrf24l01.o
    0x08004c6c   0x08004c6c   0x0000001c   Code   RO         2209    .text.NRF24L01_RX_Mode  nrf24l01.o
    0x08004c88   0x08004c88   0x000000ca   Code   RO         2225    .text.NRF24L01_RxPacket  nrf24l01.o
    0x08004d52   0x08004d52   0x00000002   PAD
    0x08004d54   0x08004d54   0x000000aa   Code   RO            4    .text.NVIC_Init     misc.o
    0x08004dfe   0x08004dfe   0x00000002   PAD
    0x08004e00   0x08004e00   0x0000001c   Code   RO            2    .text.NVIC_PriorityGroupConfig  misc.o
    0x08004e1c   0x08004e1c   0x000000ca   Code   RO         1557    .text.PWM_Init      pwm.o
    0x08004ee6   0x08004ee6   0x0000000a   PAD
    0x08004ef0   0x08004ef0   0x00000044   Code   RO         2057    .text.PendSV_Handler  port.o
    0x08004f34   0x08004f34   0x0000005e   Code   RO         2320    .text.Q_rsqrt       mymath.o
    0x08004f92   0x08004f92   0x00000002   PAD
    0x08004f94   0x08004f94   0x00000038   Code   RO          650    .text.RCC_AHBPeriphClockCmd  stm32f10x_rcc.o
    0x08004fcc   0x08004fcc   0x00000038   Code   RO          654    .text.RCC_APB1PeriphClockCmd  stm32f10x_rcc.o
    0x08005004   0x08005004   0x00000038   Code   RO          652    .text.RCC_APB2PeriphClockCmd  stm32f10x_rcc.o
    0x0800503c   0x0800503c   0x00000172   Code   RO          648    .text.RCC_GetClocksFreq  stm32f10x_rcc.o
    0x080051ae   0x080051ae   0x00000002   PAD
    0x080051b0   0x080051b0   0x0000002a   Code   RO         1172    .text.RemoteTask    freertos_demo.o
    0x080051da   0x080051da   0x00000002   PAD
    0x080051dc   0x080051dc   0x0000003e   Code   RO         2396    .text.Remote_GetLatest  modules_remote.o
    0x0800521a   0x0800521a   0x00000002   PAD
    0x0800521c   0x0800521c   0x000000b6   Code   RO         2386    .text.Remote_Init   modules_remote.o
    0x080052d2   0x080052d2   0x00000002   PAD
    0x080052d4   0x080052d4   0x0000010e   Code   RO         2392    .text.Remote_ParseFrame  modules_remote.o
    0x080053e2   0x080053e2   0x00000002   PAD
    0x080053e4   0x080053e4   0x00000046   Code   RO         2388    .text.Remote_SetSafeState  modules_remote.o
    0x0800542a   0x0800542a   0x00000002   PAD
    0x0800542c   0x0800542c   0x0000002e   Code   RO         2394    .text.Remote_Task   modules_remote.o
    0x0800545a   0x0800545a   0x00000002   PAD
    0x0800545c   0x0800545c   0x00000120   Code   RO         2390    .text.Remote_Update  modules_remote.o
    0x0800557c   0x0800557c   0x0000000a   Code   RO         1732    .text.SPI_BitDelay  spi.o
    0x08005586   0x08005586   0x00000002   PAD
    0x08005588   0x08005588   0x00000016   Code   RO         1724    .text.SPI_CS_Deselect  spi.o
    0x0800559e   0x0800559e   0x00000002   PAD
    0x080055a0   0x080055a0   0x000000ce   Code   RO         1722    .text.SPI_Config    spi.o
    0x0800566e   0x0800566e   0x00000002   PAD
    0x08005670   0x08005670   0x0000006c   Code   RO         1726    .text.SPI_Lock      spi.o
    0x080056dc   0x080056dc   0x000000de   Code   RO         1734    .text.SPI_RW_Byte   spi.o
    0x080057ba   0x080057ba   0x00000002   PAD
    0x080057bc   0x080057bc   0x0000005a   Code   RO         1728    .text.SPI_Unlock    spi.o
    0x08005816   0x08005816   0x0000000a   PAD
    0x08005820   0x08005820   0x00000024   Code   RO         2043    .text.SVC_Handler   port.o
    0x08005844   0x08005844   0x00000024   Code   RO         2421    .text.Safety_SetDefault  modules_safety.o
    0x08005868   0x08005868   0x00000116   Code   RO         2423    .text.Safety_Update  modules_safety.o
    0x0800597e   0x0800597e   0x00000002   PAD
    0x08005980   0x08005980   0x00000098   Code   RO         1174    .text.SensorTask    freertos_demo.o
    0x08005a18   0x08005a18   0x00000008   Code   RO         1124    .text.SetSysClock   system_stm32f10x.o
    0x08005a20   0x08005a20   0x00000122   Code   RO         1128    .text.SetSysClockTo72  system_stm32f10x.o
    0x08005b42   0x08005b42   0x00000002   PAD
    0x08005b44   0x08005b44   0x00000154   Code   RO         1170    .text.StartTaskCreate  freertos_demo.o
    0x08005c98   0x08005c98   0x0000003c   Code   RO         2059    .text.SysTick_Handler  port.o
    0x08005cd4   0x08005cd4   0x00000066   Code   RO         1122    .text.SystemInit    system_stm32f10x.o
    0x08005d3a   0x08005d3a   0x00000002   PAD
    0x08005d3c   0x08005d3c   0x0000006e   Code   RO         1258    .text.TIM3_Config   timer.o
    0x08005daa   0x08005daa   0x00000002   PAD
    0x08005dac   0x08005dac   0x00000026   Code   RO         1260    .text.TIM3_IRQHandler  timer.o
    0x08005dd2   0x08005dd2   0x00000002   PAD
    0x08005dd4   0x08005dd4   0x0000002c   Code   RO          918    .text.TIM_ARRPreloadConfig  stm32f10x_tim.o
    0x08005e00   0x08005e00   0x00000016   Code   RO         1016    .text.TIM_ClearITPendingBit  stm32f10x_tim.o
    0x08005e16   0x08005e16   0x00000002   PAD
    0x08005e18   0x08005e18   0x0000002c   Code   RO          878    .text.TIM_Cmd       stm32f10x_tim.o
    0x08005e44   0x08005e44   0x0000000c   Code   RO         1006    .text.TIM_GetCounter  stm32f10x_tim.o
    0x08005e50   0x08005e50   0x0000005a   Code   RO         1014    .text.TIM_GetITStatus  stm32f10x_tim.o
    0x08005eaa   0x08005eaa   0x00000002   PAD
    0x08005eac   0x08005eac   0x00000034   Code   RO          882    .text.TIM_ITConfig  stm32f10x_tim.o
    0x08005ee0   0x08005ee0   0x00000162   Code   RO          840    .text.TIM_OC1Init   stm32f10x_tim.o
    0x08006042   0x08006042   0x00000002   PAD
    0x08006044   0x08006044   0x0000003c   Code   RO          926    .text.TIM_OC1PreloadConfig  stm32f10x_tim.o
    0x08006080   0x08006080   0x00000140   Code   RO          842    .text.TIM_OC2Init   stm32f10x_tim.o
    0x080061c0   0x080061c0   0x0000003e   Code   RO          928    .text.TIM_OC2PreloadConfig  stm32f10x_tim.o
    0x080061fe   0x080061fe   0x00000002   PAD
    0x08006200   0x08006200   0x0000013e   Code   RO          844    .text.TIM_OC3Init   stm32f10x_tim.o
    0x0800633e   0x0800633e   0x00000002   PAD
    0x08006340   0x08006340   0x0000003c   Code   RO          930    .text.TIM_OC3PreloadConfig  stm32f10x_tim.o
    0x0800637c   0x0800637c   0x000000ee   Code   RO          846    .text.TIM_OC4Init   stm32f10x_tim.o
    0x0800646a   0x0800646a   0x00000002   PAD
    0x0800646c   0x0800646c   0x0000003e   Code   RO          932    .text.TIM_OC4PreloadConfig  stm32f10x_tim.o
    0x080064aa   0x080064aa   0x00000002   PAD
    0x080064ac   0x080064ac   0x00000014   Code   RO          984    .text.TIM_SetCounter  stm32f10x_tim.o
    0x080064c0   0x080064c0   0x00000142   Code   RO          838    .text.TIM_TimeBaseInit  stm32f10x_tim.o
    0x08006602   0x08006602   0x00000002   PAD
    0x08006604   0x08006604   0x000001ec   Code   RO         1357    .text.USART1_Config  usart.o
    0x080067f0   0x080067f0   0x000000b2   Code   RO         1389    .text.USART1_IRQHandler  usart.o
    0x080068a2   0x080068a2   0x00000002   PAD
    0x080068a4   0x080068a4   0x000000d8   Code   RO         1369    .text.USART1_SendBuffer  usart.o
    0x0800697c   0x0800697c   0x000000e2   Code   RO         1373    .text.USART1_TxDmaKick  usart.o
    0x08006a5e   0x08006a5e   0x00000002   PAD
    0x08006a60   0x08006a60   0x00000014   Code   RO         1371    .text.USART1_TxNext  usart.o
    0x08006a74   0x08006a74   0x0000015c   Code   RO         1529    .text.USART2_IRQHandler  blueserial.o
    0x08006bd0   0x08006bd0   0x0000002c   Code   RO         1035    .text.USART_Cmd     stm32f10x_usart.o
    0x08006bfc   0x08006bfc   0x00000034   Code   RO         1039    .text.USART_DMACmd  stm32f10x_usart.o
    0x08006c30   0x08006c30   0x00000044   Code   RO         1075    .text.USART_GetFlagStatus  stm32f10x_usart.o
    0x08006c74   0x08006c74   0x000000b0   Code   RO         1079    .text.USART_GetITStatus  stm32f10x_usart.o
    0x08006d24   0x08006d24   0x00000092   Code   RO         1037    .text.USART_ITConfig  stm32f10x_usart.o
    0x08006db6   0x08006db6   0x00000002   PAD
    0x08006db8   0x08006db8   0x0000015c   Code   RO         1027    .text.USART_Init    stm32f10x_usart.o
    0x08006f14   0x08006f14   0x00000010   Code   RO         1053    .text.USART_ReceiveData  stm32f10x_usart.o
    0x08006f24   0x08006f24   0x00000018   Code   RO         1051    .text.USART_SendData  stm32f10x_usart.o
    0x08006f3c   0x08006f3c   0x00000028   Code   RO         1029    .text.USART_StructInit  stm32f10x_usart.o
    0x08006f64   0x08006f64   0x00000004   Code   RO         1147    .text.UsageFault_Handler  stm32f10x_it.o
    0x08006f68   0x08006f68   0x00000004   Code   RO         2233    .text.__NOP         nrf24l01.o
    0x08006f6c   0x08006f6c   0x00000036   Code   RO         2079    .text.apply_deadband  flight_control.o
    0x08006fa2   0x08006fa2   0x00000002   PAD
    0x08006fa4   0x08006fa4   0x00000042   Code   RO         2081    .text.apply_expo    flight_control.o
    0x08006fe6   0x08006fe6   0x00000002   PAD
    0x08006fe8   0x08006fe8   0x00000044   Code   RO         1168    .text.freeRTOS_demo  freertos_demo.o
    0x0800702c   0x0800702c   0x0000005a   Code   RO         2156    .text.get_MPU6050_Angle  mpu6050.o
    0x08007086   0x08007086   0x00000002   PAD
    0x08007088   0x08007088   0x0000005a   Code   RO         2154    .text.get_MPU6050_datas  mpu6050.o
    0x080070e2   0x080070e2   0x00000002   PAD
    0x080070e4   0x080070e4   0x00000028   Code   RO         2400    .text.get_is_init   modules_remote.o
    0x0800710c   0x0800710c   0x00000038   Code   RO         2275    .text.imu_rest      imu.o
    0x08007144   0x08007144   0x00000024   Code   RO         2293    .text.kalman_clamp_nonnegative  kalman.o
    0x08007168   0x08007168   0x0000003a   Code   RO         1158    .text.main          main.o
    0x080071a2   0x080071a2   0x00000002   PAD
    0x080071a4   0x080071a4   0x00000008   Code   RO         1612    .text.motor_init    motor.o
    0x080071ac   0x080071ac   0x00000062   Code   RO         2347    .text.pidRest       pid_1.o
    0x0800720e   0x0800720e   0x00000002   PAD
    0x08007210   0x08007210   0x00000092   Code   RO         2349    .text.pidUpdate     pid_1.o
    0x080072a2   0x080072a2   0x00000002   PAD
    0x080072a4   0x080072a4   0x0000007a   Code   RO         1204    .text.pid_param_Init  init.o
    0x0800731e   0x0800731e   0x00000002   PAD
    0x08007320   0x08007320   0x0000011a   Code   RO         1888    .text.prvAddCurrentTaskToDelayedList  tasks.o
    0x0800743a   0x0800743a   0x00000002   PAD
    0x0800743c   0x0800743c   0x0000014e   Code   RO         1874    .text.prvAddNewTaskToReadyList  tasks.o
    0x0800758a   0x0800758a   0x00000002   PAD
    0x0800758c   0x0800758c   0x0000005a   Code   RO         1974    .text.prvCheckTasksWaitingTermination  tasks.o
    0x080075e6   0x080075e6   0x00000002   PAD
    0x080075e8   0x080075e8   0x00000042   Code   RO         1839    .text.prvCopyDataFromQueue  queue.o
    0x0800762a   0x0800762a   0x00000002   PAD
    0x0800762c   0x0800762c   0x000000cc   Code   RO         1827    .text.prvCopyDataToQueue  queue.o
    0x080076f8   0x080076f8   0x0000003c   Code   RO         1882    .text.prvDeleteTCB  tasks.o
    0x08007734   0x08007734   0x00000026   Code   RO         1843    .text.prvGetDisinheritPriorityAfterTimeout  queue.o
    0x0800775a   0x0800775a   0x00000002   PAD
    0x0800775c   0x0800775c   0x000000ae   Code   RO         2009    .text.prvHeapInit   heap_4.o
    0x0800780a   0x0800780a   0x00000002   PAD
    0x0800780c   0x0800780c   0x00000038   Code   RO         1912    .text.prvIdleTask   tasks.o
    0x08007844   0x08007844   0x0000002c   Code   RO         1811    .text.prvInitialiseMutex  queue.o
    0x08007870   0x08007870   0x0000003e   Code   RO         1805    .text.prvInitialiseNewQueue  queue.o
    0x080078ae   0x080078ae   0x00000002   PAD
    0x080078b0   0x080078b0   0x000000d8   Code   RO         1872    .text.prvInitialiseNewTask  tasks.o
    0x08007988   0x08007988   0x0000008e   Code   RO         1972    .text.prvInitialiseTaskLists  tasks.o
    0x08007a16   0x08007a16   0x00000002   PAD
    0x08007a18   0x08007a18   0x000000c6   Code   RO         2011    .text.prvInsertBlockIntoFreeList  heap_4.o
    0x08007ade   0x08007ade   0x00000002   PAD
    0x08007ae0   0x08007ae0   0x00000028   Code   RO         1841    .text.prvIsQueueEmpty  queue.o
    0x08007b08   0x08007b08   0x0000002e   Code   RO         1829    .text.prvIsQueueFull  queue.o
    0x08007b36   0x08007b36   0x00000002   PAD
    0x08007b38   0x08007b38   0x00000020   Code   RO         2049    .text.prvPortStartFirstTask  port.o
    0x08007b58   0x08007b58   0x0000003c   Code   RO         1880    .text.prvResetNextTaskUnblockTime  tasks.o
    0x08007b94   0x08007b94   0x00000026   Code   RO         2041    .text.prvTaskExitError  port.o
    0x08007bba   0x08007bba   0x00000002   PAD
    0x08007bbc   0x08007bbc   0x000000ae   Code   RO         1831    .text.prvUnlockQueue  queue.o
    0x08007c6a   0x08007c6a   0x00000002   PAD
    0x08007c6c   0x08007c6c   0x00000016   Code   RO         2221    .text.prv_clear_irq_flags  nrf24l01.o
    0x08007c82   0x08007c82   0x00000002   PAD
    0x08007c84   0x08007c84   0x00000038   Code   RO         2235    .text.prv_cmd       nrf24l01.o
    0x08007cbc   0x08007cbc   0x0000000a   Code   RO         2227    .text.prv_flush_rx  nrf24l01.o
    0x08007cc6   0x08007cc6   0x00000002   PAD
    0x08007cc8   0x08007cc8   0x00000016   Code   RO         2189    .text.prv_lock      nrf24l01.o
    0x08007cde   0x08007cde   0x00000002   PAD
    0x08007ce0   0x08007ce0   0x00000090   Code   RO         2193    .text.prv_read_buf  nrf24l01.o
    0x08007d70   0x08007d70   0x00000042   Code   RO         2203    .text.prv_read_reg  nrf24l01.o
    0x08007db2   0x08007db2   0x00000002   PAD
    0x08007db4   0x08007db4   0x0000008e   Code   RO         2211    .text.prv_set_rx_mode  nrf24l01.o
    0x08007e42   0x08007e42   0x00000002   PAD
    0x08007e44   0x08007e44   0x0000000e   Code   RO         2195    .text.prv_unlock    nrf24l01.o
    0x08007e52   0x08007e52   0x00000002   PAD
    0x08007e54   0x08007e54   0x0000008e   Code   RO         2191    .text.prv_write_buf  nrf24l01.o
    0x08007ee2   0x08007ee2   0x00000002   PAD
    0x08007ee4   0x08007ee4   0x00000042   Code   RO         2199    .text.prv_write_reg  nrf24l01.o
    0x08007f26   0x08007f26   0x00000002   PAD
    0x08007f28   0x08007f28   0x00000186   Code   RO         2007    .text.pvPortMalloc  heap_4.o
    0x080080ae   0x080080ae   0x00000002   PAD
    0x080080b0   0x080080b0   0x0000002c   Code   RO         1956    .text.pvTaskIncrementMutexHeldCount  tasks.o
    0x080080dc   0x080080dc   0x00000050   Code   RO         2039    .text.pxPortInitialiseStack  port.o
    0x0800812c   0x0800812c   0x0000005a   Code   RO         2158    .text.set_MPU6050_Angle  mpu6050.o
    0x08008186   0x08008186   0x00000002   PAD
    0x08008188   0x08008188   0x00000018   Code   RO         2402    .text.set_is_init   modules_remote.o
    0x080081a0   0x080081a0   0x00000048   Code   RO         1792    .text.uxListRemove  list.o
    0x080081e8   0x080081e8   0x0000000c   Code   RO         1922    .text.uxTaskGetNumberOfTasks  tasks.o
    0x080081f4   0x080081f4   0x0000002a   Code   RO         1192    .text.vApplicationGetIdleTaskMemory  freertos_hooks.o
    0x0800821e   0x0800821e   0x00000002   PAD
    0x08008220   0x08008220   0x0000002e   Code   RO         1784    .text.vListInitialise  list.o
    0x0800824e   0x0800824e   0x00000002   PAD
    0x08008250   0x08008250   0x0000000e   Code   RO         1786    .text.vListInitialiseItem  list.o
    0x0800825e   0x0800825e   0x00000002   PAD
    0x08008260   0x08008260   0x0000006a   Code   RO         1790    .text.vListInsert   list.o
    0x080082ca   0x080082ca   0x00000002   PAD
    0x080082cc   0x080082cc   0x0000003a   Code   RO         1788    .text.vListInsertEnd  list.o
    0x08008306   0x08008306   0x00000002   PAD
    0x08008308   0x08008308   0x00000030   Code   RO         2053    .text.vPortEnterCritical  port.o
    0x08008338   0x08008338   0x00000026   Code   RO         2055    .text.vPortExitCritical  port.o
    0x0800835e   0x0800835e   0x00000002   PAD
    0x08008360   0x08008360   0x00000076   Code   RO         2013    .text.vPortFree     heap_4.o
    0x080083d6   0x080083d6   0x00000002   PAD
    0x080083d8   0x080083d8   0x0000002e   Code   RO         2047    .text.vPortSetupTimerInterrupt  port.o
    0x08008406   0x08008406   0x00000002   PAD
    0x08008408   0x08008408   0x0000004a   Code   RO         1892    .text.vTaskDelay    tasks.o
    0x08008452   0x08008452   0x00000002   PAD
    0x08008454   0x08008454   0x00000130   Code   RO         1878    .text.vTaskDelete   tasks.o
    0x08008584   0x08008584   0x00000196   Code   RO         1966    .text.vTaskGenericNotifyGiveFromISR  tasks.o
    0x0800871a   0x0800871a   0x00000002   PAD
    0x0800871c   0x0800871c   0x00000024   Code   RO         1938    .text.vTaskInternalSetTimeOutState  tasks.o
    0x08008740   0x08008740   0x0000000e   Code   RO         1942    .text.vTaskMissedYield  tasks.o
    0x0800874e   0x0800874e   0x00000002   PAD
    0x08008750   0x08008750   0x00000026   Code   RO         1928    .text.vTaskPlaceOnEventList  tasks.o
    0x08008776   0x08008776   0x00000002   PAD
    0x08008778   0x08008778   0x00000138   Code   RO         1952    .text.vTaskPriorityDisinheritAfterTimeout  tasks.o
    0x080088b0   0x080088b0   0x000000b2   Code   RO         1910    .text.vTaskStartScheduler  tasks.o
    0x08008962   0x08008962   0x00000002   PAD
    0x08008964   0x08008964   0x00000010   Code   RO         1886    .text.vTaskSuspendAll  tasks.o
    0x08008974   0x08008974   0x00000092   Code   RO         1902    .text.vTaskSwitchContext  tasks.o
    0x08008a06   0x08008a06   0x00000002   PAD
    0x08008a08   0x08008a08   0x00000040   Code   RO         2045    .text.xPortStartScheduler  port.o
    0x08008a48   0x08008a48   0x00000032   Code   RO         1813    .text.xQueueCreateMutexStatic  queue.o
    0x08008a7a   0x08008a7a   0x00000002   PAD
    0x08008a7c   0x08008a7c   0x0000006c   Code   RO         1803    .text.xQueueGenericCreateStatic  queue.o
    0x08008ae8   0x08008ae8   0x000000d0   Code   RO         1801    .text.xQueueGenericReset  queue.o
    0x08008bb8   0x08008bb8   0x0000016a   Code   RO         1817    .text.xQueueGenericSend  queue.o
    0x08008d22   0x08008d22   0x00000002   PAD
    0x08008d24   0x08008d24   0x000000d2   Code   RO         1833    .text.xQueueGenericSendFromISR  queue.o
    0x08008df6   0x08008df6   0x00000002   PAD
    0x08008df8   0x08008df8   0x00000156   Code   RO         1845    .text.xQueuePeek    queue.o
    0x08008f4e   0x08008f4e   0x00000002   PAD
    0x08008f50   0x08008f50   0x0000019e   Code   RO         1821    .text.xQueueSemaphoreTake  queue.o
    0x080090ee   0x080090ee   0x00000002   PAD
    0x080090f0   0x080090f0   0x0000009a   Code   RO         1940    .text.xTaskCheckForTimeOut  tasks.o
    0x0800918a   0x0800918a   0x00000002   PAD
    0x0800918c   0x0800918c   0x000000a6   Code   RO         1876    .text.xTaskCreate   tasks.o
    0x08009232   0x08009232   0x00000002   PAD
    0x08009234   0x08009234   0x0000007a   Code   RO         1870    .text.xTaskCreateStatic  tasks.o
    0x080092ae   0x080092ae   0x00000002   PAD
    0x080092b0   0x080092b0   0x000000ba   Code   RO         1884    .text.xTaskDelayUntil  tasks.o
    0x0800936a   0x0800936a   0x00000002   PAD
    0x0800936c   0x0800936c   0x00000038   Code   RO         1946    .text.xTaskGetSchedulerState  tasks.o
    0x080093a4   0x080093a4   0x00000014   Code   RO         1918    .text.xTaskGetTickCount  tasks.o
    0x080093b8   0x080093b8   0x0000023a   Code   RO         1916    .text.xTaskIncrementTick  tasks.o
    0x080095f2   0x080095f2   0x00000002   PAD
    0x080095f4   0x080095f4   0x000000f0   Code   RO         1950    .text.xTaskPriorityDisinherit  tasks.o
    0x080096e4   0x080096e4   0x0000015c   Code   RO         1948    .text.xTaskPriorityInherit  tasks.o
    0x08009840   0x08009840   0x00000170   Code   RO         1932    .text.xTaskRemoveFromEventList  tasks.o
    0x080099b0   0x080099b0   0x000001fe   Code   RO         1890    .text.xTaskResumeAll  tasks.o
    0x08009bae   0x08009bae   0x0000003e   Code   RO         2776    CL$$btod_d2e        c_w.l(btod.o)
    0x08009bec   0x08009bec   0x00000046   Code   RO         2778    CL$$btod_d2e_denorm_low  c_w.l(btod.o)
    0x08009c32   0x08009c32   0x00000060   Code   RO         2777    CL$$btod_d2e_norm_op1  c_w.l(btod.o)
    0x08009c92   0x08009c92   0x00000002   PAD
    0x08009c94   0x08009c94   0x00000338   Code   RO         2786    CL$$btod_div_common  c_w.l(btod.o)
    0x08009fcc   0x08009fcc   0x000000dc   Code   RO         2783    CL$$btod_e2e        c_w.l(btod.o)
    0x0800a0a8   0x0800a0a8   0x0000002a   Code   RO         2780    CL$$btod_ediv       c_w.l(btod.o)
    0x0800a0d2   0x0800a0d2   0x0000002a   Code   RO         2779    CL$$btod_emul       c_w.l(btod.o)
    0x0800a0fc   0x0800a0fc   0x00000244   Code   RO         2785    CL$$btod_mult_common  c_w.l(btod.o)
    0x0800a340   0x0800a340   0x00000028   Code   RO         2678    i.__ARM_fpclassify  m_ws.l(fpclassify.o)
    0x0800a368   0x0800a368   0x000000aa   Code   RO         2696    i.__kernel_poly     m_ws.l(poly.o)
    0x0800a412   0x0800a412   0x00000006   Code   RO         2665    i.__mathlib_dbl_infnan  m_ws.l(dunder.o)
    0x0800a418   0x0800a418   0x00000004   Code   RO         2666    i.__mathlib_dbl_infnan2  m_ws.l(dunder.o)
    0x0800a41c   0x0800a41c   0x0000000c   Code   RO         2667    i.__mathlib_dbl_invalid  m_ws.l(dunder.o)
    0x0800a428   0x0800a428   0x00000010   Code   RO         2670    i.__mathlib_dbl_underflow  m_ws.l(dunder.o)
    0x0800a438   0x0800a438   0x0000000e   Code   RO         2587    i._is_digit         c_w.l(__printf_wp.o)
    0x0800a446   0x0800a446   0x00000002   PAD
    0x0800a448   0x0800a448   0x00000270   Code   RO         2510    i.asin              m_ws.l(asin.o)
    0x0800a6b8   0x0800a6b8   0x00000220   Code   RO         2660    i.atan              m_ws.l(atan.o)
    0x0800a8d8   0x0800a8d8   0x0000019c   Code   RO         2519    i.atan2             m_ws.l(atan2.o)
    0x0800aa74   0x0800aa74   0x0000004c   Code   RO         2700    i.sqrt              m_ws.l(sqrt.o)
    0x0800aac0   0x0800aac0   0x0000002c   Code   RO         2801    locale$$code        c_w.l(lc_numeric_c.o)
    0x0800aaec   0x0800aaec   0x0000002c   Code   RO         2820    locale$$code        c_w.l(lc_ctype_c.o)
    0x0800ab18   0x0800ab18   0x00000062   Code   RO         2453    x$fpl$d2f           fz_ws.l(d2f.o)
    0x0800ab7a   0x0800ab7a   0x00000002   PAD
    0x0800ab7c   0x0800ab7c   0x00000150   Code   RO         2455    x$fpl$dadd          fz_ws.l(daddsub_clz.o)
    0x0800accc   0x0800accc   0x00000010   Code   RO         2747    x$fpl$dcheck1       fz_ws.l(dcheck1.o)
    0x0800acdc   0x0800acdc   0x00000018   Code   RO         2749    x$fpl$dcmpinf       fz_ws.l(dcmpi.o)
    0x0800acf4   0x0800acf4   0x000002b4   Code   RO         2464    x$fpl$ddiv          fz_ws.l(ddiv.o)
    0x0800afa8   0x0800afa8   0x00000078   Code   RO         2622    x$fpl$deqf          fz_ws.l(deqf.o)
    0x0800b020   0x0800b020   0x00000154   Code   RO         2481    x$fpl$dmul          fz_ws.l(dmul.o)
    0x0800b174   0x0800b174   0x0000009c   Code   RO         2628    x$fpl$dnaninf       fz_ws.l(dnaninf.o)
    0x0800b210   0x0800b210   0x0000000c   Code   RO         2630    x$fpl$dretinf       fz_ws.l(dretinf.o)
    0x0800b21c   0x0800b21c   0x00000016   Code   RO         2456    x$fpl$drsb          fz_ws.l(daddsub_clz.o)
    0x0800b232   0x0800b232   0x00000002   PAD
    0x0800b234   0x0800b234   0x000001cc   Code   RO         2751    x$fpl$dsqrt         fz_ws.l(dsqrt_noumaal.o)
    0x0800b400   0x0800b400   0x000001dc   Code   RO         2457    x$fpl$dsub          fz_ws.l(daddsub_clz.o)
    0x0800b5dc   0x0800b5dc   0x00000056   Code   RO         2483    x$fpl$f2d           fz_ws.l(f2d.o)
    0x0800b632   0x0800b632   0x00000002   PAD
    0x0800b634   0x0800b634   0x000000c4   Code   RO         2485    x$fpl$fadd          fz_ws.l(faddsub_clz.o)
    0x0800b6f8   0x0800b6f8   0x00000054   Code   RO         2491    x$fpl$fcmp          fz_ws.l(fcmp.o)
    0x0800b74c   0x0800b74c   0x00000018   Code   RO         2755    x$fpl$fcmpinf       fz_ws.l(fcmpi.o)
    0x0800b764   0x0800b764   0x00000184   Code   RO         2494    x$fpl$fdiv          fz_ws.l(fdiv.o)
    0x0800b8e8   0x0800b8e8   0x00000068   Code   RO         2636    x$fpl$feqf          fz_ws.l(feqf.o)
    0x0800b950   0x0800b950   0x00000036   Code   RO         2497    x$fpl$ffix          fz_ws.l(ffix.o)
    0x0800b986   0x0800b986   0x00000002   PAD
    0x0800b988   0x0800b988   0x00000030   Code   RO         2502    x$fpl$fflt          fz_ws.l(fflt_clz.o)
    0x0800b9b8   0x0800b9b8   0x00000026   Code   RO         2501    x$fpl$ffltu         fz_ws.l(fflt_clz.o)
    0x0800b9de   0x0800b9de   0x00000002   PAD
    0x0800b9e0   0x0800b9e0   0x00000068   Code   RO         2638    x$fpl$fgeqf         fz_ws.l(fgeqf.o)
    0x0800ba48   0x0800ba48   0x00000068   Code   RO         2640    x$fpl$fleqf         fz_ws.l(fleqf.o)
    0x0800bab0   0x0800bab0   0x00000102   Code   RO         2507    x$fpl$fmul          fz_ws.l(fmul.o)
    0x0800bbb2   0x0800bbb2   0x0000008c   Code   RO         2642    x$fpl$fnaninf       fz_ws.l(fnaninf.o)
    0x0800bc3e   0x0800bc3e   0x0000000a   Code   RO         2644    x$fpl$fretinf       fz_ws.l(fretinf.o)
    0x0800bc48   0x0800bc48   0x000000ea   Code   RO         2487    x$fpl$fsub          fz_ws.l(faddsub_clz.o)
    0x0800bd32   0x0800bd32   0x00000004   Code   RO         2646    x$fpl$printf1       fz_ws.l(printf1.o)
    0x0800bd36   0x0800bd36   0x00000004   Code   RO         2648    x$fpl$printf2       fz_ws.l(printf2.o)
    0x0800bd3a   0x0800bd3a   0x00000064   Code   RO         2813    x$fpl$retnan        fz_ws.l(retnan.o)
    0x0800bd9e   0x0800bd9e   0x0000005c   Code   RO         2654    x$fpl$scalbn        fz_ws.l(scalbn.o)
    0x0800bdfa   0x0800bdfa   0x00000030   Code   RO         2869    x$fpl$trapveneer    fz_ws.l(trapv.o)
    0x0800be2a   0x0800be2a   0x00000000   Code   RO         2658    x$fpl$usenofp       fz_ws.l(usenofp.o)
    0x0800be2a   0x0800be2a   0x00000006   PAD
    0x0800be30   0x0800be30   0x00000050   Data   RO         2511    .constdata          m_ws.l(asin.o)
    0x0800be80   0x0800be80   0x00000008   Data   RO         2546    .constdata          c_w.l(_printf_wctomb.o)
    0x0800be88   0x0800be88   0x00000028   Data   RO         2575    .constdata          c_w.l(_printf_hex_int_ll_ptr.o)
    0x0800beb0   0x0800beb0   0x00000011   Data   RO         2595    .constdata          c_w.l(__printf_flags_ss_wp.o)
    0x0800bec1   0x0800bec1   0x00000007   PAD
    0x0800bec8   0x0800bec8   0x00000098   Data   RO         2661    .constdata          m_ws.l(atan.o)
    0x0800bf60   0x0800bf60   0x00000008   Data   RO         2698    .constdata          m_ws.l(qnan.o)
    0x0800bf68   0x0800bf68   0x00000026   Data   RO         2736    .constdata          c_w.l(_printf_fp_hex.o)
    0x0800bf8e   0x0800bf8e   0x00000002   PAD
    0x0800bf90   0x0800bf90   0x00000094   Data   RO         2774    .constdata          c_w.l(bigflt0.o)
    0x0800c024   0x0800c024   0x00000012   Data   RO         1184    .rodata..L__const.FlightTask.remote  freertos_demo.o
    0x0800c036   0x0800c036   0x00000004   Data   RO          673    .rodata.ADCPrescTable  stm32f10x_rcc.o
    0x0800c03a   0x0800c03a   0x00000010   Data   RO          672    .rodata.APBAHBPrescTable  stm32f10x_rcc.o
    0x0800c04a   0x0800c04a   0x00000002   PAD
    0x0800c04c   0x0800c04c   0x00000004   Data   RO         2337    .rodata.Gyro_G      mymath.o
    0x0800c050   0x0800c050   0x00000004   Data   RO         2338    .rodata.Gyro_Gr     mymath.o
    0x0800c054   0x0800c054   0x00000005   Data   RO         2241    .rodata.RX_ADDRESS  nrf24l01.o
    0x0800c059   0x0800c059   0x00000003   PAD
    0x0800c05c   0x0800c05c   0x00000004   Data   RO         2335    .rodata.RtA         mymath.o
    0x0800c060   0x0800c060   0x00000029   Data   RO         1160    .rodata.str1.1      main.o
    0x0800c089   0x0800c089   0x0000021d   Data   RO         1178    .rodata.str1.1      freertos_demo.o
    0x0800c2a6   0x0800c2a6   0x0000004d   Data   RO         1206    .rodata.str1.1      init.o
    0x0800c2f3   0x0800c2f3   0x00000005   Data   RO         1990    .rodata.str1.1      tasks.o
    0x0800c2f8   0x0800c2f8   0x0000007c   Data   RO         2410    .rodata.str1.1      modules_remote.o
    0x0800c374   0x0800c374   0x00000004   Data   RO         1977    .rodata.uxTopUsedPriority  tasks.o
    0x0800c378   0x0800c378   0x00000020   Data   RO         2957    Region$$Table       anon$$obj.o
    0x0800c398   0x0800c398   0x0000001c   Data   RO         2800    locale$$data        c_w.l(lc_numeric_c.o)
    0x0800c3b4   0x0800c3b4   0x00000110   Data   RO         2819    locale$$data        c_w.l(lc_ctype_c.o)


    Execution Region RW_IRAM1 (Exec base: 0x20000000, Load base: 0x0800c4c8, Size: 0x00003fd8, Max: 0x00005000, ABSOLUTE)

    Exec Addr    Load Addr    Size         Type   Attr      Idx    E Section Name        Object

    0x20000000   0x0800c4c8   0x00000004   Data   RW         2282    .data.GetAngle.KiDef  imu.o
    0x20000004   0x0800c4cc   0x00000004   Data   RW         2281    .data.GetAngle.KpDef  imu.o
    0x20000008   0x0800c4d0   0x00000010   Data   RW         2279    .data.NumQ          imu.o
    0x20000018   0x0800c4e0   0x00000018   Data   RW         2086    .data.flight_pid_objects  flight_control.o
    0x20000030   0x0800c4f8   0x00000004   Data   RW         1394    .data.s_baudrate    usart.o
    0x20000034   0x0800c4fc   0x00000001   Data   RW         1322    .data.s_breath_dir  led.o
    0x20000035   0x0800c4fd   0x00000003   PAD
    0x20000038   0x0800c500   0x0000003c   Data   RW         2164    .data.s_ekf         mpu6050.o
    0x20000074   0x0800c53c   0x00000001   Data   RW         1326    .data.s_last_output  led.o
    0x20000075   0x0800c53d   0x00000001   PAD
    0x20000076   0x0800c53e   0x00000004   Data   RW         1315    .data.s_led         led.o
    0x2000007a   0x0800c542   0x00000002   PAD
    0x2000007c   0x0800c544   0x00000004   Data   RW         2061    .data.uxCriticalNesting  port.o
    0x20000080        -       0x00000060   Zero   RW         2760    .bss                c_w.l(libspace.o)
    0x200000e0        -       0x00000014   Zero   RW         1645    .bss.ADC_Value      adc_dma.o
    0x200000f4        -       0x00000001   Zero   RW         1532    .bss.BlueSerial_RxFlag  blueserial.o
    0x200000f5        -       0x00000064   Zero   RW         1531    .bss.BlueSerial_RxPacket  blueserial.o
    0x20000159        -       0x00000064   Zero   RW         1536    .bss.BlueSerial_RxTempPacket  blueserial.o
    0x200001bd   0x0800c548   0x00000003   PAD
    0x200001c0        -       0x00000004   Zero   RW         1182    .bss.FlightTask_Handle  freertos_demo.o
    0x200001c4        -       0x0000000c   Zero   RW         2280    .bss.GyroIntegError  imu.o
    0x200001d0        -       0x00000004   Zero   RW         1183    .bss.LedTask_handler  freertos_demo.o
    0x200001d4        -       0x0000000c   Zero   RW         2160    .bss.MpuOffset      mpu6050.o
    0x200001e0        -       0x00000004   Zero   RW         2283    .bss.NormAcc        imu.o
    0x200001e4        -       0x00000004   Zero   RW         1180    .bss.RemoteTask_Handle  freertos_demo.o
    0x200001e8        -       0x00000004   Zero   RW         1181    .bss.SensorTask_Handle  freertos_demo.o
    0x200001ec        -       0x00000004   Zero   RW         1179    .bss.StartTask_Handler  freertos_demo.o
    0x200001f0        -       0x00000001   Zero   RW         1535    .bss.USART2_IRQHandler.p_rx_packet  blueserial.o
    0x200001f1        -       0x00000001   Zero   RW         1534    .bss.USART2_IRQHandler.rx_state  blueserial.o
    0x200001f2   0x0800c548   0x00000002   PAD
    0x200001f4        -       0x0000000c   Zero   RW         2112    .bss.arm_detector   arm_detector.o
    0x20000200        -       0x00000034   Zero   RW         1210    .bss.pidPitch       init.o
    0x20000234        -       0x00000034   Zero   RW         1207    .bss.pidRateX       init.o
    0x20000268        -       0x00000034   Zero   RW         1208    .bss.pidRateY       init.o
    0x2000029c        -       0x00000034   Zero   RW         1209    .bss.pidRateZ       init.o
    0x200002d0        -       0x00000034   Zero   RW         1211    .bss.pidRoll        init.o
    0x20000304        -       0x00000034   Zero   RW         1212    .bss.pidYaw         init.o
    0x20000338        -       0x00000004   Zero   RW         1976    .bss.pxCurrentTCB   tasks.o
    0x2000033c        -       0x00000004   Zero   RW         1994    .bss.pxDelayedTaskList  tasks.o
    0x20000340        -       0x00000004   Zero   RW         2025    .bss.pxEnd          heap_4.o
    0x20000344        -       0x00000004   Zero   RW         1995    .bss.pxOverflowDelayedTaskList  tasks.o
    0x20000348        -       0x00000064   Zero   RW         1978    .bss.pxReadyTasksLists  tasks.o
    0x200003ac        -       0x00000020   Zero   RW         2404    .bss.rx_datas       modules_remote.o
    0x200003cc        -       0x00000028   Zero   RW         1646    .bss.s_adc_frame    adc_dma.o
    0x200003f4        -       0x00000004   Zero   RW         1644    .bss.s_adc_task_handle  adc_dma.o
    0x200003f8        -       0x00000001   Zero   RW         1320    .bss.s_alt_phase    led.o
    0x200003f9   0x0800c548   0x00000003   PAD
    0x200003fc        -       0x0000000c   Zero   RW         2167    .bss.s_angle        mpu6050.o
    0x20000408        -       0x00000001   Zero   RW         1323    .bss.s_breath_level  led.o
    0x20000409        -       0x00000001   Zero   RW         2378    .bss.s_current_flight_state  modules_flight_status.o
    0x2000040a        -       0x00000001   Zero   RW         2239    .bss.s_current_mode  nrf24l01.o
    0x2000040b   0x0800c548   0x00000001   PAD
    0x2000040c        -       0x00000004   Zero   RW         1668    .bss.s_flash_mutex  flash.o
    0x20000410        -       0x0000000c   Zero   RW         2165    .bss.s_gyro_lpf     mpu6050.o
    0x2000041c        -       0x00000001   Zero   RW         1714    .bss.s_iic_inited   iic.o
    0x2000041d   0x0800c548   0x00000003   PAD
    0x20000420        -       0x00000004   Zero   RW         1713    .bss.s_iic_mutex    iic.o
    0x20000424        -       0x00000048   Zero   RW         1712    .bss.s_iic_mutex_buf  iic.o
    0x2000046c        -       0x00000001   Zero   RW         2083    .bss.s_inited       flight_control.o
    0x2000046d        -       0x00000001   Zero   RW         2238    .bss.s_initialized  nrf24l01.o
    0x2000046e        -       0x00000001   Zero   RW         2411    .bss.s_initialized  modules_remote.o
    0x2000046f   0x0800c548   0x00000001   PAD
    0x20000470        -       0x00000004   Zero   RW         1321    .bss.s_last_breath_tick  led.o
    0x20000474        -       0x00000004   Zero   RW         1319    .bss.s_last_flash_tick  led.o
    0x20000478        -       0x00000001   Zero   RW         2084    .bss.s_last_state   flight_control.o
    0x20000479        -       0x00000001   Zero   RW         1316    .bss.s_led_initialized  led.o
    0x2000047a        -       0x00000002   Zero   RW         2406    .bss.s_lost_count   modules_remote.o
    0x2000047c        -       0x00000001   Zero   RW         2162    .bss.s_mpu_inited   mpu6050.o
    0x2000047d   0x0800c548   0x00000003   PAD
    0x20000480        -       0x00000004   Zero   RW         2161    .bss.s_mpu_mutex    mpu6050.o
    0x20000484        -       0x00000048   Zero   RW         2163    .bss.s_mpu_mutex_buf  mpu6050.o
    0x200004cc        -       0x0000000c   Zero   RW         2166    .bss.s_mpu_raw      mpu6050.o
    0x200004d8        -       0x00000001   Zero   RW         1324    .bss.s_pwm_duty     led.o
    0x200004d9        -       0x00000001   Zero   RW         1325    .bss.s_pwm_phase    led.o
    0x200004da        -       0x00000001   Zero   RW         1647    .bss.s_ready_frame  adc_dma.o
    0x200004db   0x0800c548   0x00000001   PAD
    0x200004dc        -       0x00000012   Zero   RW         2405    .bss.s_remote_cache  modules_remote.o
    0x200004ee   0x0800c548   0x00000002   PAD
    0x200004f0        -       0x00000004   Zero   RW         2407    .bss.s_remote_queue  modules_remote.o
    0x200004f4        -       0x00000048   Zero   RW         2409    .bss.s_remote_queue_buffer  modules_remote.o
    0x2000053c        -       0x00000012   Zero   RW         2408    .bss.s_remote_queue_storage  modules_remote.o
    0x2000054e   0x0800c548   0x00000002   PAD
    0x20000550        -       0x00000004   Zero   RW         1404    .bss.s_rx_overflow_cnt  usart.o
    0x20000554        -       0x00000004   Zero   RW         1400    .bss.s_rx_queue     usart.o
    0x20000558        -       0x00000048   Zero   RW         1399    .bss.s_rx_queue_buf  usart.o
    0x200005a0        -       0x00000080   Zero   RW         1398    .bss.s_rx_queue_storage  usart.o
    0x20000620        -       0x00000001   Zero   RW         1746    .bss.s_spi_inited   spi.o
    0x20000621   0x0800c548   0x00000003   PAD
    0x20000624        -       0x00000004   Zero   RW         1744    .bss.s_spi_mutex    spi.o
    0x20000628        -       0x00000048   Zero   RW         1745    .bss.s_spi_mutex_buf  spi.o
    0x20000670        -       0x00000800   Zero   RW         1395    .bss.s_tx_buf       usart.o
    0x20000e70        -       0x00000001   Zero   RW         1406    .bss.s_tx_dma_busy  usart.o
    0x20000e71   0x0800c548   0x00000001   PAD
    0x20000e72        -       0x00000002   Zero   RW         1405    .bss.s_tx_dma_len   usart.o
    0x20000e74        -       0x00000004   Zero   RW         1403    .bss.s_tx_drop_cnt  usart.o
    0x20000e78        -       0x00000002   Zero   RW         1401    .bss.s_tx_head      usart.o
    0x20000e7a        -       0x00000002   Zero   RW         1402    .bss.s_tx_tail      usart.o
    0x20000e7c        -       0x00000001   Zero   RW         1393    .bss.s_usart_inited  usart.o
    0x20000e7d   0x0800c548   0x00000003   PAD
    0x20000e80        -       0x00000004   Zero   RW         1397    .bss.s_usart_mutex  usart.o
    0x20000e84        -       0x00000048   Zero   RW         1396    .bss.s_usart_mutex_buf  usart.o
    0x20000ecc        -       0x00000004   Zero   RW         2240    .bss.s_waitingTask  nrf24l01.o
    0x20000ed0        -       0x00000001   Zero   RW         1648    .bss.s_write_frame  adc_dma.o
    0x20000ed1   0x0800c548   0x00000003   PAD
    0x20000ed4        -       0x00000004   Zero   RW         2085    .bss.s_yaw_target   flight_control.o
    0x20000ed8        -       0x00002800   Zero   RW         2031    .bss.ucHeap         heap_4.o
    0x200036d8        -       0x00000004   Zero   RW         1983    .bss.uxCurrentNumberOfTasks  tasks.o
    0x200036dc        -       0x00000004   Zero   RW         1982    .bss.uxDeletedTasksWaitingCleanUp  tasks.o
    0x200036e0        -       0x00000004   Zero   RW         1987    .bss.uxSchedulerSuspended  tasks.o
    0x200036e4        -       0x00000004   Zero   RW         1980    .bss.uxTaskNumber   tasks.o
    0x200036e8        -       0x00000004   Zero   RW         1979    .bss.uxTopReadyPriority  tasks.o
    0x200036ec        -       0x00000014   Zero   RW         1997    .bss.xDelayedTaskList1  tasks.o
    0x20003700        -       0x00000014   Zero   RW         1998    .bss.xDelayedTaskList2  tasks.o
    0x20003714        -       0x00000004   Zero   RW         2026    .bss.xFreeBytesRemaining  heap_4.o
    0x20003718        -       0x00000004   Zero   RW         1991    .bss.xIdleTaskHandle  tasks.o
    0x2000371c        -       0x00000200   Zero   RW         1195    .bss.xIdleTaskStackBuffer  freertos_hooks.o
    0x2000391c        -       0x00000054   Zero   RW         1194    .bss.xIdleTaskTCBBuffer  freertos_hooks.o
    0x20003970        -       0x00000004   Zero   RW         2028    .bss.xMinimumEverFreeBytesRemaining  heap_4.o
    0x20003974        -       0x00000004   Zero   RW         1992    .bss.xNextTaskUnblockTime  tasks.o
    0x20003978        -       0x00000004   Zero   RW         1996    .bss.xNumOfOverflows  tasks.o
    0x2000397c        -       0x00000004   Zero   RW         2029    .bss.xNumberOfSuccessfulAllocations  heap_4.o
    0x20003980        -       0x00000004   Zero   RW         2030    .bss.xNumberOfSuccessfulFrees  heap_4.o
    0x20003984        -       0x00000004   Zero   RW         1993    .bss.xPendedTicks   tasks.o
    0x20003988        -       0x00000014   Zero   RW         1989    .bss.xPendingReadyList  tasks.o
    0x2000399c        -       0x00000004   Zero   RW         1984    .bss.xSchedulerRunning  tasks.o
    0x200039a0        -       0x00000008   Zero   RW         2027    .bss.xStart         heap_4.o
    0x200039a8        -       0x00000014   Zero   RW         1986    .bss.xSuspendedTaskList  tasks.o
    0x200039bc        -       0x00000014   Zero   RW         1981    .bss.xTasksWaitingTermination  tasks.o
    0x200039d0        -       0x00000004   Zero   RW         1985    .bss.xTickCount     tasks.o
    0x200039d4        -       0x00000004   Zero   RW         1988    .bss.xYieldPending  tasks.o
    0x200039d8        -       0x00000200   Zero   RW         1113    HEAP                startup_stm32f10x_md.o
    0x20003bd8        -       0x00000400   Zero   RW         1112    STACK               startup_stm32f10x_md.o


==============================================================================

Image component sizes


      Code (inc. data)   RO Data    RW Data    ZI Data      Debug   Object Name

       296          0          0          0         66       5867   adc_dma.o
        64          0          0          0         12       2864   arm_detector.o
       348          0          0          0        203       6240   blueserial.o
        70          0          0          0          0        783   bsp_irq.o
       418          0          0          0          0       3287   debug.o
       316          0          0          0          0       2760   delay.o
       346          0          0          0          4       2489   flash.o
      1032          0          0         24          6       3502   flight_control.o
      1152          0        559          0         20       4488   freertos_demo.o
        42          0          0          0        596       1545   freertos_hooks.o
       880          0          0          0      10268       4112   heap_4.o
      2218          0          0          0         77       5968   iic.o
      1614          0          0         24         16       2416   imu.o
       200          0         77          0        312       1397   init.o
       352          0          0          0          0       1597   kalman.o
      1488          8          0          6         13       5724   led.o
       296          0          0          0          0       2092   list.o
        58          0         41          0          0        702   main.o
       198          0          0          0          0       2832   misc.o
       662          0          0          0          0       2504   mixer.o
       304          0          0          0          0       1458   modules_flight_input.o
       344          6          0          0          1       2201   modules_flight_status.o
       982          0        124          0        147       4175   modules_remote.o
       314          0          0          0          0       2120   modules_safety.o
         8          0          0          0          0       1001   motor.o
      1608          6          0         60        125       6324   mpu6050.o
        94          0         12          0          0       3799   mymath.o
      1598          0          5          0          6       9181   nrf24l01.o
       282          0          0          0          0       1508   pid_1.o
       510         12          0          4          0       2525   port.o
       202          0          0          0          0       3361   pwm.o
      2368          0          0          0          0      12992   queue.o
       658          0          0          0         77       4643   spi.o
        64         26        236          0       1536        808   startup_stm32f10x_md.o
       770          0          0          0          0       3574   stm32f10x_dma.o
       330          0          0          0          0       2588   stm32f10x_exti.o
       724          0          0          0          0       5398   stm32f10x_gpio.o
        20          0          0          0          0        767   stm32f10x_it.o
       538          0         20          0          0       6717   stm32f10x_rcc.o
      2080          0          0          0          0      20030   stm32f10x_tim.o
       914          0          0          0          0       7190   stm32f10x_usart.o
       400          0          0          0          0       2668   system_stm32f10x.o
      5560          0          9          0        260      19831   tasks.o
       148          0          0          0          0       3404   timer.o
      1258          0          0          4       2344       9105   usart.o

    ----------------------------------------------------------------------
     34442         58       1120        128      16120     200537   Object Totals
         0          0         32          0          0          0   (incl. Generated)
       314          0          5          6         31          0   (incl. Padding)

    ----------------------------------------------------------------------

      Code (inc. data)   RO Data    RW Data    ZI Data      Debug   Library Member Name

         8          0          0          0          0         68   __main.o
       392          4         17          0          0         92   __printf_flags_ss_wp.o
        14          0          0          0          0         68   __printf_wp.o
         0          0          0          0          0          0   __rtentry.o
        12          0          0          0          0          0   __rtentry2.o
         6          0          0          0          0          0   __rtentry4.o
        52          8          0          0          0          0   __scatter.o
        26          0          0          0          0          0   __scatter_copy.o
        28          0          0          0          0          0   __scatter_zi.o
        72          0          0          0          0         96   _c16rtomb.o
         6          0          0          0          0          0   _printf_a.o
         6          0          0          0          0          0   _printf_c.o
        44          0          0          0          0        108   _printf_char.o
        48          6          0          0          0         96   _printf_char_common.o
        40          0          0          0          0         68   _printf_charcount.o
         6          0          0          0          0          0   _printf_d.o
       120         16          0          0          0         92   _printf_dec.o
         6          0          0          0          0          0   _printf_e.o
         6          0          0          0          0          0   _printf_f.o
      1052          0          0          0          0        148   _printf_fp_dec.o
       764          8         38          0          0        100   _printf_fp_hex.o
       128         16          0          0          0         84   _printf_fp_infnan.o
         6          0          0          0          0          0   _printf_g.o
       148          4         40          0          0        160   _printf_hex_int_ll_ptr.o
         6          0          0          0          0          0   _printf_i.o
       178          0          0          0          0         88   _printf_intcommon.o
        10          0          0          0          0          0   _printf_l.o
         6          0          0          0          0          0   _printf_lc.o
        10          0          0          0          0          0   _printf_ll.o
         6          0          0          0          0          0   _printf_lld.o
         6          0          0          0          0          0   _printf_lli.o
         6          0          0          0          0          0   _printf_llo.o
         6          0          0          0          0          0   _printf_llu.o
         6          0          0          0          0          0   _printf_llx.o
       124         16          0          0          0         92   _printf_longlong_dec.o
         6          0          0          0          0          0   _printf_ls.o
         6          0          0          0          0          0   _printf_n.o
         6          0          0          0          0          0   _printf_o.o
       112          8          0          0          0        124   _printf_oct_int_ll.o
         6          0          0          0          0          0   _printf_p.o
        78          0          0          0          0        108   _printf_pad.o
         0          0          0          0          0          0   _printf_percent.o
         4          0          0          0          0          0   _printf_percent_end.o
         6          0          0          0          0          0   _printf_s.o
        82          0          0          0          0         80   _printf_str.o
        36          0          0          0          0         84   _printf_truncate.o
         6          0          0          0          0          0   _printf_u.o
        44          0          0          0          0        108   _printf_wchar.o
       188          6          8          0          0         92   _printf_wctomb.o
         6          0          0          0          0          0   _printf_x.o
        22          0          0          0          0        100   _rserrno.o
        16          0          0          0          0         68   _snputc.o
       228          4        148          0          0         96   bigflt0.o
      1936        128          0          0          0        668   btod.o
        18          0          0          0          0         80   exit.o
         6          0          0          0          0        152   heapauxi.o
         0          0          0          0          0          0   indicate_semi.o
        44         10        272          0          0         76   lc_ctype_c.o
        44         10         28          0          0         76   lc_numeric_c.o
         2          0          0          0          0          0   libinit.o
        30          0          0          0          0          0   libinit2.o
         2          0          0          0          0          0   libshutdown.o
         2          0          0          0          0          0   libshutdown2.o
         8          4          0          0         96         68   libspace.o
       138          0          0          0          0         80   lludiv10.o
        16          4          0          0          0         76   rt_ctype_table.o
         8          4          0          0          0         68   rt_errno_addr_intlibspace.o
         8          4          0          0          0         68   rt_locale_intlibspace.o
        68          0          0          0          0         68   rt_memclr.o
        78          0          0          0          0         80   rt_memclr_w.o
       138          0          0          0          0         68   rt_memcpy_v6.o
       100          0          0          0          0         80   rt_memcpy_w.o
         2          0          0          0          0          0   rtexit.o
        10          0          0          0          0          0   rtexit2.o
       128          0          0          0          0         68   strcmpv7m.o
        62          0          0          0          0         76   strlen.o
        12          4          0          0          0         68   sys_exit.o
        74          0          0          0          0         80   sys_stackheap_outer.o
         2          0          0          0          0         68   use_no_semi.o
        60          4          0          0          0         80   vsnprintf.o
        98          4          0          0          0         92   d2f.o
       834         16          0          0          0        372   daddsub_clz.o
        16          4          0          0          0         68   dcheck1.o
        24          0          0          0          0         68   dcmpi.o
       692        140          0          0          0        216   ddiv.o
       120          4          0          0          0         92   deqf.o
       340         12          0          0          0        104   dmul.o
       156          4          0          0          0         92   dnaninf.o
        12          0          0          0          0         68   dretinf.o
       460         56          0          0          0        120   dsqrt_noumaal.o
        86          4          0          0          0         84   f2d.o
       430          8          0          0          0        168   faddsub_clz.o
        84          0          0          0          0        196   fcmp.o
        24          0          0          0          0         68   fcmpi.o
       388         76          0          0          0         96   fdiv.o
       104          4          0          0          0         84   feqf.o
        54          4          0          0          0         84   ffix.o
        86          0          0          0          0        136   fflt_clz.o
       104          4          0          0          0         84   fgeqf.o
       104          4          0          0          0         84   fleqf.o
       258          4          0          0          0         84   fmul.o
       140          4          0          0          0         84   fnaninf.o
        10          0          0          0          0         68   fretinf.o
         4          0          0          0          0         68   printf1.o
         4          0          0          0          0         68   printf2.o
       100          0          0          0          0         68   retnan.o
        92          0          0          0          0         68   scalbn.o
        48          0          0          0          0         68   trapv.o
         0          0          0          0          0          0   usenofp.o
       624         52         80          0          0        168   asin.o
       544         70        152          0          0        124   atan.o
       412         38          0          0          0        144   atan2.o
        38          6          0          0          0        272   dunder.o
        40          0          0          0          0         68   fpclassify.o
       170          0          0          0          0         96   poly.o
         0          0          8          0          0          0   qnan.o
        76          0          0          0          0         84   sqrt.o

    ----------------------------------------------------------------------
     14010        786        800          0         96       8276   Library Totals
        32          0          9          0          0          0   (incl. Padding)

    ----------------------------------------------------------------------

      Code (inc. data)   RO Data    RW Data    ZI Data      Debug   Library Name

      7202        268        551          0         96       4368   c_w.l
      4872        352          0          0          0       2952   fz_ws.l
      1904        166        240          0          0        956   m_ws.l

    ----------------------------------------------------------------------
     14010        786        800          0         96       8276   Library Totals

    ----------------------------------------------------------------------

==============================================================================


      Code (inc. data)   RO Data    RW Data    ZI Data      Debug   

     48452        844       1920        128      16216     203425   Grand Totals
     48452        844       1920        128      16216     203425   ELF Image Totals
     48452        844       1920        128          0          0   ROM Totals

==============================================================================

    Total RO  Size (Code + RO Data)                50372 (  49.19kB)
    Total RW  Size (RW Data + ZI Data)             16344 (  15.96kB)
    Total ROM Size (Code + RO Data + RW Data)      50500 (  49.32kB)

==============================================================================

